Java HotSpot(TM) 64-Bit Server VM (25.161-b12) for windows-amd64 JRE (1.8.0_161-b12), built on Dec 19 2017 17:52:25 by "java_re" with MS VC++ 10.0 (VS2010)
Memory: 4k page, physical 4077316k(1442536k free), swap 8152772k(4408624k free)
CommandLine flags: -XX:CMSInitiatingOccupancyFraction=50 -XX:CMSMaxAbortablePrecleanTime=6000 -XX:+CMSParallelRemarkEnabled -XX:+CMSScavengeBeforeRemark -XX:ConcGCThreads=4 -XX:GCLogFileSize=20971520 -XX:InitialHeapSize=536870912 -XX:MaxHeapSize=536870912 -XX:MaxTenuringThreshold=8 -XX:NewRatio=3 -XX:NumberOfGCLogFiles=9 -XX:OldPLABSize=16 -XX:-OmitStackTraceInFastThrow -XX:ParallelGCThreads=4 -XX:+ParallelRefProcEnabled -XX:PretenureSizeThreshold=67108864 -XX:+PrintGC -XX:+PrintGCApplicationStoppedTime -XX:+PrintGCDateStamps -XX:+PrintGCDetails -XX:+PrintGCTimeStamps -XX:+PrintHeapAtGC -XX:+PrintTenuringDistribution -XX:SurvivorRatio=4 -XX:TargetSurvivorRatio=90 -XX:ThreadStackSize=256 -XX:+UseCMSInitiatingOccupancyOnly -XX:+UseCompressedClassPointers -XX:+UseCompressedOops -XX:+UseConcMarkSweepGC -XX:+UseGCLogFileRotation -XX:-UseLargePagesIndividualAllocation -XX:+UseParNewGC 
2018-08-08T21:40:37.137+0800: 0.309: Total time for which application threads were stopped: 0.0001328 seconds, Stopping threads took: 0.0000228 seconds
2018-08-08T21:40:37.262+0800: 0.426: Total time for which application threads were stopped: 0.0001465 seconds, Stopping threads took: 0.0000245 seconds
2018-08-08T21:40:37.542+0800: 0.711: Total time for which application threads were stopped: 0.0001967 seconds, Stopping threads took: 0.0000285 seconds
2018-08-08T21:40:38.469+0800: 1.633: Total time for which application threads were stopped: 0.0002617 seconds, Stopping threads took: 0.0000234 seconds
2018-08-08T21:40:38.760+0800: 1.928: Total time for which application threads were stopped: 0.0001939 seconds, Stopping threads took: 0.0000182 seconds
2018-08-08T21:40:38.890+0800: 2.055: Total time for which application threads were stopped: 0.0002520 seconds, Stopping threads took: 0.0000234 seconds
2018-08-08T21:40:38.940+0800: 2.105: Total time for which application threads were stopped: 0.0002811 seconds, Stopping threads took: 0.0000325 seconds
2018-08-08T21:40:39.743+0800: 2.909: Total time for which application threads were stopped: 0.0002817 seconds, Stopping threads took: 0.0000348 seconds
2018-08-08T21:40:39.760+0800: 2.925: Total time for which application threads were stopped: 0.0002874 seconds, Stopping threads took: 0.0000251 seconds
2018-08-08T21:40:39.831+0800: 2.996: Total time for which application threads were stopped: 0.0002383 seconds, Stopping threads took: 0.0000245 seconds
2018-08-08T21:40:39.979+0800: 3.144: Total time for which application threads were stopped: 0.0002537 seconds, Stopping threads took: 0.0000200 seconds
{Heap before GC invocations=0 (full 0):
 par new generation   total 109248K, used 87424K [0x00000000e0000000, 0x00000000e8000000, 0x00000000e8000000)
  eden space 87424K, 100% used [0x00000000e0000000, 0x00000000e5560000, 0x00000000e5560000)
  from space 21824K,   0% used [0x00000000e5560000, 0x00000000e5560000, 0x00000000e6ab0000)
  to   space 21824K,   0% used [0x00000000e6ab0000, 0x00000000e6ab0000, 0x00000000e8000000)
 concurrent mark-sweep generation total 393216K, used 0K [0x00000000e8000000, 0x0000000100000000, 0x0000000100000000)
 Metaspace       used 17068K, capacity 17482K, committed 17792K, reserved 1064960K
  class space    used 1979K, capacity 2113K, committed 2176K, reserved 1048576K
2018-08-08T21:40:40.150+0800: 3.315: [GC (Allocation Failure) 2018-08-08T21:40:40.150+0800: 3.315: [ParNew
Desired survivor size 20112992 bytes, new threshold 8 (max 8)
- age   1:    9960704 bytes,    9960704 total
: 87424K->9825K(109248K), 0.0140552 secs] 87424K->9825K(502464K), 0.0142417 secs] [Times: user=0.03 sys=0.02, real=0.01 secs] 
Heap after GC invocations=1 (full 0):
 par new generation   total 109248K, used 9825K [0x00000000e0000000, 0x00000000e8000000, 0x00000000e8000000)
  eden space 87424K,   0% used [0x00000000e0000000, 0x00000000e0000000, 0x00000000e5560000)
  from space 21824K,  45% used [0x00000000e6ab0000, 0x00000000e7448448, 0x00000000e8000000)
  to   space 21824K,   0% used [0x00000000e5560000, 0x00000000e5560000, 0x00000000e6ab0000)
 concurrent mark-sweep generation total 393216K, used 0K [0x00000000e8000000, 0x0000000100000000, 0x0000000100000000)
 Metaspace       used 17068K, capacity 17482K, committed 17792K, reserved 1064960K
  class space    used 1979K, capacity 2113K, committed 2176K, reserved 1048576K
}
2018-08-08T21:40:40.164+0800: 3.330: Total time for which application threads were stopped: 0.0144789 seconds, Stopping threads took: 0.0000251 seconds
2018-08-08T21:40:40.223+0800: 3.388: Total time for which application threads were stopped: 0.0002497 seconds, Stopping threads took: 0.0000205 seconds
2018-08-08T21:40:40.224+0800: 3.390: Total time for which application threads were stopped: 0.0001534 seconds, Stopping threads took: 0.0000131 seconds
2018-08-08T21:40:40.228+0800: 3.394: Total time for which application threads were stopped: 0.0002509 seconds, Stopping threads took: 0.0000228 seconds
2018-08-08T21:40:40.660+0800: 3.825: Total time for which application threads were stopped: 0.0002931 seconds, Stopping threads took: 0.0000217 seconds
2018-08-08T21:40:41.105+0800: 4.269: Total time for which application threads were stopped: 0.0004425 seconds, Stopping threads took: 0.0000969 seconds
2018-08-08T21:40:41.124+0800: 4.289: Total time for which application threads were stopped: 0.0003107 seconds, Stopping threads took: 0.0000251 seconds
2018-08-08T21:40:41.132+0800: 4.297: Total time for which application threads were stopped: 0.0001203 seconds, Stopping threads took: 0.0000365 seconds
2018-08-08T21:40:41.248+0800: 4.426: Total time for which application threads were stopped: 0.0001135 seconds, Stopping threads took: 0.0000239 seconds
2018-08-08T21:40:41.279+0800: 4.456: Total time for which application threads were stopped: 0.0000889 seconds, Stopping threads took: 0.0000245 seconds
2018-08-08T21:40:41.343+0800: 4.511: Total time for which application threads were stopped: 0.0003364 seconds, Stopping threads took: 0.0002189 seconds
2018-08-08T21:40:41.365+0800: 4.530: Total time for which application threads were stopped: 0.0001961 seconds, Stopping threads took: 0.0000376 seconds
2018-08-08T21:40:41.378+0800: 4.542: Total time for which application threads were stopped: 0.0004658 seconds, Stopping threads took: 0.0000393 seconds
2018-08-08T21:40:41.426+0800: 4.600: Total time for which application threads were stopped: 0.0002418 seconds, Stopping threads took: 0.0000314 seconds
2018-08-08T21:40:41.426+0800: 4.602: Total time for which application threads were stopped: 0.0001368 seconds, Stopping threads took: 0.0000354 seconds
2018-08-08T21:40:41.426+0800: 4.602: Total time for which application threads were stopped: 0.0001123 seconds, Stopping threads took: 0.0000308 seconds
2018-08-08T21:40:41.426+0800: 4.602: Total time for which application threads were stopped: 0.0000878 seconds, Stopping threads took: 0.0000239 seconds
2018-08-08T21:40:41.426+0800: 4.602: Total time for which application threads were stopped: 0.0000855 seconds, Stopping threads took: 0.0000331 seconds
2018-08-08T21:40:41.426+0800: 4.602: Total time for which application threads were stopped: 0.0000787 seconds, Stopping threads took: 0.0000205 seconds
2018-08-08T21:40:41.426+0800: 4.602: Total time for which application threads were stopped: 0.0000650 seconds, Stopping threads took: 0.0000217 seconds
2018-08-08T21:40:41.426+0800: 4.602: Total time for which application threads were stopped: 0.0000958 seconds, Stopping threads took: 0.0000639 seconds
2018-08-08T21:40:41.460+0800: 4.635: Total time for which application threads were stopped: 0.0001346 seconds, Stopping threads took: 0.0000348 seconds
2018-08-08T21:40:41.460+0800: 4.636: Total time for which application threads were stopped: 0.0000730 seconds, Stopping threads took: 0.0000251 seconds
2018-08-08T21:40:41.460+0800: 4.636: Total time for which application threads were stopped: 0.0001317 seconds, Stopping threads took: 0.0000308 seconds
2018-08-08T21:40:41.460+0800: 4.636: Total time for which application threads were stopped: 0.0000753 seconds, Stopping threads took: 0.0000291 seconds
2018-08-08T21:40:41.460+0800: 4.636: Total time for which application threads were stopped: 0.0000787 seconds, Stopping threads took: 0.0000274 seconds
2018-08-08T21:40:41.460+0800: 4.636: Total time for which application threads were stopped: 0.0000547 seconds, Stopping threads took: 0.0000143 seconds
2018-08-08T21:40:41.460+0800: 4.637: Total time for which application threads were stopped: 0.0000804 seconds, Stopping threads took: 0.0000257 seconds
2018-08-08T21:40:41.460+0800: 4.637: Total time for which application threads were stopped: 0.0000684 seconds, Stopping threads took: 0.0000274 seconds
2018-08-08T21:40:41.460+0800: 4.637: Total time for which application threads were stopped: 0.0000667 seconds, Stopping threads took: 0.0000239 seconds
2018-08-08T21:40:41.460+0800: 4.637: Total time for which application threads were stopped: 0.0000673 seconds, Stopping threads took: 0.0000148 seconds
2018-08-08T21:40:41.460+0800: 4.637: Total time for which application threads were stopped: 0.0000872 seconds, Stopping threads took: 0.0000251 seconds
2018-08-08T21:40:41.460+0800: 4.637: Total time for which application threads were stopped: 0.0000832 seconds, Stopping threads took: 0.0000234 seconds
2018-08-08T21:40:41.460+0800: 4.637: Total time for which application threads were stopped: 0.0000701 seconds, Stopping threads took: 0.0000268 seconds
2018-08-08T21:40:41.460+0800: 4.637: Total time for which application threads were stopped: 0.0000753 seconds, Stopping threads took: 0.0000251 seconds
2018-08-08T21:40:41.460+0800: 4.637: Total time for which application threads were stopped: 0.0000621 seconds, Stopping threads took: 0.0000239 seconds
2018-08-08T21:40:41.460+0800: 4.638: Total time for which application threads were stopped: 0.0000650 seconds, Stopping threads took: 0.0000245 seconds
2018-08-08T21:40:41.460+0800: 4.638: Total time for which application threads were stopped: 0.0000696 seconds, Stopping threads took: 0.0000228 seconds
2018-08-08T21:40:41.460+0800: 4.638: Total time for which application threads were stopped: 0.0000570 seconds, Stopping threads took: 0.0000148 seconds
2018-08-08T21:40:41.460+0800: 4.638: Total time for which application threads were stopped: 0.0000593 seconds, Stopping threads took: 0.0000188 seconds
2018-08-08T21:40:41.460+0800: 4.638: Total time for which application threads were stopped: 0.0000975 seconds, Stopping threads took: 0.0000285 seconds
2018-08-08T21:40:41.460+0800: 4.638: Total time for which application threads were stopped: 0.0000679 seconds, Stopping threads took: 0.0000262 seconds
2018-08-08T21:40:41.460+0800: 4.638: Total time for which application threads were stopped: 0.0000713 seconds, Stopping threads took: 0.0000262 seconds
2018-08-08T21:40:41.460+0800: 4.639: Total time for which application threads were stopped: 0.0000958 seconds, Stopping threads took: 0.0000376 seconds
2018-08-08T21:40:41.460+0800: 4.639: Total time for which application threads were stopped: 0.0001118 seconds, Stopping threads took: 0.0000371 seconds
2018-08-08T21:40:41.460+0800: 4.639: Total time for which application threads were stopped: 0.0000872 seconds, Stopping threads took: 0.0000165 seconds
2018-08-08T21:40:41.460+0800: 4.639: Total time for which application threads were stopped: 0.0000701 seconds, Stopping threads took: 0.0000257 seconds
2018-08-08T21:40:41.460+0800: 4.639: Total time for which application threads were stopped: 0.0000952 seconds, Stopping threads took: 0.0000371 seconds
2018-08-08T21:40:41.475+0800: 4.640: Total time for which application threads were stopped: 0.0001671 seconds, Stopping threads took: 0.0000234 seconds
2018-08-08T21:40:41.475+0800: 4.640: Total time for which application threads were stopped: 0.0001095 seconds, Stopping threads took: 0.0000205 seconds
2018-08-08T21:40:41.475+0800: 4.641: Total time for which application threads were stopped: 0.0001169 seconds, Stopping threads took: 0.0000262 seconds
2018-08-08T21:40:41.475+0800: 4.641: Total time for which application threads were stopped: 0.0001186 seconds, Stopping threads took: 0.0000268 seconds
2018-08-08T21:40:41.491+0800: 4.657: Total time for which application threads were stopped: 0.0001260 seconds, Stopping threads took: 0.0000319 seconds
2018-08-08T21:40:41.491+0800: 4.668: Total time for which application threads were stopped: 0.0002338 seconds, Stopping threads took: 0.0000667 seconds
2018-08-08T21:40:41.506+0800: 4.680: Total time for which application threads were stopped: 0.0001887 seconds, Stopping threads took: 0.0000496 seconds
2018-08-08T21:40:41.522+0800: 4.688: Total time for which application threads were stopped: 0.0001579 seconds, Stopping threads took: 0.0000439 seconds
2018-08-08T21:40:41.522+0800: 4.696: Total time for which application threads were stopped: 0.0001927 seconds, Stopping threads took: 0.0000302 seconds
2018-08-08T21:40:41.522+0800: 4.697: Total time for which application threads were stopped: 0.0003016 seconds, Stopping threads took: 0.0000354 seconds
2018-08-08T21:40:41.522+0800: 4.697: Total time for which application threads were stopped: 0.0001505 seconds, Stopping threads took: 0.0000445 seconds
2018-08-08T21:40:41.522+0800: 4.698: Total time for which application threads were stopped: 0.0001311 seconds, Stopping threads took: 0.0000222 seconds
2018-08-08T21:40:41.522+0800: 4.698: Total time for which application threads were stopped: 0.0001425 seconds, Stopping threads took: 0.0000314 seconds
2018-08-08T21:40:41.522+0800: 4.701: Total time for which application threads were stopped: 0.0001112 seconds, Stopping threads took: 0.0000268 seconds
2018-08-08T21:40:41.538+0800: 4.705: Total time for which application threads were stopped: 0.0001180 seconds, Stopping threads took: 0.0000274 seconds
2018-08-08T21:40:41.584+0800: 4.752: Total time for which application threads were stopped: 0.0001323 seconds, Stopping threads took: 0.0000279 seconds
2018-08-08T21:40:41.584+0800: 4.754: Total time for which application threads were stopped: 0.0001374 seconds, Stopping threads took: 0.0000348 seconds
2018-08-08T21:40:41.584+0800: 4.754: Total time for which application threads were stopped: 0.0001146 seconds, Stopping threads took: 0.0000257 seconds
2018-08-08T21:40:41.584+0800: 4.754: Total time for which application threads were stopped: 0.0000958 seconds, Stopping threads took: 0.0000171 seconds
2018-08-08T21:40:41.584+0800: 4.754: Total time for which application threads were stopped: 0.0000707 seconds, Stopping threads took: 0.0000143 seconds
2018-08-08T21:40:41.584+0800: 4.754: Total time for which application threads were stopped: 0.0000941 seconds, Stopping threads took: 0.0000171 seconds
2018-08-08T21:40:41.584+0800: 4.755: Total time for which application threads were stopped: 0.0001813 seconds, Stopping threads took: 0.0000907 seconds
2018-08-08T21:40:41.584+0800: 4.755: Total time for which application threads were stopped: 0.0000730 seconds, Stopping threads took: 0.0000148 seconds
2018-08-08T21:40:41.584+0800: 4.756: Total time for which application threads were stopped: 0.0001386 seconds, Stopping threads took: 0.0000736 seconds
2018-08-08T21:40:41.584+0800: 4.756: Total time for which application threads were stopped: 0.0001003 seconds, Stopping threads took: 0.0000359 seconds
2018-08-08T21:40:41.584+0800: 4.756: Total time for which application threads were stopped: 0.0000935 seconds, Stopping threads took: 0.0000234 seconds
2018-08-08T21:40:41.584+0800: 4.763: Total time for which application threads were stopped: 0.0001414 seconds, Stopping threads took: 0.0000468 seconds
2018-08-08T21:40:41.584+0800: 4.764: Total time for which application threads were stopped: 0.0001118 seconds, Stopping threads took: 0.0000291 seconds
2018-08-08T21:40:41.584+0800: 4.764: Total time for which application threads were stopped: 0.0001157 seconds, Stopping threads took: 0.0000182 seconds
2018-08-08T21:40:41.600+0800: 4.765: Total time for which application threads were stopped: 0.0002640 seconds, Stopping threads took: 0.0000222 seconds
2018-08-08T21:40:41.600+0800: 4.767: Total time for which application threads were stopped: 0.0001118 seconds, Stopping threads took: 0.0000251 seconds
2018-08-08T21:40:41.600+0800: 4.767: Total time for which application threads were stopped: 0.0001106 seconds, Stopping threads took: 0.0000188 seconds
2018-08-08T21:40:41.600+0800: 4.767: Total time for which application threads were stopped: 0.0000912 seconds, Stopping threads took: 0.0000234 seconds
2018-08-08T21:40:41.600+0800: 4.767: Total time for which application threads were stopped: 0.0001055 seconds, Stopping threads took: 0.0000171 seconds
2018-08-08T21:40:41.600+0800: 4.768: Total time for which application threads were stopped: 0.0001608 seconds, Stopping threads took: 0.0001015 seconds
2018-08-08T21:40:41.600+0800: 4.768: Total time for which application threads were stopped: 0.0000770 seconds, Stopping threads took: 0.0000160 seconds
2018-08-08T21:40:41.600+0800: 4.768: Total time for which application threads were stopped: 0.0000878 seconds, Stopping threads took: 0.0000165 seconds
2018-08-08T21:40:41.600+0800: 4.768: Total time for which application threads were stopped: 0.0000912 seconds, Stopping threads took: 0.0000154 seconds
2018-08-08T21:40:41.600+0800: 4.768: Total time for which application threads were stopped: 0.0000775 seconds, Stopping threads took: 0.0000160 seconds
2018-08-08T21:40:41.600+0800: 4.768: Total time for which application threads were stopped: 0.0001602 seconds, Stopping threads took: 0.0000958 seconds
2018-08-08T21:40:41.600+0800: 4.769: Total time for which application threads were stopped: 0.0000679 seconds, Stopping threads took: 0.0000251 seconds
2018-08-08T21:40:41.600+0800: 4.769: Total time for which application threads were stopped: 0.0000718 seconds, Stopping threads took: 0.0000137 seconds
2018-08-08T21:40:41.647+0800: 4.821: Total time for which application threads were stopped: 0.0001300 seconds, Stopping threads took: 0.0000382 seconds
2018-08-08T21:40:41.647+0800: 4.823: Total time for which application threads were stopped: 0.0001254 seconds, Stopping threads took: 0.0000291 seconds
2018-08-08T21:40:41.647+0800: 4.823: Total time for which application threads were stopped: 0.0000684 seconds, Stopping threads took: 0.0000143 seconds
2018-08-08T21:40:41.662+0800: 4.830: Total time for which application threads were stopped: 0.0001825 seconds, Stopping threads took: 0.0000661 seconds
2018-08-08T21:40:41.662+0800: 4.830: Total time for which application threads were stopped: 0.0001271 seconds, Stopping threads took: 0.0000336 seconds
2018-08-08T21:40:41.662+0800: 4.837: Total time for which application threads were stopped: 0.0001859 seconds, Stopping threads took: 0.0000371 seconds
2018-08-08T21:40:41.662+0800: 4.837: Total time for which application threads were stopped: 0.0001003 seconds, Stopping threads took: 0.0000200 seconds
2018-08-08T21:40:41.662+0800: 4.838: Total time for which application threads were stopped: 0.0002583 seconds, Stopping threads took: 0.0000177 seconds
2018-08-08T21:40:41.662+0800: 4.838: Total time for which application threads were stopped: 0.0003586 seconds, Stopping threads took: 0.0002594 seconds
2018-08-08T21:40:41.662+0800: 4.839: Total time for which application threads were stopped: 0.0009117 seconds, Stopping threads took: 0.0008022 seconds
2018-08-08T21:40:41.662+0800: 4.840: Total time for which application threads were stopped: 0.0008074 seconds, Stopping threads took: 0.0007013 seconds
2018-08-08T21:40:41.662+0800: 4.841: Total time for which application threads were stopped: 0.0009436 seconds, Stopping threads took: 0.0008416 seconds
2018-08-08T21:40:41.662+0800: 4.841: Total time for which application threads were stopped: 0.0002184 seconds, Stopping threads took: 0.0001431 seconds
2018-08-08T21:40:41.678+0800: 4.856: Total time for which application threads were stopped: 0.0009870 seconds, Stopping threads took: 0.0007629 seconds
2018-08-08T21:40:41.678+0800: 4.856: Total time for which application threads were stopped: 0.0001294 seconds, Stopping threads took: 0.0000411 seconds
2018-08-08T21:40:41.678+0800: 4.856: Total time for which application threads were stopped: 0.0000986 seconds, Stopping threads took: 0.0000200 seconds
2018-08-08T21:40:41.678+0800: 4.857: Total time for which application threads were stopped: 0.0000855 seconds, Stopping threads took: 0.0000171 seconds
2018-08-08T21:40:41.678+0800: 4.858: Total time for which application threads were stopped: 0.0006101 seconds, Stopping threads took: 0.0005171 seconds
2018-08-08T21:40:41.694+0800: 4.859: Total time for which application threads were stopped: 0.0011244 seconds, Stopping threads took: 0.0010160 seconds
2018-08-08T21:40:41.694+0800: 4.860: Total time for which application threads were stopped: 0.0001574 seconds, Stopping threads took: 0.0000450 seconds
2018-08-08T21:40:41.694+0800: 4.862: Total time for which application threads were stopped: 0.0001488 seconds, Stopping threads took: 0.0000376 seconds
2018-08-08T21:40:41.694+0800: 4.863: Total time for which application threads were stopped: 0.0001488 seconds, Stopping threads took: 0.0000388 seconds
2018-08-08T21:40:41.694+0800: 4.864: Total time for which application threads were stopped: 0.0001129 seconds, Stopping threads took: 0.0000194 seconds
2018-08-08T21:40:41.694+0800: 4.869: Total time for which application threads were stopped: 0.0003153 seconds, Stopping threads took: 0.0000416 seconds
2018-08-08T21:40:41.709+0800: 4.876: Total time for which application threads were stopped: 0.0011466 seconds, Stopping threads took: 0.0010246 seconds
2018-08-08T21:40:41.709+0800: 4.877: Total time for which application threads were stopped: 0.0001614 seconds, Stopping threads took: 0.0000376 seconds
2018-08-08T21:40:41.725+0800: 4.890: Total time for which application threads were stopped: 0.0014807 seconds, Stopping threads took: 0.0013502 seconds
2018-08-08T21:40:41.756+0800: 4.921: Total time for which application threads were stopped: 0.0002315 seconds, Stopping threads took: 0.0000336 seconds
{Heap before GC invocations=1 (full 0):
 par new generation   total 109248K, used 97249K [0x00000000e0000000, 0x00000000e8000000, 0x00000000e8000000)
  eden space 87424K, 100% used [0x00000000e0000000, 0x00000000e5560000, 0x00000000e5560000)
  from space 21824K,  45% used [0x00000000e6ab0000, 0x00000000e7448448, 0x00000000e8000000)
  to   space 21824K,   0% used [0x00000000e5560000, 0x00000000e5560000, 0x00000000e6ab0000)
 concurrent mark-sweep generation total 393216K, used 0K [0x00000000e8000000, 0x0000000100000000, 0x0000000100000000)
 Metaspace       used 23232K, capacity 23868K, committed 24208K, reserved 1071104K
  class space    used 2777K, capacity 2980K, committed 3044K, reserved 1048576K
2018-08-08T21:40:41.756+0800: 4.928: [GC (Allocation Failure) 2018-08-08T21:40:41.756+0800: 4.928: [ParNew
Desired survivor size 20112992 bytes, new threshold 8 (max 8)
- age   1:    8652912 bytes,    8652912 total
- age   2:    4893832 bytes,   13546744 total
: 97249K->15967K(109248K), 0.0165919 secs] 97249K->15967K(502464K), 0.0167088 secs] [Times: user=0.06 sys=0.00, real=0.02 secs] 
Heap after GC invocations=2 (full 0):
 par new generation   total 109248K, used 15967K [0x00000000e0000000, 0x00000000e8000000, 0x00000000e8000000)
  eden space 87424K,   0% used [0x00000000e0000000, 0x00000000e0000000, 0x00000000e5560000)
  from space 21824K,  73% used [0x00000000e5560000, 0x00000000e64f7c68, 0x00000000e6ab0000)
  to   space 21824K,   0% used [0x00000000e6ab0000, 0x00000000e6ab0000, 0x00000000e8000000)
 concurrent mark-sweep generation total 393216K, used 0K [0x00000000e8000000, 0x0000000100000000, 0x0000000100000000)
 Metaspace       used 23232K, capacity 23868K, committed 24208K, reserved 1071104K
  class space    used 2777K, capacity 2980K, committed 3044K, reserved 1048576K
}
2018-08-08T21:40:41.772+0800: 4.945: Total time for which application threads were stopped: 0.0176142 seconds, Stopping threads took: 0.0006243 seconds
2018-08-08T21:40:41.803+0800: 4.969: [GC (CMS Initial Mark) [1 CMS-initial-mark: 0K(393216K)] 20541K(502464K), 0.0036599 secs] [Times: user=0.00 sys=0.00, real=0.00 secs] 
2018-08-08T21:40:41.803+0800: 4.973: Total time for which application threads were stopped: 0.0053413 seconds, Stopping threads took: 0.0014437 seconds
2018-08-08T21:40:41.803+0800: 4.973: [CMS-concurrent-mark-start]
2018-08-08T21:40:41.803+0800: 4.973: [CMS-concurrent-mark: 0.000/0.000 secs] [Times: user=0.00 sys=0.00, real=0.00 secs] 
2018-08-08T21:40:41.803+0800: 4.973: [CMS-concurrent-preclean-start]
2018-08-08T21:40:41.803+0800: 4.975: [CMS-concurrent-preclean: 0.002/0.002 secs] [Times: user=0.00 sys=0.00, real=0.00 secs] 
2018-08-08T21:40:41.803+0800: 4.975: Total time for which application threads were stopped: 0.0001431 seconds, Stopping threads took: 0.0000336 seconds
2018-08-08T21:40:41.803+0800: 4.975: [CMS-concurrent-abortable-preclean-start]
2018-08-08T21:40:42.049+0800: 5.219: Total time for which application threads were stopped: 0.0001944 seconds, Stopping threads took: 0.0000496 seconds
2018-08-08T21:40:42.080+0800: 5.260: Total time for which application threads were stopped: 0.0011386 seconds, Stopping threads took: 0.0006192 seconds
2018-08-08T21:40:42.138+0800: 5.302: Total time for which application threads were stopped: 0.0016147 seconds, Stopping threads took: 0.0010919 seconds
2018-08-08T21:40:42.186+0800: 5.351: Total time for which application threads were stopped: 0.0001864 seconds, Stopping threads took: 0.0000559 seconds
2018-08-08T21:40:42.186+0800: 5.351: [CMS-concurrent-abortable-preclean: 0.212/0.376 secs] [Times: user=1.15 sys=0.28, real=0.38 secs] 
2018-08-08T21:40:42.214+0800: 5.381: [GC (CMS Final Remark) [YG occupancy: 87849 K (109248 K)]{Heap before GC invocations=2 (full 1):
 par new generation   total 109248K, used 87849K [0x00000000e0000000, 0x00000000e8000000, 0x00000000e8000000)
  eden space 87424K,  82% used [0x00000000e0000000, 0x00000000e4632810, 0x00000000e5560000)
  from space 21824K,  73% used [0x00000000e5560000, 0x00000000e64f7c68, 0x00000000e6ab0000)
  to   space 21824K,   0% used [0x00000000e6ab0000, 0x00000000e6ab0000, 0x00000000e8000000)
 concurrent mark-sweep generation total 393216K, used 0K [0x00000000e8000000, 0x0000000100000000, 0x0000000100000000)
 Metaspace       used 23956K, capacity 24576K, committed 24872K, reserved 1071104K
  class space    used 2840K, capacity 3046K, committed 3120K, reserved 1048576K
2018-08-08T21:40:42.214+0800: 5.381: [GC (CMS Final Remark) 2018-08-08T21:40:42.214+0800: 5.381: [ParNew
Desired survivor size 20112992 bytes, new threshold 8 (max 8)
- age   1:    1207928 bytes,    1207928 total
- age   2:    4092808 bytes,    5300736 total
- age   3:    4892520 bytes,   10193256 total
: 87849K->14216K(109248K), 0.0118224 secs] 87849K->14216K(502464K), 0.0118943 secs] [Times: user=0.00 sys=0.00, real=0.00 secs] 
Heap after GC invocations=3 (full 1):
 par new generation   total 109248K, used 14216K [0x00000000e0000000, 0x00000000e8000000, 0x00000000e8000000)
  eden space 87424K,   0% used [0x00000000e0000000, 0x00000000e0000000, 0x00000000e5560000)
  from space 21824K,  65% used [0x00000000e6ab0000, 0x00000000e7892380, 0x00000000e8000000)
  to   space 21824K,   0% used [0x00000000e5560000, 0x00000000e5560000, 0x00000000e6ab0000)
 concurrent mark-sweep generation total 393216K, used 0K [0x00000000e8000000, 0x0000000100000000, 0x0000000100000000)
 Metaspace       used 23956K, capacity 24576K, committed 24872K, reserved 1071104K
  class space    used 2840K, capacity 3046K, committed 3120K, reserved 1048576K
}
2018-08-08T21:40:42.214+0800: 5.393: [Rescan (parallel) , 0.0056920 secs]2018-08-08T21:40:42.229+0800: 5.399: [weak refs processing, 0.0009978 secs]2018-08-08T21:40:42.229+0800: 5.400: [class unloading, 0.0057946 secs]2018-08-08T21:40:42.229+0800: 5.405: [scrub symbol table, 0.0076973 secs]2018-08-08T21:40:42.246+0800: 5.413: [scrub string table, 0.0006500 secs][1 CMS-remark: 0K(393216K)] 14216K(502464K), 0.0340203 secs] [Times: user=0.09 sys=0.02, real=0.03 secs] 
2018-08-08T21:40:42.246+0800: 5.415: Total time for which application threads were stopped: 0.0368968 seconds, Stopping threads took: 0.0027043 seconds
2018-08-08T21:40:42.246+0800: 5.415: [CMS-concurrent-sweep-start]
2018-08-08T21:40:42.246+0800: 5.415: [CMS-concurrent-sweep: 0.000/0.000 secs] [Times: user=0.00 sys=0.00, real=0.00 secs] 
2018-08-08T21:40:42.246+0800: 5.415: [CMS-concurrent-reset-start]
2018-08-08T21:40:42.246+0800: 5.417: [CMS-concurrent-reset: 0.002/0.002 secs] [Times: user=0.00 sys=0.00, real=0.00 secs] 
2018-08-08T21:40:42.246+0800: 5.421: Total time for which application threads were stopped: 0.0001551 seconds, Stopping threads took: 0.0000530 seconds
2018-08-08T21:40:42.261+0800: 5.428: Total time for which application threads were stopped: 0.0001648 seconds, Stopping threads took: 0.0000445 seconds
2018-08-08T21:40:42.261+0800: 5.430: Total time for which application threads were stopped: 0.0001961 seconds, Stopping threads took: 0.0001003 seconds
2018-08-08T21:40:42.261+0800: 5.434: Total time for which application threads were stopped: 0.0001545 seconds, Stopping threads took: 0.0000456 seconds
2018-08-08T21:40:42.277+0800: 5.457: Total time for which application threads were stopped: 0.0010297 seconds, Stopping threads took: 0.0008655 seconds
2018-08-08T21:40:42.293+0800: 5.457: Total time for which application threads were stopped: 0.0000889 seconds, Stopping threads took: 0.0000182 seconds
2018-08-08T21:40:42.406+0800: 5.571: Total time for which application threads were stopped: 0.0002822 seconds, Stopping threads took: 0.0000456 seconds
{Heap before GC invocations=3 (full 1):
 par new generation   total 109248K, used 101640K [0x00000000e0000000, 0x00000000e8000000, 0x00000000e8000000)
  eden space 87424K, 100% used [0x00000000e0000000, 0x00000000e5560000, 0x00000000e5560000)
  from space 21824K,  65% used [0x00000000e6ab0000, 0x00000000e7892380, 0x00000000e8000000)
  to   space 21824K,   0% used [0x00000000e5560000, 0x00000000e5560000, 0x00000000e6ab0000)
 concurrent mark-sweep generation total 393216K, used 0K [0x00000000e8000000, 0x0000000100000000, 0x0000000100000000)
 Metaspace       used 24713K, capacity 25418K, committed 25768K, reserved 1071104K
  class space    used 2930K, capacity 3155K, committed 3248K, reserved 1048576K
2018-08-08T21:40:42.660+0800: 5.826: [GC (Allocation Failure) 2018-08-08T21:40:42.660+0800: 5.826: [ParNew
Desired survivor size 20112992 bytes, new threshold 8 (max 8)
- age   1:    2874656 bytes,    2874656 total
- age   2:     351800 bytes,    3226456 total
- age   3:    4076512 bytes,    7302968 total
- age   4:    4892416 bytes,   12195384 total
: 101640K->14796K(109248K), 0.0139828 secs] 101640K->14796K(502464K), 0.0140883 secs] [Times: user=0.06 sys=0.00, real=0.01 secs] 
Heap after GC invocations=4 (full 1):
 par new generation   total 109248K, used 14796K [0x00000000e0000000, 0x00000000e8000000, 0x00000000e8000000)
  eden space 87424K,   0% used [0x00000000e0000000, 0x00000000e0000000, 0x00000000e5560000)
  from space 21824K,  67% used [0x00000000e5560000, 0x00000000e63d3240, 0x00000000e6ab0000)
  to   space 21824K,   0% used [0x00000000e6ab0000, 0x00000000e6ab0000, 0x00000000e8000000)
 concurrent mark-sweep generation total 393216K, used 0K [0x00000000e8000000, 0x0000000100000000, 0x0000000100000000)
 Metaspace       used 24713K, capacity 25418K, committed 25768K, reserved 1071104K
  class space    used 2930K, capacity 3155K, committed 3248K, reserved 1048576K
}
2018-08-08T21:40:42.675+0800: 5.840: Total time for which application threads were stopped: 0.0144469 seconds, Stopping threads took: 0.0000547 seconds
2018-08-08T21:40:42.698+0800: 5.863: Total time for which application threads were stopped: 0.0007235 seconds, Stopping threads took: 0.0005839 seconds
2018-08-08T21:40:42.698+0800: 5.863: Total time for which application threads were stopped: 0.0000964 seconds, Stopping threads took: 0.0000188 seconds
2018-08-08T21:40:42.729+0800: 5.902: Total time for which application threads were stopped: 0.0001836 seconds, Stopping threads took: 0.0000621 seconds
2018-08-08T21:40:42.745+0800: 5.914: Total time for which application threads were stopped: 0.0001277 seconds, Stopping threads took: 0.0000234 seconds
2018-08-08T21:40:42.745+0800: 5.918: Total time for which application threads were stopped: 0.0001876 seconds, Stopping threads took: 0.0000382 seconds
2018-08-08T21:40:42.760+0800: 5.933: Total time for which application threads were stopped: 0.0001118 seconds, Stopping threads took: 0.0000285 seconds
{Heap before GC invocations=4 (full 1):
 par new generation   total 109248K, used 102220K [0x00000000e0000000, 0x00000000e8000000, 0x00000000e8000000)
  eden space 87424K, 100% used [0x00000000e0000000, 0x00000000e5560000, 0x00000000e5560000)
  from space 21824K,  67% used [0x00000000e5560000, 0x00000000e63d3240, 0x00000000e6ab0000)
  to   space 21824K,   0% used [0x00000000e6ab0000, 0x00000000e6ab0000, 0x00000000e8000000)
 concurrent mark-sweep generation total 393216K, used 0K [0x00000000e8000000, 0x0000000100000000, 0x0000000100000000)
 Metaspace       used 25359K, capacity 26018K, committed 26280K, reserved 1073152K
  class space    used 3018K, capacity 3223K, committed 3248K, reserved 1048576K
2018-08-08T21:40:42.885+0800: 6.051: [GC (Allocation Failure) 2018-08-08T21:40:42.885+0800: 6.052: [ParNew
Desired survivor size 20112992 bytes, new threshold 8 (max 8)
- age   1:    1323848 bytes,    1323848 total
- age   2:    1652952 bytes,    2976800 total
- age   3:     341000 bytes,    3317800 total
- age   4:    4057632 bytes,    7375432 total
- age   5:    4889960 bytes,   12265392 total
: 102220K->21152K(109248K), 0.0155531 secs] 102220K->21152K(502464K), 0.0157258 secs] [Times: user=0.03 sys=0.01, real=0.02 secs] 
Heap after GC invocations=5 (full 1):
 par new generation   total 109248K, used 21152K [0x00000000e0000000, 0x00000000e8000000, 0x00000000e8000000)
  eden space 87424K,   0% used [0x00000000e0000000, 0x00000000e0000000, 0x00000000e5560000)
  from space 21824K,  96% used [0x00000000e6ab0000, 0x00000000e7f58200, 0x00000000e8000000)
  to   space 21824K,   0% used [0x00000000e5560000, 0x00000000e5560000, 0x00000000e6ab0000)
 concurrent mark-sweep generation total 393216K, used 0K [0x00000000e8000000, 0x0000000100000000, 0x0000000100000000)
 Metaspace       used 25359K, capacity 26018K, committed 26280K, reserved 1073152K
  class space    used 3018K, capacity 3223K, committed 3248K, reserved 1048576K
}
2018-08-08T21:40:42.901+0800: 6.067: Total time for which application threads were stopped: 0.0170708 seconds, Stopping threads took: 0.0010257 seconds
{Heap before GC invocations=5 (full 1):
 par new generation   total 109248K, used 108576K [0x00000000e0000000, 0x00000000e8000000, 0x00000000e8000000)
  eden space 87424K, 100% used [0x00000000e0000000, 0x00000000e5560000, 0x00000000e5560000)
  from space 21824K,  96% used [0x00000000e6ab0000, 0x00000000e7f58200, 0x00000000e8000000)
  to   space 21824K,   0% used [0x00000000e5560000, 0x00000000e5560000, 0x00000000e6ab0000)
 concurrent mark-sweep generation total 393216K, used 0K [0x00000000e8000000, 0x0000000100000000, 0x0000000100000000)
 Metaspace       used 25543K, capacity 26184K, committed 26408K, reserved 1073152K
  class space    used 3044K, capacity 3256K, committed 3376K, reserved 1048576K
2018-08-08T21:40:43.104+0800: 6.269: [GC (Allocation Failure) 2018-08-08T21:40:43.104+0800: 6.269: [ParNew
Desired survivor size 20112992 bytes, new threshold 8 (max 8)
- age   1:     897000 bytes,     897000 total
- age   2:     315672 bytes,    1212672 total
- age   3:    1652472 bytes,    2865144 total
- age   4:     341000 bytes,    3206144 total
- age   5:    4051888 bytes,    7258032 total
- age   6:    4890000 bytes,   12148032 total
: 108576K->15505K(109248K), 0.0161677 secs] 108576K->15505K(502464K), 0.0162566 secs] [Times: user=0.06 sys=0.00, real=0.02 secs] 
Heap after GC invocations=6 (full 1):
 par new generation   total 109248K, used 15505K [0x00000000e0000000, 0x00000000e8000000, 0x00000000e8000000)
  eden space 87424K,   0% used [0x00000000e0000000, 0x00000000e0000000, 0x00000000e5560000)
  from space 21824K,  71% used [0x00000000e5560000, 0x00000000e64847d8, 0x00000000e6ab0000)
  to   space 21824K,   0% used [0x00000000e6ab0000, 0x00000000e6ab0000, 0x00000000e8000000)
 concurrent mark-sweep generation total 393216K, used 0K [0x00000000e8000000, 0x0000000100000000, 0x0000000100000000)
 Metaspace       used 25543K, capacity 26184K, committed 26408K, reserved 1073152K
  class space    used 3044K, capacity 3256K, committed 3376K, reserved 1048576K
}
2018-08-08T21:40:43.121+0800: 6.285: Total time for which application threads were stopped: 0.0165822 seconds, Stopping threads took: 0.0000604 seconds
2018-08-08T21:40:43.171+0800: 6.336: Total time for which application threads were stopped: 0.0001682 seconds, Stopping threads took: 0.0000388 seconds
2018-08-08T21:40:43.173+0800: 6.338: Total time for which application threads were stopped: 0.0001482 seconds, Stopping threads took: 0.0000336 seconds
2018-08-08T21:40:43.295+0800: 6.460: Total time for which application threads were stopped: 0.0005964 seconds, Stopping threads took: 0.0000519 seconds
2018-08-08T21:40:43.319+0800: 6.483: Total time for which application threads were stopped: 0.0001271 seconds, Stopping threads took: 0.0000354 seconds
2018-08-08T21:40:43.321+0800: 6.485: Total time for which application threads were stopped: 0.0001614 seconds, Stopping threads took: 0.0000274 seconds
2018-08-08T21:40:43.462+0800: 6.627: Total time for which application threads were stopped: 0.0005707 seconds, Stopping threads took: 0.0000359 seconds
2018-08-08T21:40:43.577+0800: 6.742: Total time for which application threads were stopped: 0.0006278 seconds, Stopping threads took: 0.0004539 seconds
2018-08-08T21:40:43.595+0800: 6.760: Total time for which application threads were stopped: 0.0002024 seconds, Stopping threads took: 0.0000604 seconds
2018-08-08T21:40:43.613+0800: 6.778: Total time for which application threads were stopped: 0.0018331 seconds, Stopping threads took: 0.0016124 seconds
2018-08-08T21:40:43.613+0800: 6.778: Total time for which application threads were stopped: 0.0001596 seconds, Stopping threads took: 0.0000992 seconds
2018-08-08T21:40:43.633+0800: 6.797: Total time for which application threads were stopped: 0.0019756 seconds, Stopping threads took: 0.0018405 seconds
2018-08-08T21:40:43.633+0800: 6.797: Total time for which application threads were stopped: 0.0000758 seconds, Stopping threads took: 0.0000336 seconds
2018-08-08T21:40:43.678+0800: 6.843: Total time for which application threads were stopped: 0.0006152 seconds, Stopping threads took: 0.0000433 seconds
2018-08-08T21:40:43.685+0800: 6.850: Total time for which application threads were stopped: 0.0006751 seconds, Stopping threads took: 0.0005052 seconds
2018-08-08T21:40:43.686+0800: 6.850: Total time for which application threads were stopped: 0.0001956 seconds, Stopping threads took: 0.0000462 seconds
{Heap before GC invocations=6 (full 1):
 par new generation   total 109248K, used 102929K [0x00000000e0000000, 0x00000000e8000000, 0x00000000e8000000)
  eden space 87424K, 100% used [0x00000000e0000000, 0x00000000e5560000, 0x00000000e5560000)
  from space 21824K,  71% used [0x00000000e5560000, 0x00000000e64847d8, 0x00000000e6ab0000)
  to   space 21824K,   0% used [0x00000000e6ab0000, 0x00000000e6ab0000, 0x00000000e8000000)
 concurrent mark-sweep generation total 393216K, used 0K [0x00000000e8000000, 0x0000000100000000, 0x0000000100000000)
 Metaspace       used 28365K, capacity 29040K, committed 29224K, reserved 1075200K
  class space    used 3405K, capacity 3632K, committed 3632K, reserved 1048576K
2018-08-08T21:40:43.727+0800: 6.892: [GC (Allocation Failure) 2018-08-08T21:40:43.728+0800: 6.892: [ParNew
Desired survivor size 20112992 bytes, new threshold 8 (max 8)
- age   1:    3791280 bytes,    3791280 total
- age   2:     128648 bytes,    3919928 total
- age   3:     307880 bytes,    4227808 total
- age   4:     292792 bytes,    4520600 total
- age   5:     338816 bytes,    4859416 total
- age   6:    4044840 bytes,    8904256 total
- age   7:    4839888 bytes,   13744144 total
: 102929K->16110K(109248K), 0.0160827 secs] 102929K->16110K(502464K), 0.0162304 secs] [Times: user=0.06 sys=0.00, real=0.02 secs] 
Heap after GC invocations=7 (full 1):
 par new generation   total 109248K, used 16110K [0x00000000e0000000, 0x00000000e8000000, 0x00000000e8000000)
  eden space 87424K,   0% used [0x00000000e0000000, 0x00000000e0000000, 0x00000000e5560000)
  from space 21824K,  73% used [0x00000000e6ab0000, 0x00000000e7a6ba20, 0x00000000e8000000)
  to   space 21824K,   0% used [0x00000000e5560000, 0x00000000e5560000, 0x00000000e6ab0000)
 concurrent mark-sweep generation total 393216K, used 0K [0x00000000e8000000, 0x0000000100000000, 0x0000000100000000)
 Metaspace       used 28365K, capacity 29040K, committed 29224K, reserved 1075200K
  class space    used 3405K, capacity 3632K, committed 3632K, reserved 1048576K
}
2018-08-08T21:40:43.744+0800: 6.909: Total time for which application threads were stopped: 0.0166090 seconds, Stopping threads took: 0.0000547 seconds
2018-08-08T21:40:43.884+0800: 7.049: Total time for which application threads were stopped: 0.0001939 seconds, Stopping threads took: 0.0000667 seconds
2018-08-08T21:40:43.995+0800: 7.159: Total time for which application threads were stopped: 0.0002167 seconds, Stopping threads took: 0.0000365 seconds
2018-08-08T21:40:43.997+0800: 7.161: Total time for which application threads were stopped: 0.0006506 seconds, Stopping threads took: 0.0000405 seconds
2018-08-08T21:40:44.038+0800: 7.203: Total time for which application threads were stopped: 0.0001562 seconds, Stopping threads took: 0.0000336 seconds
2018-08-08T21:40:44.043+0800: 7.208: Total time for which application threads were stopped: 0.0001175 seconds, Stopping threads took: 0.0000308 seconds
2018-08-08T21:40:44.045+0800: 7.210: Total time for which application threads were stopped: 0.0001391 seconds, Stopping threads took: 0.0000336 seconds
2018-08-08T21:40:44.055+0800: 7.220: Total time for which application threads were stopped: 0.0001386 seconds, Stopping threads took: 0.0000496 seconds
2018-08-08T21:40:44.056+0800: 7.221: Total time for which application threads were stopped: 0.0003615 seconds, Stopping threads took: 0.0002418 seconds
2018-08-08T21:40:44.057+0800: 7.222: Total time for which application threads were stopped: 0.0001562 seconds, Stopping threads took: 0.0000274 seconds
2018-08-08T21:40:44.057+0800: 7.222: Total time for which application threads were stopped: 0.0001089 seconds, Stopping threads took: 0.0000308 seconds
2018-08-08T21:40:44.103+0800: 7.268: Total time for which application threads were stopped: 0.0002218 seconds, Stopping threads took: 0.0000810 seconds
2018-08-08T21:40:44.603+0800: 7.768: Total time for which application threads were stopped: 0.0003467 seconds, Stopping threads took: 0.0000736 seconds
2018-08-08T21:40:44.604+0800: 7.769: Total time for which application threads were stopped: 0.0003615 seconds, Stopping threads took: 0.0001785 seconds
2018-08-08T21:40:44.605+0800: 7.770: Total time for which application threads were stopped: 0.0001745 seconds, Stopping threads took: 0.0000388 seconds
2018-08-08T21:40:44.605+0800: 7.770: Total time for which application threads were stopped: 0.0000627 seconds, Stopping threads took: 0.0000143 seconds
2018-08-08T21:40:44.609+0800: 7.773: Total time for which application threads were stopped: 0.0006580 seconds, Stopping threads took: 0.0005308 seconds
2018-08-08T21:40:44.610+0800: 7.775: Total time for which application threads were stopped: 0.0001596 seconds, Stopping threads took: 0.0000679 seconds
2018-08-08T21:40:44.610+0800: 7.775: Total time for which application threads were stopped: 0.0000838 seconds, Stopping threads took: 0.0000319 seconds
2018-08-08T21:40:44.611+0800: 7.776: Total time for which application threads were stopped: 0.0002064 seconds, Stopping threads took: 0.0001500 seconds
2018-08-08T21:40:44.611+0800: 7.776: Total time for which application threads were stopped: 0.0000827 seconds, Stopping threads took: 0.0000325 seconds
2018-08-08T21:40:44.611+0800: 7.776: Total time for which application threads were stopped: 0.0005405 seconds, Stopping threads took: 0.0004727 seconds
2018-08-08T21:40:44.612+0800: 7.777: Total time for which application threads were stopped: 0.0000912 seconds, Stopping threads took: 0.0000257 seconds
2018-08-08T21:40:44.612+0800: 7.777: Total time for which application threads were stopped: 0.0001357 seconds, Stopping threads took: 0.0000679 seconds
2018-08-08T21:40:44.614+0800: 7.779: Total time for which application threads were stopped: 0.0003877 seconds, Stopping threads took: 0.0002948 seconds
2018-08-08T21:40:44.669+0800: 7.834: Total time for which application threads were stopped: 0.0006756 seconds, Stopping threads took: 0.0000730 seconds
2018-08-08T21:40:44.674+0800: 7.839: Total time for which application threads were stopped: 0.0005656 seconds, Stopping threads took: 0.0001260 seconds
2018-08-08T21:40:44.687+0800: 7.852: Total time for which application threads were stopped: 0.0018166 seconds, Stopping threads took: 0.0016649 seconds
2018-08-08T21:40:44.728+0800: 7.892: Total time for which application threads were stopped: 0.0002936 seconds, Stopping threads took: 0.0001112 seconds
{Heap before GC invocations=7 (full 1):
 par new generation   total 109248K, used 103534K [0x00000000e0000000, 0x00000000e8000000, 0x00000000e8000000)
  eden space 87424K, 100% used [0x00000000e0000000, 0x00000000e5560000, 0x00000000e5560000)
  from space 21824K,  73% used [0x00000000e6ab0000, 0x00000000e7a6ba20, 0x00000000e8000000)
  to   space 21824K,   0% used [0x00000000e5560000, 0x00000000e5560000, 0x00000000e6ab0000)
 concurrent mark-sweep generation total 393216K, used 0K [0x00000000e8000000, 0x0000000100000000, 0x0000000100000000)
 Metaspace       used 31427K, capacity 32202K, committed 32296K, reserved 1077248K
  class space    used 3833K, capacity 4059K, committed 4144K, reserved 1048576K
2018-08-08T21:40:44.785+0800: 7.950: [GC (Allocation Failure) 2018-08-08T21:40:44.785+0800: 7.950: [ParNew
Desired survivor size 20112992 bytes, new threshold 8 (max 8)
- age   1:    3920448 bytes,    3920448 total
- age   2:    1605416 bytes,    5525864 total
- age   3:     128616 bytes,    5654480 total
- age   4:     307592 bytes,    5962072 total
- age   5:     286264 bytes,    6248336 total
- age   6:     335576 bytes,    6583912 total
- age   7:    4034448 bytes,   10618360 total
- age   8:    4808816 bytes,   15427176 total
: 103534K->21824K(109248K), 0.0186382 secs] 103534K->21824K(502464K), 0.0188184 secs] [Times: user=0.06 sys=0.00, real=0.02 secs] 
Heap after GC invocations=8 (full 1):
 par new generation   total 109248K, used 21824K [0x00000000e0000000, 0x00000000e8000000, 0x00000000e8000000)
  eden space 87424K,   0% used [0x00000000e0000000, 0x00000000e0000000, 0x00000000e5560000)
  from space 21824K, 100% used [0x00000000e5560000, 0x00000000e6ab0000, 0x00000000e6ab0000)
  to   space 21824K,   0% used [0x00000000e6ab0000, 0x00000000e6ab0000, 0x00000000e8000000)
 concurrent mark-sweep generation total 393216K, used 0K [0x00000000e8000000, 0x0000000100000000, 0x0000000100000000)
 Metaspace       used 31427K, capacity 32202K, committed 32296K, reserved 1077248K
  class space    used 3833K, capacity 4059K, committed 4144K, reserved 1048576K
}
2018-08-08T21:40:44.804+0800: 7.969: Total time for which application threads were stopped: 0.0193458 seconds, Stopping threads took: 0.0000456 seconds
2018-08-08T21:40:44.809+0800: 7.974: Total time for which application threads were stopped: 0.0001346 seconds, Stopping threads took: 0.0000439 seconds
2018-08-08T21:40:44.811+0800: 7.976: Total time for which application threads were stopped: 0.0004008 seconds, Stopping threads took: 0.0000416 seconds
2018-08-08T21:40:44.812+0800: 7.977: Total time for which application threads were stopped: 0.0001870 seconds, Stopping threads took: 0.0000576 seconds
2018-08-08T21:40:44.825+0800: 7.990: Total time for which application threads were stopped: 0.0001745 seconds, Stopping threads took: 0.0000342 seconds
2018-08-08T21:40:44.840+0800: 8.005: Total time for which application threads were stopped: 0.0007156 seconds, Stopping threads took: 0.0001659 seconds
2018-08-08T21:40:44.841+0800: 8.006: Total time for which application threads were stopped: 0.0001807 seconds, Stopping threads took: 0.0000513 seconds
2018-08-08T21:40:44.872+0800: 8.037: Total time for which application threads were stopped: 0.0002640 seconds, Stopping threads took: 0.0000433 seconds
2018-08-08T21:40:44.880+0800: 8.045: Total time for which application threads were stopped: 0.0002281 seconds, Stopping threads took: 0.0000468 seconds
2018-08-08T21:40:44.911+0800: 8.078: Total time for which application threads were stopped: 0.0002583 seconds, Stopping threads took: 0.0000382 seconds
2018-08-08T21:40:44.911+0800: 8.084: Total time for which application threads were stopped: 0.0002583 seconds, Stopping threads took: 0.0000388 seconds
2018-08-08T21:40:45.203+0800: 8.368: Total time for which application threads were stopped: 0.0227315 seconds, Stopping threads took: 0.0224259 seconds
2018-08-08T21:40:45.204+0800: 8.369: Total time for which application threads were stopped: 0.0001693 seconds, Stopping threads took: 0.0000382 seconds
2018-08-08T21:40:45.211+0800: 8.376: Total time for which application threads were stopped: 0.0002127 seconds, Stopping threads took: 0.0000513 seconds
2018-08-08T21:40:45.212+0800: 8.377: Total time for which application threads were stopped: 0.0001653 seconds, Stopping threads took: 0.0000399 seconds
2018-08-08T21:40:45.234+0800: 8.399: Total time for which application threads were stopped: 0.0001631 seconds, Stopping threads took: 0.0000422 seconds
2018-08-08T21:40:45.285+0800: 8.450: Total time for which application threads were stopped: 0.0002013 seconds, Stopping threads took: 0.0000388 seconds
2018-08-08T21:40:45.310+0800: 8.475: Total time for which application threads were stopped: 0.0001220 seconds, Stopping threads took: 0.0000239 seconds
2018-08-08T21:40:45.378+0800: 8.543: Total time for which application threads were stopped: 0.0002691 seconds, Stopping threads took: 0.0000832 seconds
2018-08-08T21:40:45.403+0800: 8.568: Total time for which application threads were stopped: 0.0007731 seconds, Stopping threads took: 0.0001625 seconds
2018-08-08T21:40:45.439+0800: 8.604: Total time for which application threads were stopped: 0.0001773 seconds, Stopping threads took: 0.0000319 seconds
2018-08-08T21:40:45.490+0800: 8.655: Total time for which application threads were stopped: 0.0002195 seconds, Stopping threads took: 0.0000428 seconds
2018-08-08T21:40:45.497+0800: 8.662: Total time for which application threads were stopped: 0.0002560 seconds, Stopping threads took: 0.0000525 seconds
2018-08-08T21:40:45.527+0800: 8.692: Total time for which application threads were stopped: 0.0035168 seconds, Stopping threads took: 0.0028349 seconds
{Heap before GC invocations=8 (full 1):
 par new generation   total 109248K, used 109248K [0x00000000e0000000, 0x00000000e8000000, 0x00000000e8000000)
  eden space 87424K, 100% used [0x00000000e0000000, 0x00000000e5560000, 0x00000000e5560000)
  from space 21824K, 100% used [0x00000000e5560000, 0x00000000e6ab0000, 0x00000000e6ab0000)
  to   space 21824K,   0% used [0x00000000e6ab0000, 0x00000000e6ab0000, 0x00000000e8000000)
 concurrent mark-sweep generation total 393216K, used 0K [0x00000000e8000000, 0x0000000100000000, 0x0000000100000000)
 Metaspace       used 33932K, capacity 34936K, committed 35112K, reserved 1079296K
  class space    used 4141K, capacity 4396K, committed 4400K, reserved 1048576K
2018-08-08T21:40:45.704+0800: 8.869: [GC (Allocation Failure) 2018-08-08T21:40:45.704+0800: 8.869: [ParNew
Desired survivor size 20112992 bytes, new threshold 8 (max 8)
- age   1:    7531120 bytes,    7531120 total
- age   2:    1213384 bytes,    8744504 total
- age   3:    1602856 bytes,   10347360 total
- age   4:     127640 bytes,   10475000 total
- age   5:     287176 bytes,   10762176 total
- age   6:     284920 bytes,   11047096 total
- age   7:     333312 bytes,   11380408 total
- age   8:    4022576 bytes,   15402984 total
: 109248K->19197K(109248K), 0.0491423 secs] 109248K->24306K(502464K), 0.0492592 secs] [Times: user=0.19 sys=0.00, real=0.05 secs] 
Heap after GC invocations=9 (full 1):
 par new generation   total 109248K, used 19197K [0x00000000e0000000, 0x00000000e8000000, 0x00000000e8000000)
  eden space 87424K,   0% used [0x00000000e0000000, 0x00000000e0000000, 0x00000000e5560000)
  from space 21824K,  87% used [0x00000000e6ab0000, 0x00000000e7d6f640, 0x00000000e8000000)
  to   space 21824K,   0% used [0x00000000e5560000, 0x00000000e5560000, 0x00000000e6ab0000)
 concurrent mark-sweep generation total 393216K, used 5108K [0x00000000e8000000, 0x0000000100000000, 0x0000000100000000)
 Metaspace       used 33932K, capacity 34936K, committed 35112K, reserved 1079296K
  class space    used 4141K, capacity 4396K, committed 4400K, reserved 1048576K
}
2018-08-08T21:40:45.753+0800: 8.918: Total time for which application threads were stopped: 0.0495995 seconds, Stopping threads took: 0.0000308 seconds
2018-08-08T21:40:45.754+0800: 8.920: Total time for which application threads were stopped: 0.0001557 seconds, Stopping threads took: 0.0000422 seconds
2018-08-08T21:40:45.755+0800: 8.920: Total time for which application threads were stopped: 0.0001169 seconds, Stopping threads took: 0.0000279 seconds
2018-08-08T21:40:45.835+0800: 9.000: Total time for which application threads were stopped: 0.0002936 seconds, Stopping threads took: 0.0001374 seconds
2018-08-08T21:40:45.852+0800: 9.017: Total time for which application threads were stopped: 0.0001807 seconds, Stopping threads took: 0.0000354 seconds
2018-08-08T21:40:45.855+0800: 9.020: Total time for which application threads were stopped: 0.0001579 seconds, Stopping threads took: 0.0000456 seconds
2018-08-08T21:40:45.856+0800: 9.021: Total time for which application threads were stopped: 0.0001294 seconds, Stopping threads took: 0.0000376 seconds
2018-08-08T21:40:45.859+0800: 9.024: Total time for which application threads were stopped: 0.0001232 seconds, Stopping threads took: 0.0000336 seconds
2018-08-08T21:40:46.867+0800: 10.031: Total time for which application threads were stopped: 0.0002064 seconds, Stopping threads took: 0.0001066 seconds
2018-08-08T21:40:47.027+0800: 10.192: Total time for which application threads were stopped: 0.0001562 seconds, Stopping threads took: 0.0000336 seconds
2018-08-08T21:40:47.027+0800: 10.192: Total time for which application threads were stopped: 0.0001003 seconds, Stopping threads took: 0.0000319 seconds
2018-08-08T21:40:47.028+0800: 10.192: Total time for which application threads were stopped: 0.0000992 seconds, Stopping threads took: 0.0000342 seconds
2018-08-08T21:40:47.028+0800: 10.192: Total time for which application threads were stopped: 0.0000958 seconds, Stopping threads took: 0.0000268 seconds
2018-08-08T21:40:47.028+0800: 10.193: Total time for which application threads were stopped: 0.0001887 seconds, Stopping threads took: 0.0001209 seconds
2018-08-08T21:40:47.030+0800: 10.194: Total time for which application threads were stopped: 0.0001289 seconds, Stopping threads took: 0.0000473 seconds
2018-08-08T21:40:47.030+0800: 10.195: Total time for which application threads were stopped: 0.0002680 seconds, Stopping threads took: 0.0000428 seconds
2018-08-08T21:40:47.035+0800: 10.199: Total time for which application threads were stopped: 0.0001363 seconds, Stopping threads took: 0.0000331 seconds
2018-08-08T21:40:47.086+0800: 10.250: Total time for which application threads were stopped: 0.0001853 seconds, Stopping threads took: 0.0000502 seconds
2018-08-08T21:40:47.086+0800: 10.251: Total time for which application threads were stopped: 0.0001038 seconds, Stopping threads took: 0.0000354 seconds
2018-08-08T21:40:47.087+0800: 10.252: Total time for which application threads were stopped: 0.0001363 seconds, Stopping threads took: 0.0000388 seconds
2018-08-08T21:40:47.090+0800: 10.255: Total time for which application threads were stopped: 0.0001254 seconds, Stopping threads took: 0.0000314 seconds
2018-08-08T21:40:47.091+0800: 10.256: Total time for which application threads were stopped: 0.0008313 seconds, Stopping threads took: 0.0007190 seconds
2018-08-08T21:40:47.092+0800: 10.257: Total time for which application threads were stopped: 0.0006078 seconds, Stopping threads took: 0.0004664 seconds
2018-08-08T21:40:47.092+0800: 10.257: Total time for which application threads were stopped: 0.0001636 seconds, Stopping threads took: 0.0000895 seconds
2018-08-08T21:40:47.094+0800: 10.259: Total time for which application threads were stopped: 0.0001203 seconds, Stopping threads took: 0.0000308 seconds
2018-08-08T21:40:47.095+0800: 10.260: Total time for which application threads were stopped: 0.0001243 seconds, Stopping threads took: 0.0000342 seconds
2018-08-08T21:40:47.095+0800: 10.260: Total time for which application threads were stopped: 0.0000810 seconds, Stopping threads took: 0.0000217 seconds
2018-08-08T21:40:47.096+0800: 10.260: Total time for which application threads were stopped: 0.0000718 seconds, Stopping threads took: 0.0000205 seconds
2018-08-08T21:40:47.096+0800: 10.260: Total time for which application threads were stopped: 0.0000855 seconds, Stopping threads took: 0.0000257 seconds
2018-08-08T21:40:47.096+0800: 10.260: Total time for which application threads were stopped: 0.0000810 seconds, Stopping threads took: 0.0000188 seconds
2018-08-08T21:40:47.096+0800: 10.261: Total time for which application threads were stopped: 0.0000707 seconds, Stopping threads took: 0.0000154 seconds
2018-08-08T21:40:47.096+0800: 10.261: Total time for which application threads were stopped: 0.0000616 seconds, Stopping threads took: 0.0000137 seconds
2018-08-08T21:40:47.096+0800: 10.261: Total time for which application threads were stopped: 0.0000718 seconds, Stopping threads took: 0.0000177 seconds
2018-08-08T21:40:47.097+0800: 10.261: Total time for which application threads were stopped: 0.0000679 seconds, Stopping threads took: 0.0000131 seconds
2018-08-08T21:40:47.097+0800: 10.262: Total time for which application threads were stopped: 0.0000907 seconds, Stopping threads took: 0.0000234 seconds
2018-08-08T21:40:47.103+0800: 10.267: Total time for which application threads were stopped: 0.0001494 seconds, Stopping threads took: 0.0000502 seconds
2018-08-08T21:40:48.116+0800: 11.280: Total time for which application threads were stopped: 0.0001083 seconds, Stopping threads took: 0.0000262 seconds
2018-08-08T21:41:00.210+0800: 23.375: Total time for which application threads were stopped: 0.0000946 seconds, Stopping threads took: 0.0000274 seconds
2018-08-08T21:41:01.836+0800: 25.000: Total time for which application threads were stopped: 0.0002332 seconds, Stopping threads took: 0.0001494 seconds
2018-08-08T21:41:01.836+0800: 25.000: Total time for which application threads were stopped: 0.0000855 seconds, Stopping threads took: 0.0000336 seconds
2018-08-08T21:41:02.192+0800: 25.359: Total time for which application threads were stopped: 0.0004413 seconds, Stopping threads took: 0.0000342 seconds
2018-08-08T21:41:02.436+0800: 25.603: Total time for which application threads were stopped: 0.0000992 seconds, Stopping threads took: 0.0000285 seconds
2018-08-08T21:41:02.577+0800: 25.743: Total time for which application threads were stopped: 0.0004795 seconds, Stopping threads took: 0.0000279 seconds
2018-08-08T21:41:02.927+0800: 26.094: Total time for which application threads were stopped: 0.0005764 seconds, Stopping threads took: 0.0000314 seconds
{Heap before GC invocations=9 (full 1):
 par new generation   total 109248K, used 106621K [0x00000000e0000000, 0x00000000e8000000, 0x00000000e8000000)
  eden space 87424K, 100% used [0x00000000e0000000, 0x00000000e5560000, 0x00000000e5560000)
  from space 21824K,  87% used [0x00000000e6ab0000, 0x00000000e7d6f640, 0x00000000e8000000)
  to   space 21824K,   0% used [0x00000000e5560000, 0x00000000e5560000, 0x00000000e6ab0000)
 concurrent mark-sweep generation total 393216K, used 5108K [0x00000000e8000000, 0x0000000100000000, 0x0000000100000000)
 Metaspace       used 37811K, capacity 38878K, committed 39208K, reserved 1083392K
  class space    used 4579K, capacity 4843K, committed 4912K, reserved 1048576K
2018-08-08T21:41:03.109+0800: 26.279: [GC (Allocation Failure) 2018-08-08T21:41:03.109+0800: 26.279: [ParNew
Desired survivor size 20112992 bytes, new threshold 4 (max 8)
- age   1:   13890440 bytes,   13890440 total
- age   2:    4631232 bytes,   18521672 total
- age   3:    1205512 bytes,   19727184 total
- age   4:    1593032 bytes,   21320216 total
- age   5:     117384 bytes,   21437600 total
- age   6:     287176 bytes,   21724776 total
- age   7:     284800 bytes,   22009576 total
- age   8:     333184 bytes,   22342760 total
: 106621K->21824K(109248K), 0.0615565 secs] 111730K->47555K(502464K), 0.0616694 secs] [Times: user=0.19 sys=0.05, real=0.06 secs] 
Heap after GC invocations=10 (full 1):
 par new generation   total 109248K, used 21824K [0x00000000e0000000, 0x00000000e8000000, 0x00000000e8000000)
  eden space 87424K,   0% used [0x00000000e0000000, 0x00000000e0000000, 0x00000000e5560000)
  from space 21824K, 100% used [0x00000000e5560000, 0x00000000e6ab0000, 0x00000000e6ab0000)
  to   space 21824K,   0% used [0x00000000e6ab0000, 0x00000000e6ab0000, 0x00000000e8000000)
 concurrent mark-sweep generation total 393216K, used 25731K [0x00000000e8000000, 0x0000000100000000, 0x0000000100000000)
 Metaspace       used 37811K, capacity 38878K, committed 39208K, reserved 1083392K
  class space    used 4579K, capacity 4843K, committed 4912K, reserved 1048576K
}
2018-08-08T21:41:03.172+0800: 26.341: Total time for which application threads were stopped: 0.0619488 seconds, Stopping threads took: 0.0000308 seconds
2018-08-08T21:41:03.172+0800: 26.342: Total time for which application threads were stopped: 0.0002303 seconds, Stopping threads took: 0.0000593 seconds
2018-08-08T21:41:03.296+0800: 26.473: Total time for which application threads were stopped: 0.0001078 seconds, Stopping threads took: 0.0000291 seconds
2018-08-08T21:41:03.452+0800: 26.620: Total time for which application threads were stopped: 0.0003210 seconds, Stopping threads took: 0.0000536 seconds
2018-08-08T21:41:03.781+0800: 26.945: Total time for which application threads were stopped: 0.0003278 seconds, Stopping threads took: 0.0000393 seconds
{Heap before GC invocations=10 (full 1):
 par new generation   total 109248K, used 109248K [0x00000000e0000000, 0x00000000e8000000, 0x00000000e8000000)
  eden space 87424K, 100% used [0x00000000e0000000, 0x00000000e5560000, 0x00000000e5560000)
  from space 21824K, 100% used [0x00000000e5560000, 0x00000000e6ab0000, 0x00000000e6ab0000)
  to   space 21824K,   0% used [0x00000000e6ab0000, 0x00000000e6ab0000, 0x00000000e8000000)
 concurrent mark-sweep generation total 393216K, used 25731K [0x00000000e8000000, 0x0000000100000000, 0x0000000100000000)
 Metaspace       used 38209K, capacity 39358K, committed 39464K, reserved 1083392K
  class space    used 4601K, capacity 4875K, committed 4912K, reserved 1048576K
2018-08-08T21:41:03.881+0800: 27.046: [GC (Allocation Failure) 2018-08-08T21:41:03.882+0800: 27.046: [ParNew
Desired survivor size 20112992 bytes, new threshold 3 (max 8)
- age   1:    9844992 bytes,    9844992 total
- age   2:    7030976 bytes,   16875968 total
- age   3:    4537576 bytes,   21413544 total
- age   4:     930336 bytes,   22343880 total
: 109248K->21824K(109248K), 0.0822166 secs] 134979K->66595K(502464K), 0.0823358 secs] [Times: user=0.31 sys=0.00, real=0.08 secs] 
Heap after GC invocations=11 (full 1):
 par new generation   total 109248K, used 21824K [0x00000000e0000000, 0x00000000e8000000, 0x00000000e8000000)
  eden space 87424K,   0% used [0x00000000e0000000, 0x00000000e0000000, 0x00000000e5560000)
  from space 21824K, 100% used [0x00000000e6ab0000, 0x00000000e8000000, 0x00000000e8000000)
  to   space 21824K,   0% used [0x00000000e5560000, 0x00000000e5560000, 0x00000000e6ab0000)
 concurrent mark-sweep generation total 393216K, used 44771K [0x00000000e8000000, 0x0000000100000000, 0x0000000100000000)
 Metaspace       used 38209K, capacity 39358K, committed 39464K, reserved 1083392K
  class space    used 4601K, capacity 4875K, committed 4912K, reserved 1048576K
}
2018-08-08T21:41:03.964+0800: 27.128: Total time for which application threads were stopped: 0.0826551 seconds, Stopping threads took: 0.0000365 seconds
2018-08-08T21:41:04.101+0800: 27.265: Total time for which application threads were stopped: 0.0003552 seconds, Stopping threads took: 0.0000348 seconds
{Heap before GC invocations=11 (full 1):
 par new generation   total 109248K, used 109248K [0x00000000e0000000, 0x00000000e8000000, 0x00000000e8000000)
  eden space 87424K, 100% used [0x00000000e0000000, 0x00000000e5560000, 0x00000000e5560000)
  from space 21824K, 100% used [0x00000000e6ab0000, 0x00000000e8000000, 0x00000000e8000000)
  to   space 21824K,   0% used [0x00000000e5560000, 0x00000000e5560000, 0x00000000e6ab0000)
 concurrent mark-sweep generation total 393216K, used 44771K [0x00000000e8000000, 0x0000000100000000, 0x0000000100000000)
 Metaspace       used 38410K, capacity 39494K, committed 39720K, reserved 1083392K
  class space    used 4601K, capacity 4875K, committed 4912K, reserved 1048576K
2018-08-08T21:41:04.414+0800: 27.586: [GC (Allocation Failure) 2018-08-08T21:41:04.414+0800: 27.586: [ParNew
Desired survivor size 20112992 bytes, new threshold 8 (max 8)
- age   1:     925856 bytes,     925856 total
- age   2:    9138968 bytes,   10064824 total
- age   3:    7014008 bytes,   17078832 total
: 109248K->21824K(109248K), 0.0431344 secs] 154019K->72628K(502464K), 0.0432809 secs] [Times: user=0.19 sys=0.00, real=0.05 secs] 
Heap after GC invocations=12 (full 1):
 par new generation   total 109248K, used 21824K [0x00000000e0000000, 0x00000000e8000000, 0x00000000e8000000)
  eden space 87424K,   0% used [0x00000000e0000000, 0x00000000e0000000, 0x00000000e5560000)
  from space 21824K, 100% used [0x00000000e5560000, 0x00000000e6ab0000, 0x00000000e6ab0000)
  to   space 21824K,   0% used [0x00000000e6ab0000, 0x00000000e6ab0000, 0x00000000e8000000)
 concurrent mark-sweep generation total 393216K, used 50804K [0x00000000e8000000, 0x0000000100000000, 0x0000000100000000)
 Metaspace       used 38410K, capacity 39494K, committed 39720K, reserved 1083392K
  class space    used 4601K, capacity 4875K, committed 4912K, reserved 1048576K
}
2018-08-08T21:41:04.461+0800: 27.630: Total time for which application threads were stopped: 0.0436498 seconds, Stopping threads took: 0.0000336 seconds
{Heap before GC invocations=12 (full 1):
 par new generation   total 109248K, used 109248K [0x00000000e0000000, 0x00000000e8000000, 0x00000000e8000000)
  eden space 87424K, 100% used [0x00000000e0000000, 0x00000000e5560000, 0x00000000e5560000)
  from space 21824K, 100% used [0x00000000e5560000, 0x00000000e6ab0000, 0x00000000e6ab0000)
  to   space 21824K,   0% used [0x00000000e6ab0000, 0x00000000e6ab0000, 0x00000000e8000000)
 concurrent mark-sweep generation total 393216K, used 50804K [0x00000000e8000000, 0x0000000100000000, 0x0000000100000000)
 Metaspace       used 38454K, capacity 39562K, committed 39720K, reserved 1083392K
  class space    used 4601K, capacity 4875K, committed 4912K, reserved 1048576K
2018-08-08T21:41:04.713+0800: 27.890: [GC (Allocation Failure) 2018-08-08T21:41:04.713+0800: 27.890: [ParNew
Desired survivor size 20112992 bytes, new threshold 8 (max 8)
- age   1:     810024 bytes,     810024 total
- age   2:     573208 bytes,    1383232 total
- age   3:    9138968 bytes,   10522200 total
- age   4:    7014008 bytes,   17536208 total
: 109248K->21824K(109248K), 0.0282370 secs] 160052K->72628K(502464K), 0.0283288 secs] [Times: user=0.13 sys=0.00, real=0.03 secs] 
Heap after GC invocations=13 (full 1):
 par new generation   total 109248K, used 21824K [0x00000000e0000000, 0x00000000e8000000, 0x00000000e8000000)
  eden space 87424K,   0% used [0x00000000e0000000, 0x00000000e0000000, 0x00000000e5560000)
  from space 21824K, 100% used [0x00000000e6ab0000, 0x00000000e8000000, 0x00000000e8000000)
  to   space 21824K,   0% used [0x00000000e5560000, 0x00000000e5560000, 0x00000000e6ab0000)
 concurrent mark-sweep generation total 393216K, used 50804K [0x00000000e8000000, 0x0000000100000000, 0x0000000100000000)
 Metaspace       used 38454K, capacity 39562K, committed 39720K, reserved 1083392K
  class space    used 4601K, capacity 4875K, committed 4912K, reserved 1048576K
}
2018-08-08T21:41:04.744+0800: 27.918: Total time for which application threads were stopped: 0.0286270 seconds, Stopping threads took: 0.0000245 seconds
{Heap before GC invocations=13 (full 1):
 par new generation   total 109248K, used 109248K [0x00000000e0000000, 0x00000000e8000000, 0x00000000e8000000)
  eden space 87424K, 100% used [0x00000000e0000000, 0x00000000e5560000, 0x00000000e5560000)
  from space 21824K, 100% used [0x00000000e6ab0000, 0x00000000e8000000, 0x00000000e8000000)
  to   space 21824K,   0% used [0x00000000e5560000, 0x00000000e5560000, 0x00000000e6ab0000)
 concurrent mark-sweep generation total 393216K, used 50804K [0x00000000e8000000, 0x0000000100000000, 0x0000000100000000)
 Metaspace       used 38514K, capacity 39626K, committed 39720K, reserved 1083392K
  class space    used 4601K, capacity 4875K, committed 4912K, reserved 1048576K
2018-08-08T21:41:04.947+0800: 28.126: [GC (Allocation Failure) 2018-08-08T21:41:04.947+0800: 28.126: [ParNew
Desired survivor size 20112992 bytes, new threshold 8 (max 8)
- age   1:    1346088 bytes,    1346088 total
- age   2:     374120 bytes,    1720208 total
- age   3:     405296 bytes,    2125504 total
- age   4:    9138968 bytes,   11264472 total
- age   5:    7014008 bytes,   18278480 total
: 109248K->21824K(109248K), 0.0286458 secs] 160052K->72628K(502464K), 0.0287536 secs] [Times: user=0.13 sys=0.00, real=0.03 secs] 
Heap after GC invocations=14 (full 1):
 par new generation   total 109248K, used 21824K [0x00000000e0000000, 0x00000000e8000000, 0x00000000e8000000)
  eden space 87424K,   0% used [0x00000000e0000000, 0x00000000e0000000, 0x00000000e5560000)
  from space 21824K, 100% used [0x00000000e5560000, 0x00000000e6ab0000, 0x00000000e6ab0000)
  to   space 21824K,   0% used [0x00000000e6ab0000, 0x00000000e6ab0000, 0x00000000e8000000)
 concurrent mark-sweep generation total 393216K, used 50804K [0x00000000e8000000, 0x0000000100000000, 0x0000000100000000)
 Metaspace       used 38514K, capacity 39626K, committed 39720K, reserved 1083392K
  class space    used 4601K, capacity 4875K, committed 4912K, reserved 1048576K
}
2018-08-08T21:41:04.978+0800: 28.155: Total time for which application threads were stopped: 0.0290894 seconds, Stopping threads took: 0.0000371 seconds
{Heap before GC invocations=14 (full 1):
 par new generation   total 109248K, used 109248K [0x00000000e0000000, 0x00000000e8000000, 0x00000000e8000000)
  eden space 87424K, 100% used [0x00000000e0000000, 0x00000000e5560000, 0x00000000e5560000)
  from space 21824K, 100% used [0x00000000e5560000, 0x00000000e6ab0000, 0x00000000e6ab0000)
  to   space 21824K,   0% used [0x00000000e6ab0000, 0x00000000e6ab0000, 0x00000000e8000000)
 concurrent mark-sweep generation total 393216K, used 50804K [0x00000000e8000000, 0x0000000100000000, 0x0000000100000000)
 Metaspace       used 38525K, capacity 39626K, committed 39720K, reserved 1083392K
  class space    used 4601K, capacity 4875K, committed 4912K, reserved 1048576K
2018-08-08T21:41:05.156+0800: 28.320: [GC (Allocation Failure) 2018-08-08T21:41:05.156+0800: 28.320: [ParNew
Desired survivor size 20112992 bytes, new threshold 8 (max 8)
- age   1:    1094832 bytes,    1094832 total
- age   2:     739704 bytes,    1834536 total
- age   3:     363848 bytes,    2198384 total
- age   4:     405296 bytes,    2603680 total
- age   5:    8639928 bytes,   11243608 total
- age   6:    7006704 bytes,   18250312 total
: 109248K->21824K(109248K), 0.0303706 secs] 160052K->73122K(502464K), 0.0304698 secs] [Times: user=0.12 sys=0.00, real=0.03 secs] 
Heap after GC invocations=15 (full 1):
 par new generation   total 109248K, used 21824K [0x00000000e0000000, 0x00000000e8000000, 0x00000000e8000000)
  eden space 87424K,   0% used [0x00000000e0000000, 0x00000000e0000000, 0x00000000e5560000)
  from space 21824K, 100% used [0x00000000e6ab0000, 0x00000000e8000000, 0x00000000e8000000)
  to   space 21824K,   0% used [0x00000000e5560000, 0x00000000e5560000, 0x00000000e6ab0000)
 concurrent mark-sweep generation total 393216K, used 51298K [0x00000000e8000000, 0x0000000100000000, 0x0000000100000000)
 Metaspace       used 38525K, capacity 39626K, committed 39720K, reserved 1083392K
  class space    used 4601K, capacity 4875K, committed 4912K, reserved 1048576K
}
2018-08-08T21:41:05.186+0800: 28.350: Total time for which application threads were stopped: 0.0307754 seconds, Stopping threads took: 0.0000507 seconds
{Heap before GC invocations=15 (full 1):
 par new generation   total 109248K, used 109248K [0x00000000e0000000, 0x00000000e8000000, 0x00000000e8000000)
  eden space 87424K, 100% used [0x00000000e0000000, 0x00000000e5560000, 0x00000000e5560000)
  from space 21824K, 100% used [0x00000000e6ab0000, 0x00000000e8000000, 0x00000000e8000000)
  to   space 21824K,   0% used [0x00000000e5560000, 0x00000000e5560000, 0x00000000e6ab0000)
 concurrent mark-sweep generation total 393216K, used 51298K [0x00000000e8000000, 0x0000000100000000, 0x0000000100000000)
 Metaspace       used 38570K, capacity 39690K, committed 39976K, reserved 1085440K
  class space    used 4601K, capacity 4875K, committed 4912K, reserved 1048576K
2018-08-08T21:41:05.360+0800: 28.537: [GC (Allocation Failure) 2018-08-08T21:41:05.360+0800: 28.537: [ParNew
Desired survivor size 20112992 bytes, new threshold 8 (max 8)
- age   1:     881776 bytes,     881776 total
- age   2:     681304 bytes,    1563080 total
- age   3:     732520 bytes,    2295600 total
- age   4:     363848 bytes,    2659448 total
- age   5:     405296 bytes,    3064744 total
- age   6:    8639048 bytes,   11703792 total
- age   7:    6993120 bytes,   18696912 total
: 109248K->21824K(109248K), 0.0333463 secs] 160546K->73137K(502464K), 0.0334427 secs] [Times: user=0.09 sys=0.01, real=0.05 secs] 
Heap after GC invocations=16 (full 1):
 par new generation   total 109248K, used 21824K [0x00000000e0000000, 0x00000000e8000000, 0x00000000e8000000)
  eden space 87424K,   0% used [0x00000000e0000000, 0x00000000e0000000, 0x00000000e5560000)
  from space 21824K, 100% used [0x00000000e5560000, 0x00000000e6ab0000, 0x00000000e6ab0000)
  to   space 21824K,   0% used [0x00000000e6ab0000, 0x00000000e6ab0000, 0x00000000e8000000)
 concurrent mark-sweep generation total 393216K, used 51313K [0x00000000e8000000, 0x0000000100000000, 0x0000000100000000)
 Metaspace       used 38570K, capacity 39690K, committed 39976K, reserved 1085440K
  class space    used 4601K, capacity 4875K, committed 4912K, reserved 1048576K
}
2018-08-08T21:41:05.407+0800: 28.571: Total time for which application threads were stopped: 0.0337945 seconds, Stopping threads took: 0.0000325 seconds
{Heap before GC invocations=16 (full 1):
 par new generation   total 109248K, used 109248K [0x00000000e0000000, 0x00000000e8000000, 0x00000000e8000000)
  eden space 87424K, 100% used [0x00000000e0000000, 0x00000000e5560000, 0x00000000e5560000)
  from space 21824K, 100% used [0x00000000e5560000, 0x00000000e6ab0000, 0x00000000e6ab0000)
  to   space 21824K,   0% used [0x00000000e6ab0000, 0x00000000e6ab0000, 0x00000000e8000000)
 concurrent mark-sweep generation total 393216K, used 51313K [0x00000000e8000000, 0x0000000100000000, 0x0000000100000000)
 Metaspace       used 38700K, capacity 39818K, committed 39976K, reserved 1085440K
  class space    used 4601K, capacity 4875K, committed 4912K, reserved 1048576K
2018-08-08T21:41:05.594+0800: 28.767: [GC (Allocation Failure) 2018-08-08T21:41:05.594+0800: 28.767: [ParNew
Desired survivor size 20112992 bytes, new threshold 8 (max 8)
- age   1:    1210864 bytes,    1210864 total
- age   2:     305688 bytes,    1516552 total
- age   3:     360464 bytes,    1877016 total
- age   4:     593208 bytes,    2470224 total
- age   5:     363848 bytes,    2834072 total
- age   6:     405128 bytes,    3239200 total
- age   7:    7717264 bytes,   10956464 total
- age   8:    6936352 bytes,   17892816 total
: 109248K->21824K(109248K), 0.0311232 secs] 160561K->74389K(502464K), 0.0312378 secs] [Times: user=0.13 sys=0.00, real=0.04 secs] 
Heap after GC invocations=17 (full 1):
 par new generation   total 109248K, used 21824K [0x00000000e0000000, 0x00000000e8000000, 0x00000000e8000000)
  eden space 87424K,   0% used [0x00000000e0000000, 0x00000000e0000000, 0x00000000e5560000)
  from space 21824K, 100% used [0x00000000e6ab0000, 0x00000000e8000000, 0x00000000e8000000)
  to   space 21824K,   0% used [0x00000000e5560000, 0x00000000e5560000, 0x00000000e6ab0000)
 concurrent mark-sweep generation total 393216K, used 52565K [0x00000000e8000000, 0x0000000100000000, 0x0000000100000000)
 Metaspace       used 38700K, capacity 39818K, committed 39976K, reserved 1085440K
  class space    used 4601K, capacity 4875K, committed 4912K, reserved 1048576K
}
2018-08-08T21:41:05.634+0800: 28.798: Total time for which application threads were stopped: 0.0315680 seconds, Stopping threads took: 0.0000285 seconds
{Heap before GC invocations=17 (full 1):
 par new generation   total 109248K, used 109248K [0x00000000e0000000, 0x00000000e8000000, 0x00000000e8000000)
  eden space 87424K, 100% used [0x00000000e0000000, 0x00000000e5560000, 0x00000000e5560000)
  from space 21824K, 100% used [0x00000000e6ab0000, 0x00000000e8000000, 0x00000000e8000000)
  to   space 21824K,   0% used [0x00000000e5560000, 0x00000000e5560000, 0x00000000e6ab0000)
 concurrent mark-sweep generation total 393216K, used 52565K [0x00000000e8000000, 0x0000000100000000, 0x0000000100000000)
 Metaspace       used 38701K, capacity 39818K, committed 39976K, reserved 1085440K
  class space    used 4601K, capacity 4875K, committed 4912K, reserved 1048576K
2018-08-08T21:41:05.851+0800: 29.026: [GC (Allocation Failure) 2018-08-08T21:41:05.851+0800: 29.027: [ParNew
Desired survivor size 20112992 bytes, new threshold 8 (max 8)
- age   1:    1344048 bytes,    1344048 total
- age   2:     478232 bytes,    1822280 total
- age   3:     305688 bytes,    2127968 total
- age   4:     360464 bytes,    2488432 total
- age   5:     593208 bytes,    3081640 total
- age   6:     363848 bytes,    3445488 total
- age   7:     405128 bytes,    3850616 total
- age   8:    7717264 bytes,   11567880 total
: 109248K->21824K(109248K), 0.0387504 secs] 161813K->81227K(502464K), 0.0388382 secs] [Times: user=0.13 sys=0.02, real=0.05 secs] 
Heap after GC invocations=18 (full 1):
 par new generation   total 109248K, used 21824K [0x00000000e0000000, 0x00000000e8000000, 0x00000000e8000000)
  eden space 87424K,   0% used [0x00000000e0000000, 0x00000000e0000000, 0x00000000e5560000)
  from space 21824K, 100% used [0x00000000e5560000, 0x00000000e6ab0000, 0x00000000e6ab0000)
  to   space 21824K,   0% used [0x00000000e6ab0000, 0x00000000e6ab0000, 0x00000000e8000000)
 concurrent mark-sweep generation total 393216K, used 59403K [0x00000000e8000000, 0x0000000100000000, 0x0000000100000000)
 Metaspace       used 38701K, capacity 39818K, committed 39976K, reserved 1085440K
  class space    used 4601K, capacity 4875K, committed 4912K, reserved 1048576K
}
2018-08-08T21:41:05.898+0800: 29.065: Total time for which application threads were stopped: 0.0390930 seconds, Stopping threads took: 0.0000308 seconds
{Heap before GC invocations=18 (full 1):
 par new generation   total 109248K, used 109248K [0x00000000e0000000, 0x00000000e8000000, 0x00000000e8000000)
  eden space 87424K, 100% used [0x00000000e0000000, 0x00000000e5560000, 0x00000000e5560000)
  from space 21824K, 100% used [0x00000000e5560000, 0x00000000e6ab0000, 0x00000000e6ab0000)
  to   space 21824K,   0% used [0x00000000e6ab0000, 0x00000000e6ab0000, 0x00000000e8000000)
 concurrent mark-sweep generation total 393216K, used 59403K [0x00000000e8000000, 0x0000000100000000, 0x0000000100000000)
 Metaspace       used 38704K, capacity 39818K, committed 39976K, reserved 1085440K
  class space    used 4601K, capacity 4875K, committed 4912K, reserved 1048576K
2018-08-08T21:41:06.038+0800: 29.210: [GC (Allocation Failure) 2018-08-08T21:41:06.038+0800: 29.210: [ParNew
Desired survivor size 20112992 bytes, new threshold 8 (max 8)
- age   1:     926184 bytes,     926184 total
- age   2:     761304 bytes,    1687488 total
- age   3:     477976 bytes,    2165464 total
- age   4:     304208 bytes,    2469672 total
- age   5:     360464 bytes,    2830136 total
- age   6:     593112 bytes,    3423248 total
- age   7:     363848 bytes,    3787096 total
- age   8:     405128 bytes,    4192224 total
: 109248K->8158K(109248K), 0.0232133 secs] 168651K->75117K(502464K), 0.0233148 secs] [Times: user=0.05 sys=0.00, real=0.02 secs] 
Heap after GC invocations=19 (full 1):
 par new generation   total 109248K, used 8158K [0x00000000e0000000, 0x00000000e8000000, 0x00000000e8000000)
  eden space 87424K,   0% used [0x00000000e0000000, 0x00000000e0000000, 0x00000000e5560000)
  from space 21824K,  37% used [0x00000000e6ab0000, 0x00000000e72a7a10, 0x00000000e8000000)
  to   space 21824K,   0% used [0x00000000e5560000, 0x00000000e5560000, 0x00000000e6ab0000)
 concurrent mark-sweep generation total 393216K, used 66958K [0x00000000e8000000, 0x0000000100000000, 0x0000000100000000)
 Metaspace       used 38704K, capacity 39818K, committed 39976K, reserved 1085440K
  class space    used 4601K, capacity 4875K, committed 4912K, reserved 1048576K
}
2018-08-08T21:41:06.054+0800: 29.233: Total time for which application threads were stopped: 0.0235753 seconds, Stopping threads took: 0.0000319 seconds
{Heap before GC invocations=19 (full 1):
 par new generation   total 109248K, used 95582K [0x00000000e0000000, 0x00000000e8000000, 0x00000000e8000000)
  eden space 87424K, 100% used [0x00000000e0000000, 0x00000000e5560000, 0x00000000e5560000)
  from space 21824K,  37% used [0x00000000e6ab0000, 0x00000000e72a7a10, 0x00000000e8000000)
  to   space 21824K,   0% used [0x00000000e5560000, 0x00000000e5560000, 0x00000000e6ab0000)
 concurrent mark-sweep generation total 393216K, used 66958K [0x00000000e8000000, 0x0000000100000000, 0x0000000100000000)
 Metaspace       used 38708K, capacity 39818K, committed 39976K, reserved 1085440K
  class space    used 4601K, capacity 4875K, committed 4912K, reserved 1048576K
2018-08-08T21:41:06.230+0800: 29.395: [GC (Allocation Failure) 2018-08-08T21:41:06.230+0800: 29.395: [ParNew
Desired survivor size 20112992 bytes, new threshold 8 (max 8)
- age   1:    1463536 bytes,    1463536 total
- age   2:     880584 bytes,    2344120 total
- age   3:     296880 bytes,    2641000 total
- age   4:     477976 bytes,    3118976 total
- age   5:     304208 bytes,    3423184 total
- age   6:     360464 bytes,    3783648 total
- age   7:     462024 bytes,    4245672 total
- age   8:     363848 bytes,    4609520 total
: 95582K->5998K(109248K), 0.0058636 secs] 162541K->73353K(502464K), 0.0059577 secs] [Times: user=0.00 sys=0.00, real=0.01 secs] 
Heap after GC invocations=20 (full 1):
 par new generation   total 109248K, used 5998K [0x00000000e0000000, 0x00000000e8000000, 0x00000000e8000000)
  eden space 87424K,   0% used [0x00000000e0000000, 0x00000000e0000000, 0x00000000e5560000)
  from space 21824K,  27% used [0x00000000e5560000, 0x00000000e5b3b920, 0x00000000e6ab0000)
  to   space 21824K,   0% used [0x00000000e6ab0000, 0x00000000e6ab0000, 0x00000000e8000000)
 concurrent mark-sweep generation total 393216K, used 67354K [0x00000000e8000000, 0x0000000100000000, 0x0000000100000000)
 Metaspace       used 38708K, capacity 39818K, committed 39976K, reserved 1085440K
  class space    used 4601K, capacity 4875K, committed 4912K, reserved 1048576K
}
2018-08-08T21:41:06.236+0800: 29.401: Total time for which application threads were stopped: 0.0061949 seconds, Stopping threads took: 0.0000285 seconds
{Heap before GC invocations=20 (full 1):
 par new generation   total 109248K, used 93422K [0x00000000e0000000, 0x00000000e8000000, 0x00000000e8000000)
  eden space 87424K, 100% used [0x00000000e0000000, 0x00000000e5560000, 0x00000000e5560000)
  from space 21824K,  27% used [0x00000000e5560000, 0x00000000e5b3b920, 0x00000000e6ab0000)
  to   space 21824K,   0% used [0x00000000e6ab0000, 0x00000000e6ab0000, 0x00000000e8000000)
 concurrent mark-sweep generation total 393216K, used 67354K [0x00000000e8000000, 0x0000000100000000, 0x0000000100000000)
 Metaspace       used 38762K, capacity 39882K, committed 39976K, reserved 1085440K
  class space    used 4601K, capacity 4875K, committed 4912K, reserved 1048576K
2018-08-08T21:41:06.411+0800: 29.576: [GC (Allocation Failure) 2018-08-08T21:41:06.411+0800: 29.576: [ParNew
Desired survivor size 20112992 bytes, new threshold 8 (max 8)
- age   1:    1662120 bytes,    1662120 total
- age   2:     866800 bytes,    2528920 total
- age   3:     319088 bytes,    2848008 total
- age   4:     296880 bytes,    3144888 total
- age   5:     477976 bytes,    3622864 total
- age   6:     291872 bytes,    3914736 total
- age   7:     344064 bytes,    4258800 total
- age   8:     462024 bytes,    4720824 total
: 93422K->5796K(109248K), 0.0058397 secs] 160777K->73507K(502464K), 0.0059463 secs] [Times: user=0.05 sys=0.00, real=0.01 secs] 
Heap after GC invocations=21 (full 1):
 par new generation   total 109248K, used 5796K [0x00000000e0000000, 0x00000000e8000000, 0x00000000e8000000)
  eden space 87424K,   0% used [0x00000000e0000000, 0x00000000e0000000, 0x00000000e5560000)
  from space 21824K,  26% used [0x00000000e6ab0000, 0x00000000e70591b0, 0x00000000e8000000)
  to   space 21824K,   0% used [0x00000000e5560000, 0x00000000e5560000, 0x00000000e6ab0000)
 concurrent mark-sweep generation total 393216K, used 67711K [0x00000000e8000000, 0x0000000100000000, 0x0000000100000000)
 Metaspace       used 38762K, capacity 39882K, committed 39976K, reserved 1085440K
  class space    used 4601K, capacity 4875K, committed 4912K, reserved 1048576K
}
2018-08-08T21:41:06.417+0800: 29.582: Total time for which application threads were stopped: 0.0062656 seconds, Stopping threads took: 0.0000428 seconds
{Heap before GC invocations=21 (full 1):
 par new generation   total 109248K, used 93220K [0x00000000e0000000, 0x00000000e8000000, 0x00000000e8000000)
  eden space 87424K, 100% used [0x00000000e0000000, 0x00000000e5560000, 0x00000000e5560000)
  from space 21824K,  26% used [0x00000000e6ab0000, 0x00000000e70591b0, 0x00000000e8000000)
  to   space 21824K,   0% used [0x00000000e5560000, 0x00000000e5560000, 0x00000000e6ab0000)
 concurrent mark-sweep generation total 393216K, used 67711K [0x00000000e8000000, 0x0000000100000000, 0x0000000100000000)
 Metaspace       used 38762K, capacity 39882K, committed 39976K, reserved 1085440K
  class space    used 4601K, capacity 4875K, committed 4912K, reserved 1048576K
2018-08-08T21:41:06.674+0800: 29.844: [GC (Allocation Failure) 2018-08-08T21:41:06.674+0800: 29.844: [ParNew
Desired survivor size 20112992 bytes, new threshold 8 (max 8)
- age   1:    1123656 bytes,    1123656 total
- age   2:     963592 bytes,    2087248 total
- age   3:     857104 bytes,    2944352 total
- age   4:     319088 bytes,    3263440 total
- age   5:     296880 bytes,    3560320 total
- age   6:     477976 bytes,    4038296 total
- age   7:     291872 bytes,    4330168 total
- age   8:     344064 bytes,    4674232 total
: 93220K->6946K(109248K), 0.0060124 secs] 160931K->75110K(502464K), 0.0061099 secs] [Times: user=0.00 sys=0.00, real=0.00 secs] 
Heap after GC invocations=22 (full 1):
 par new generation   total 109248K, used 6946K [0x00000000e0000000, 0x00000000e8000000, 0x00000000e8000000)
  eden space 87424K,   0% used [0x00000000e0000000, 0x00000000e0000000, 0x00000000e5560000)
  from space 21824K,  31% used [0x00000000e5560000, 0x00000000e5c28b60, 0x00000000e6ab0000)
  to   space 21824K,   0% used [0x00000000e6ab0000, 0x00000000e6ab0000, 0x00000000e8000000)
 concurrent mark-sweep generation total 393216K, used 68163K [0x00000000e8000000, 0x0000000100000000, 0x0000000100000000)
 Metaspace       used 38762K, capacity 39882K, committed 39976K, reserved 1085440K
  class space    used 4601K, capacity 4875K, committed 4912K, reserved 1048576K
}
2018-08-08T21:41:06.674+0800: 29.850: Total time for which application threads were stopped: 0.0064150 seconds, Stopping threads took: 0.0000376 seconds
{Heap before GC invocations=22 (full 1):
 par new generation   total 109248K, used 94370K [0x00000000e0000000, 0x00000000e8000000, 0x00000000e8000000)
  eden space 87424K, 100% used [0x00000000e0000000, 0x00000000e5560000, 0x00000000e5560000)
  from space 21824K,  31% used [0x00000000e5560000, 0x00000000e5c28b60, 0x00000000e6ab0000)
  to   space 21824K,   0% used [0x00000000e6ab0000, 0x00000000e6ab0000, 0x00000000e8000000)
 concurrent mark-sweep generation total 393216K, used 68163K [0x00000000e8000000, 0x0000000100000000, 0x0000000100000000)
 Metaspace       used 38773K, capacity 39882K, committed 39976K, reserved 1085440K
  class space    used 4602K, capacity 4875K, committed 4912K, reserved 1048576K
2018-08-08T21:41:06.876+0800: 30.052: [GC (Allocation Failure) 2018-08-08T21:41:06.876+0800: 30.052: [ParNew
Desired survivor size 20112992 bytes, new threshold 8 (max 8)
- age   1:    1180264 bytes,    1180264 total
- age   2:    1038736 bytes,    2219000 total
- age   3:     392792 bytes,    2611792 total
- age   4:     857104 bytes,    3468896 total
- age   5:     316872 bytes,    3785768 total
- age   6:     296880 bytes,    4082648 total
- age   7:     477976 bytes,    4560624 total
- age   8:     291872 bytes,    4852496 total
: 94370K->5843K(109248K), 0.0057524 secs] 162534K->74344K(502464K), 0.0058402 secs] [Times: user=0.06 sys=0.00, real=0.02 secs] 
Heap after GC invocations=23 (full 1):
 par new generation   total 109248K, used 5843K [0x00000000e0000000, 0x00000000e8000000, 0x00000000e8000000)
  eden space 87424K,   0% used [0x00000000e0000000, 0x00000000e0000000, 0x00000000e5560000)
  from space 21824K,  26% used [0x00000000e6ab0000, 0x00000000e7064df0, 0x00000000e8000000)
  to   space 21824K,   0% used [0x00000000e5560000, 0x00000000e5560000, 0x00000000e6ab0000)
 concurrent mark-sweep generation total 393216K, used 68500K [0x00000000e8000000, 0x0000000100000000, 0x0000000100000000)
 Metaspace       used 38773K, capacity 39882K, committed 39976K, reserved 1085440K
  class space    used 4602K, capacity 4875K, committed 4912K, reserved 1048576K
}
2018-08-08T21:41:06.892+0800: 30.058: Total time for which application threads were stopped: 0.0061008 seconds, Stopping threads took: 0.0000285 seconds
{Heap before GC invocations=23 (full 1):
 par new generation   total 109248K, used 93267K [0x00000000e0000000, 0x00000000e8000000, 0x00000000e8000000)
  eden space 87424K, 100% used [0x00000000e0000000, 0x00000000e5560000, 0x00000000e5560000)
  from space 21824K,  26% used [0x00000000e6ab0000, 0x00000000e7064df0, 0x00000000e8000000)
  to   space 21824K,   0% used [0x00000000e5560000, 0x00000000e5560000, 0x00000000e6ab0000)
 concurrent mark-sweep generation total 393216K, used 68500K [0x00000000e8000000, 0x0000000100000000, 0x0000000100000000)
 Metaspace       used 38789K, capacity 39882K, committed 39976K, reserved 1085440K
  class space    used 4602K, capacity 4875K, committed 4912K, reserved 1048576K
2018-08-08T21:41:07.150+0800: 30.314: [GC (Allocation Failure) 2018-08-08T21:41:07.150+0800: 30.314: [ParNew
Desired survivor size 20112992 bytes, new threshold 8 (max 8)
- age   1:    1253264 bytes,    1253264 total
- age   2:    1082640 bytes,    2335904 total
- age   3:     327640 bytes,    2663544 total
- age   4:     392792 bytes,    3056336 total
- age   5:     857104 bytes,    3913440 total
- age   6:     316872 bytes,    4230312 total
- age   7:     296880 bytes,    4527192 total
- age   8:     453352 bytes,    4980544 total
: 93267K->6826K(109248K), 0.0066522 secs] 161768K->75613K(502464K), 0.0067491 secs] [Times: user=0.00 sys=0.00, real=0.01 secs] 
Heap after GC invocations=24 (full 1):
 par new generation   total 109248K, used 6826K [0x00000000e0000000, 0x00000000e8000000, 0x00000000e8000000)
  eden space 87424K,   0% used [0x00000000e0000000, 0x00000000e0000000, 0x00000000e5560000)
  from space 21824K,  31% used [0x00000000e5560000, 0x00000000e5c0a978, 0x00000000e6ab0000)
  to   space 21824K,   0% used [0x00000000e6ab0000, 0x00000000e6ab0000, 0x00000000e8000000)
 concurrent mark-sweep generation total 393216K, used 68786K [0x00000000e8000000, 0x0000000100000000, 0x0000000100000000)
 Metaspace       used 38789K, capacity 39882K, committed 39976K, reserved 1085440K
  class space    used 4602K, capacity 4875K, committed 4912K, reserved 1048576K
}
2018-08-08T21:41:07.157+0800: 30.321: Total time for which application threads were stopped: 0.0070615 seconds, Stopping threads took: 0.0000336 seconds
{Heap before GC invocations=24 (full 1):
 par new generation   total 109248K, used 94250K [0x00000000e0000000, 0x00000000e8000000, 0x00000000e8000000)
  eden space 87424K, 100% used [0x00000000e0000000, 0x00000000e5560000, 0x00000000e5560000)
  from space 21824K,  31% used [0x00000000e5560000, 0x00000000e5c0a978, 0x00000000e6ab0000)
  to   space 21824K,   0% used [0x00000000e6ab0000, 0x00000000e6ab0000, 0x00000000e8000000)
 concurrent mark-sweep generation total 393216K, used 68786K [0x00000000e8000000, 0x0000000100000000, 0x0000000100000000)
 Metaspace       used 38790K, capacity 39882K, committed 39976K, reserved 1085440K
  class space    used 4602K, capacity 4875K, committed 4912K, reserved 1048576K
2018-08-08T21:41:07.295+0800: 30.470: [GC (Allocation Failure) 2018-08-08T21:41:07.295+0800: 30.470: [ParNew
Desired survivor size 20112992 bytes, new threshold 8 (max 8)
- age   1:    1150408 bytes,    1150408 total
- age   2:    1204176 bytes,    2354584 total
- age   3:     419048 bytes,    2773632 total
- age   4:     327640 bytes,    3101272 total
- age   5:     392792 bytes,    3494064 total
- age   6:     857104 bytes,    4351168 total
- age   7:     316872 bytes,    4668040 total
- age   8:     296880 bytes,    4964920 total
: 94250K->6902K(109248K), 0.0058340 secs] 163037K->76133K(502464K), 0.0059326 secs] [Times: user=0.05 sys=0.00, real=0.02 secs] 
Heap after GC invocations=25 (full 1):
 par new generation   total 109248K, used 6902K [0x00000000e0000000, 0x00000000e8000000, 0x00000000e8000000)
  eden space 87424K,   0% used [0x00000000e0000000, 0x00000000e0000000, 0x00000000e5560000)
  from space 21824K,  31% used [0x00000000e6ab0000, 0x00000000e716dab0, 0x00000000e8000000)
  to   space 21824K,   0% used [0x00000000e5560000, 0x00000000e5560000, 0x00000000e6ab0000)
 concurrent mark-sweep generation total 393216K, used 69231K [0x00000000e8000000, 0x0000000100000000, 0x0000000100000000)
 Metaspace       used 38790K, capacity 39882K, committed 39976K, reserved 1085440K
  class space    used 4602K, capacity 4875K, committed 4912K, reserved 1048576K
}
2018-08-08T21:41:07.311+0800: 30.476: Total time for which application threads were stopped: 0.0062114 seconds, Stopping threads took: 0.0000354 seconds
{Heap before GC invocations=25 (full 1):
 par new generation   total 109248K, used 94326K [0x00000000e0000000, 0x00000000e8000000, 0x00000000e8000000)
  eden space 87424K, 100% used [0x00000000e0000000, 0x00000000e5560000, 0x00000000e5560000)
  from space 21824K,  31% used [0x00000000e6ab0000, 0x00000000e716dab0, 0x00000000e8000000)
  to   space 21824K,   0% used [0x00000000e5560000, 0x00000000e5560000, 0x00000000e6ab0000)
 concurrent mark-sweep generation total 393216K, used 69231K [0x00000000e8000000, 0x0000000100000000, 0x0000000100000000)
 Metaspace       used 38798K, capacity 39882K, committed 39976K, reserved 1085440K
  class space    used 4602K, capacity 4875K, committed 4912K, reserved 1048576K
2018-08-08T21:41:07.530+0800: 30.694: [GC (Allocation Failure) 2018-08-08T21:41:07.530+0800: 30.694: [ParNew
Desired survivor size 20112992 bytes, new threshold 8 (max 8)
- age   1:    1351664 bytes,    1351664 total
- age   2:    1031416 bytes,    2383080 total
- age   3:     390384 bytes,    2773464 total
- age   4:     419048 bytes,    3192512 total
- age   5:     327640 bytes,    3520152 total
- age   6:     392792 bytes,    3912944 total
- age   7:     857104 bytes,    4770048 total
- age   8:     316872 bytes,    5086920 total
: 94326K->6639K(109248K), 0.0058528 secs] 163557K->76161K(502464K), 0.0059463 secs] [Times: user=0.00 sys=0.00, real=0.01 secs] 
Heap after GC invocations=26 (full 1):
 par new generation   total 109248K, used 6639K [0x00000000e0000000, 0x00000000e8000000, 0x00000000e8000000)
  eden space 87424K,   0% used [0x00000000e0000000, 0x00000000e0000000, 0x00000000e5560000)
  from space 21824K,  30% used [0x00000000e5560000, 0x00000000e5bdbcc0, 0x00000000e6ab0000)
  to   space 21824K,   0% used [0x00000000e6ab0000, 0x00000000e6ab0000, 0x00000000e8000000)
 concurrent mark-sweep generation total 393216K, used 69522K [0x00000000e8000000, 0x0000000100000000, 0x0000000100000000)
 Metaspace       used 38798K, capacity 39882K, committed 39976K, reserved 1085440K
  class space    used 4602K, capacity 4875K, committed 4912K, reserved 1048576K
}
2018-08-08T21:41:07.536+0800: 30.700: Total time for which application threads were stopped: 0.0062074 seconds, Stopping threads took: 0.0000279 seconds
{Heap before GC invocations=26 (full 1):
 par new generation   total 109248K, used 94063K [0x00000000e0000000, 0x00000000e8000000, 0x00000000e8000000)
  eden space 87424K, 100% used [0x00000000e0000000, 0x00000000e5560000, 0x00000000e5560000)
  from space 21824K,  30% used [0x00000000e5560000, 0x00000000e5bdbcc0, 0x00000000e6ab0000)
  to   space 21824K,   0% used [0x00000000e6ab0000, 0x00000000e6ab0000, 0x00000000e8000000)
 concurrent mark-sweep generation total 393216K, used 69522K [0x00000000e8000000, 0x0000000100000000, 0x0000000100000000)
 Metaspace       used 38798K, capacity 39882K, committed 39976K, reserved 1085440K
  class space    used 4602K, capacity 4875K, committed 4912K, reserved 1048576K
2018-08-08T21:41:07.715+0800: 30.879: [GC (Allocation Failure) 2018-08-08T21:41:07.715+0800: 30.879: [ParNew
Desired survivor size 20112992 bytes, new threshold 8 (max 8)
- age   1:    1305680 bytes,    1305680 total
- age   2:    1218728 bytes,    2524408 total
- age   3:     309024 bytes,    2833432 total
- age   4:     390384 bytes,    3223816 total
- age   5:     419048 bytes,    3642864 total
- age   6:     327640 bytes,    3970504 total
- age   7:     392792 bytes,    4363296 total
- age   8:     857104 bytes,    5220400 total
: 94063K->6325K(109248K), 0.0056703 secs] 163585K->76158K(502464K), 0.0057718 secs] [Times: user=0.00 sys=0.00, real=0.01 secs] 
Heap after GC invocations=27 (full 1):
 par new generation   total 109248K, used 6325K [0x00000000e0000000, 0x00000000e8000000, 0x00000000e8000000)
  eden space 87424K,   0% used [0x00000000e0000000, 0x00000000e0000000, 0x00000000e5560000)
  from space 21824K,  28% used [0x00000000e6ab0000, 0x00000000e70dd630, 0x00000000e8000000)
  to   space 21824K,   0% used [0x00000000e5560000, 0x00000000e5560000, 0x00000000e6ab0000)
 concurrent mark-sweep generation total 393216K, used 69832K [0x00000000e8000000, 0x0000000100000000, 0x0000000100000000)
 Metaspace       used 38798K, capacity 39882K, committed 39976K, reserved 1085440K
  class space    used 4602K, capacity 4875K, committed 4912K, reserved 1048576K
}
2018-08-08T21:41:07.721+0800: 30.885: Total time for which application threads were stopped: 0.0061054 seconds, Stopping threads took: 0.0000468 seconds
{Heap before GC invocations=27 (full 1):
 par new generation   total 109248K, used 93749K [0x00000000e0000000, 0x00000000e8000000, 0x00000000e8000000)
  eden space 87424K, 100% used [0x00000000e0000000, 0x00000000e5560000, 0x00000000e5560000)
  from space 21824K,  28% used [0x00000000e6ab0000, 0x00000000e70dd630, 0x00000000e8000000)
  to   space 21824K,   0% used [0x00000000e5560000, 0x00000000e5560000, 0x00000000e6ab0000)
 concurrent mark-sweep generation total 393216K, used 69832K [0x00000000e8000000, 0x0000000100000000, 0x0000000100000000)
 Metaspace       used 38798K, capacity 39882K, committed 39976K, reserved 1085440K
  class space    used 4602K, capacity 4875K, committed 4912K, reserved 1048576K
2018-08-08T21:41:07.866+0800: 31.030: [GC (Allocation Failure) 2018-08-08T21:41:07.866+0800: 31.030: [ParNew
Desired survivor size 20112992 bytes, new threshold 8 (max 8)
- age   1:    1368624 bytes,    1368624 total
- age   2:    1267664 bytes,    2636288 total
- age   3:     373120 bytes,    3009408 total
- age   4:     309024 bytes,    3318432 total
- age   5:     390384 bytes,    3708816 total
- age   6:     415736 bytes,    4124552 total
- age   7:     327560 bytes,    4452112 total
- age   8:     392792 bytes,    4844904 total
: 93749K->5882K(109248K), 0.0057707 secs] 163582K->76553K(502464K), 0.0058625 secs] [Times: user=0.05 sys=0.00, real=0.01 secs] 
Heap after GC invocations=28 (full 1):
 par new generation   total 109248K, used 5882K [0x00000000e0000000, 0x00000000e8000000, 0x00000000e8000000)
  eden space 87424K,   0% used [0x00000000e0000000, 0x00000000e0000000, 0x00000000e5560000)
  from space 21824K,  26% used [0x00000000e5560000, 0x00000000e5b1eb70, 0x00000000e6ab0000)
  to   space 21824K,   0% used [0x00000000e6ab0000, 0x00000000e6ab0000, 0x00000000e8000000)
 concurrent mark-sweep generation total 393216K, used 70670K [0x00000000e8000000, 0x0000000100000000, 0x0000000100000000)
 Metaspace       used 38798K, capacity 39882K, committed 39976K, reserved 1085440K
  class space    used 4602K, capacity 4875K, committed 4912K, reserved 1048576K
}
2018-08-08T21:41:07.872+0800: 31.036: Total time for which application threads were stopped: 0.0061105 seconds, Stopping threads took: 0.0000296 seconds
{Heap before GC invocations=28 (full 1):
 par new generation   total 109248K, used 93306K [0x00000000e0000000, 0x00000000e8000000, 0x00000000e8000000)
  eden space 87424K, 100% used [0x00000000e0000000, 0x00000000e5560000, 0x00000000e5560000)
  from space 21824K,  26% used [0x00000000e5560000, 0x00000000e5b1eb70, 0x00000000e6ab0000)
  to   space 21824K,   0% used [0x00000000e6ab0000, 0x00000000e6ab0000, 0x00000000e8000000)
 concurrent mark-sweep generation total 393216K, used 70670K [0x00000000e8000000, 0x0000000100000000, 0x0000000100000000)
 Metaspace       used 38798K, capacity 39882K, committed 39976K, reserved 1085440K
  class space    used 4602K, capacity 4875K, committed 4912K, reserved 1048576K
2018-08-08T21:41:08.026+0800: 31.191: [GC (Allocation Failure) 2018-08-08T21:41:08.027+0800: 31.191: [ParNew
Desired survivor size 20112992 bytes, new threshold 8 (max 8)
- age   1:    1199848 bytes,    1199848 total
- age   2:    1333784 bytes,    2533632 total
- age   3:     454944 bytes,    2988576 total
- age   4:     373120 bytes,    3361696 total
- age   5:     309024 bytes,    3670720 total
- age   6:     390384 bytes,    4061104 total
- age   7:     415736 bytes,    4476840 total
- age   8:     327560 bytes,    4804400 total
: 93306K->6793K(109248K), 0.0059012 secs] 163977K->77848K(502464K), 0.0060044 secs] [Times: user=0.00 sys=0.00, real=0.01 secs] 
Heap after GC invocations=29 (full 1):
 par new generation   total 109248K, used 6793K [0x00000000e0000000, 0x00000000e8000000, 0x00000000e8000000)
  eden space 87424K,   0% used [0x00000000e0000000, 0x00000000e0000000, 0x00000000e5560000)
  from space 21824K,  31% used [0x00000000e6ab0000, 0x00000000e7152630, 0x00000000e8000000)
  to   space 21824K,   0% used [0x00000000e5560000, 0x00000000e5560000, 0x00000000e6ab0000)
 concurrent mark-sweep generation total 393216K, used 71055K [0x00000000e8000000, 0x0000000100000000, 0x0000000100000000)
 Metaspace       used 38798K, capacity 39882K, committed 39976K, reserved 1085440K
  class space    used 4602K, capacity 4875K, committed 4912K, reserved 1048576K
}
2018-08-08T21:41:08.033+0800: 31.197: Total time for which application threads were stopped: 0.0062952 seconds, Stopping threads took: 0.0000348 seconds
{Heap before GC invocations=29 (full 1):
 par new generation   total 109248K, used 94217K [0x00000000e0000000, 0x00000000e8000000, 0x00000000e8000000)
  eden space 87424K, 100% used [0x00000000e0000000, 0x00000000e5560000, 0x00000000e5560000)
  from space 21824K,  31% used [0x00000000e6ab0000, 0x00000000e7152630, 0x00000000e8000000)
  to   space 21824K,   0% used [0x00000000e5560000, 0x00000000e5560000, 0x00000000e6ab0000)
 concurrent mark-sweep generation total 393216K, used 71055K [0x00000000e8000000, 0x0000000100000000, 0x0000000100000000)
 Metaspace       used 38803K, capacity 39946K, committed 40232K, reserved 1085440K
  class space    used 4602K, capacity 4875K, committed 4912K, reserved 1048576K
2018-08-08T21:41:08.164+0800: 31.339: [GC (Allocation Failure) 2018-08-08T21:41:08.164+0800: 31.339: [ParNew
Desired survivor size 20112992 bytes, new threshold 8 (max 8)
- age   1:    2011376 bytes,    2011376 total
- age   2:    1163008 bytes,    3174384 total
- age   3:     413040 bytes,    3587424 total
- age   4:     443280 bytes,    4030704 total
- age   5:     373120 bytes,    4403824 total
- age   6:     309024 bytes,    4712848 total
- age   7:     390384 bytes,    5103232 total
- age   8:     415736 bytes,    5518968 total
: 94217K->6853K(109248K), 0.0056412 secs] 165272K->78229K(502464K), 0.0057410 secs] [Times: user=0.06 sys=0.00, real=0.02 secs] 
Heap after GC invocations=30 (full 1):
 par new generation   total 109248K, used 6853K [0x00000000e0000000, 0x00000000e8000000, 0x00000000e8000000)
  eden space 87424K,   0% used [0x00000000e0000000, 0x00000000e0000000, 0x00000000e5560000)
  from space 21824K,  31% used [0x00000000e5560000, 0x00000000e5c115a8, 0x00000000e6ab0000)
  to   space 21824K,   0% used [0x00000000e6ab0000, 0x00000000e6ab0000, 0x00000000e8000000)
 concurrent mark-sweep generation total 393216K, used 71376K [0x00000000e8000000, 0x0000000100000000, 0x0000000100000000)
 Metaspace       used 38803K, capacity 39946K, committed 40232K, reserved 1085440K
  class space    used 4602K, capacity 4875K, committed 4912K, reserved 1048576K
}
2018-08-08T21:41:08.180+0800: 31.345: Total time for which application threads were stopped: 0.0060523 seconds, Stopping threads took: 0.0000336 seconds
{Heap before GC invocations=30 (full 1):
 par new generation   total 109248K, used 94277K [0x00000000e0000000, 0x00000000e8000000, 0x00000000e8000000)
  eden space 87424K, 100% used [0x00000000e0000000, 0x00000000e5560000, 0x00000000e5560000)
  from space 21824K,  31% used [0x00000000e5560000, 0x00000000e5c115a8, 0x00000000e6ab0000)
  to   space 21824K,   0% used [0x00000000e6ab0000, 0x00000000e6ab0000, 0x00000000e8000000)
 concurrent mark-sweep generation total 393216K, used 71376K [0x00000000e8000000, 0x0000000100000000, 0x0000000100000000)
 Metaspace       used 38803K, capacity 39946K, committed 40232K, reserved 1085440K
  class space    used 4602K, capacity 4875K, committed 4912K, reserved 1048576K
2018-08-08T21:41:08.326+0800: 31.490: [GC (Allocation Failure) 2018-08-08T21:41:08.326+0800: 31.490: [ParNew
Desired survivor size 20112992 bytes, new threshold 8 (max 8)
- age   1:    2121528 bytes,    2121528 total
- age   2:    1968944 bytes,    4090472 total
- age   3:     248704 bytes,    4339176 total
- age   4:     382472 bytes,    4721648 total
- age   5:     345736 bytes,    5067384 total
- age   6:     373120 bytes,    5440504 total
- age   7:     309024 bytes,    5749528 total
- age   8:     390384 bytes,    6139912 total
: 94277K->7139K(109248K), 0.0061339 secs] 165653K->78923K(502464K), 0.0062302 secs] [Times: user=0.00 sys=0.00, real=0.01 secs] 
Heap after GC invocations=31 (full 1):
 par new generation   total 109248K, used 7139K [0x00000000e0000000, 0x00000000e8000000, 0x00000000e8000000)
  eden space 87424K,   0% used [0x00000000e0000000, 0x00000000e0000000, 0x00000000e5560000)
  from space 21824K,  32% used [0x00000000e6ab0000, 0x00000000e71a8e90, 0x00000000e8000000)
  to   space 21824K,   0% used [0x00000000e5560000, 0x00000000e5560000, 0x00000000e6ab0000)
 concurrent mark-sweep generation total 393216K, used 71784K [0x00000000e8000000, 0x0000000100000000, 0x0000000100000000)
 Metaspace       used 38803K, capacity 39946K, committed 40232K, reserved 1085440K
  class space    used 4602K, capacity 4875K, committed 4912K, reserved 1048576K
}
2018-08-08T21:41:08.332+0800: 31.496: Total time for which application threads were stopped: 0.0064874 seconds, Stopping threads took: 0.0000331 seconds
{Heap before GC invocations=31 (full 1):
 par new generation   total 109248K, used 94563K [0x00000000e0000000, 0x00000000e8000000, 0x00000000e8000000)
  eden space 87424K, 100% used [0x00000000e0000000, 0x00000000e5560000, 0x00000000e5560000)
  from space 21824K,  32% used [0x00000000e6ab0000, 0x00000000e71a8e90, 0x00000000e8000000)
  to   space 21824K,   0% used [0x00000000e5560000, 0x00000000e5560000, 0x00000000e6ab0000)
 concurrent mark-sweep generation total 393216K, used 71784K [0x00000000e8000000, 0x0000000100000000, 0x0000000100000000)
 Metaspace       used 38803K, capacity 39946K, committed 40232K, reserved 1085440K
  class space    used 4602K, capacity 4875K, committed 4912K, reserved 1048576K
2018-08-08T21:41:08.462+0800: 31.635: [GC (Allocation Failure) 2018-08-08T21:41:08.462+0800: 31.635: [ParNew
Desired survivor size 20112992 bytes, new threshold 8 (max 8)
- age   1:     477592 bytes,     477592 total
- age   2:    2056720 bytes,    2534312 total
- age   3:    1968944 bytes,    4503256 total
- age   4:     248704 bytes,    4751960 total
- age   5:     382472 bytes,    5134432 total
- age   6:     345736 bytes,    5480168 total
- age   7:     373120 bytes,    5853288 total
- age   8:     309024 bytes,    6162312 total
: 94563K->7428K(109248K), 0.0058665 secs] 166347K->79594K(502464K), 0.0059662 secs] [Times: user=0.00 sys=0.00, real=0.00 secs] 
Heap after GC invocations=32 (full 1):
 par new generation   total 109248K, used 7428K [0x00000000e0000000, 0x00000000e8000000, 0x00000000e8000000)
  eden space 87424K,   0% used [0x00000000e0000000, 0x00000000e0000000, 0x00000000e5560000)
  from space 21824K,  34% used [0x00000000e5560000, 0x00000000e5ca1208, 0x00000000e6ab0000)
  to   space 21824K,   0% used [0x00000000e6ab0000, 0x00000000e6ab0000, 0x00000000e8000000)
 concurrent mark-sweep generation total 393216K, used 72166K [0x00000000e8000000, 0x0000000100000000, 0x0000000100000000)
 Metaspace       used 38803K, capacity 39946K, committed 40232K, reserved 1085440K
  class space    used 4602K, capacity 4875K, committed 4912K, reserved 1048576K
}
2018-08-08T21:41:08.462+0800: 31.641: Total time for which application threads were stopped: 0.0062399 seconds, Stopping threads took: 0.0000439 seconds
{Heap before GC invocations=32 (full 1):
 par new generation   total 109248K, used 94852K [0x00000000e0000000, 0x00000000e8000000, 0x00000000e8000000)
  eden space 87424K, 100% used [0x00000000e0000000, 0x00000000e5560000, 0x00000000e5560000)
  from space 21824K,  34% used [0x00000000e5560000, 0x00000000e5ca1208, 0x00000000e6ab0000)
  to   space 21824K,   0% used [0x00000000e6ab0000, 0x00000000e6ab0000, 0x00000000e8000000)
 concurrent mark-sweep generation total 393216K, used 72166K [0x00000000e8000000, 0x0000000100000000, 0x0000000100000000)
 Metaspace       used 38803K, capacity 39946K, committed 40232K, reserved 1085440K
  class space    used 4602K, capacity 4875K, committed 4912K, reserved 1048576K
2018-08-08T21:41:08.599+0800: 31.776: [GC (Allocation Failure) 2018-08-08T21:41:08.599+0800: 31.776: [ParNew
Desired survivor size 20112992 bytes, new threshold 8 (max 8)
- age   1:    1556200 bytes,    1556200 total
- age   2:     413784 bytes,    1969984 total
- age   3:    2056720 bytes,    4026704 total
- age   4:     919976 bytes,    4946680 total
- age   5:     248704 bytes,    5195384 total
- age   6:     382472 bytes,    5577856 total
- age   7:     345736 bytes,    5923592 total
- age   8:     373120 bytes,    6296712 total
: 94852K->7366K(109248K), 0.0053989 secs] 167018K->79836K(502464K), 0.0054862 secs] [Times: user=0.05 sys=0.01, real=0.02 secs] 
Heap after GC invocations=33 (full 1):
 par new generation   total 109248K, used 7366K [0x00000000e0000000, 0x00000000e8000000, 0x00000000e8000000)
  eden space 87424K,   0% used [0x00000000e0000000, 0x00000000e0000000, 0x00000000e5560000)
  from space 21824K,  33% used [0x00000000e6ab0000, 0x00000000e71e1b40, 0x00000000e8000000)
  to   space 21824K,   0% used [0x00000000e5560000, 0x00000000e5560000, 0x00000000e6ab0000)
 concurrent mark-sweep generation total 393216K, used 72469K [0x00000000e8000000, 0x0000000100000000, 0x0000000100000000)
 Metaspace       used 38803K, capacity 39946K, committed 40232K, reserved 1085440K
  class space    used 4602K, capacity 4875K, committed 4912K, reserved 1048576K
}
2018-08-08T21:41:08.615+0800: 31.781: Total time for which application threads were stopped: 0.0057627 seconds, Stopping threads took: 0.0000319 seconds
{Heap before GC invocations=33 (full 1):
 par new generation   total 109248K, used 94790K [0x00000000e0000000, 0x00000000e8000000, 0x00000000e8000000)
  eden space 87424K, 100% used [0x00000000e0000000, 0x00000000e5560000, 0x00000000e5560000)
  from space 21824K,  33% used [0x00000000e6ab0000, 0x00000000e71e1b40, 0x00000000e8000000)
  to   space 21824K,   0% used [0x00000000e5560000, 0x00000000e5560000, 0x00000000e6ab0000)
 concurrent mark-sweep generation total 393216K, used 72469K [0x00000000e8000000, 0x0000000100000000, 0x0000000100000000)
 Metaspace       used 38803K, capacity 39946K, committed 40232K, reserved 1085440K
  class space    used 4602K, capacity 4875K, committed 4912K, reserved 1048576K
2018-08-08T21:41:08.749+0800: 31.920: [GC (Allocation Failure) 2018-08-08T21:41:08.749+0800: 31.920: [ParNew
Desired survivor size 20112992 bytes, new threshold 8 (max 8)
- age   1:    1559288 bytes,    1559288 total
- age   2:    1519200 bytes,    3078488 total
- age   3:     413784 bytes,    3492272 total
- age   4:     993752 bytes,    4486024 total
- age   5:     919976 bytes,    5406000 total
- age   6:     248704 bytes,    5654704 total
- age   7:     382472 bytes,    6037176 total
- age   8:     345736 bytes,    6382912 total
: 94790K->6741K(109248K), 0.0087008 secs] 167260K->79576K(502464K), 0.0088017 secs] [Times: user=0.05 sys=0.00, real=0.01 secs] 
Heap after GC invocations=34 (full 1):
 par new generation   total 109248K, used 6741K [0x00000000e0000000, 0x00000000e8000000, 0x00000000e8000000)
  eden space 87424K,   0% used [0x00000000e0000000, 0x00000000e0000000, 0x00000000e5560000)
  from space 21824K,  30% used [0x00000000e5560000, 0x00000000e5bf5488, 0x00000000e6ab0000)
  to   space 21824K,   0% used [0x00000000e6ab0000, 0x00000000e6ab0000, 0x00000000e8000000)
 concurrent mark-sweep generation total 393216K, used 72834K [0x00000000e8000000, 0x0000000100000000, 0x0000000100000000)
 Metaspace       used 38803K, capacity 39946K, committed 40232K, reserved 1085440K
  class space    used 4602K, capacity 4875K, committed 4912K, reserved 1048576K
}
2018-08-08T21:41:08.764+0800: 31.929: Total time for which application threads were stopped: 0.0090896 seconds, Stopping threads took: 0.0000354 seconds
{Heap before GC invocations=34 (full 1):
 par new generation   total 109248K, used 94165K [0x00000000e0000000, 0x00000000e8000000, 0x00000000e8000000)
  eden space 87424K, 100% used [0x00000000e0000000, 0x00000000e5560000, 0x00000000e5560000)
  from space 21824K,  30% used [0x00000000e5560000, 0x00000000e5bf5488, 0x00000000e6ab0000)
  to   space 21824K,   0% used [0x00000000e6ab0000, 0x00000000e6ab0000, 0x00000000e8000000)
 concurrent mark-sweep generation total 393216K, used 72834K [0x00000000e8000000, 0x0000000100000000, 0x0000000100000000)
 Metaspace       used 38803K, capacity 39946K, committed 40232K, reserved 1085440K
  class space    used 4602K, capacity 4875K, committed 4912K, reserved 1048576K
2018-08-08T21:41:08.906+0800: 32.071: [GC (Allocation Failure) 2018-08-08T21:41:08.906+0800: 32.071: [ParNew
Desired survivor size 20112992 bytes, new threshold 8 (max 8)
- age   1:     377064 bytes,     377064 total
- age   2:    1494032 bytes,    1871096 total
- age   3:    1519200 bytes,    3390296 total
- age   4:     413784 bytes,    3804080 total
- age   5:     993752 bytes,    4797832 total
- age   6:     919976 bytes,    5717808 total
- age   7:     248704 bytes,    5966512 total
- age   8:     382472 bytes,    6348984 total
: 94165K->7595K(109248K), 0.0055318 secs] 167000K->80769K(502464K), 0.0056241 secs] [Times: user=0.00 sys=0.00, real=0.00 secs] 
Heap after GC invocations=35 (full 1):
 par new generation   total 109248K, used 7595K [0x00000000e0000000, 0x00000000e8000000, 0x00000000e8000000)
  eden space 87424K,   0% used [0x00000000e0000000, 0x00000000e0000000, 0x00000000e5560000)
  from space 21824K,  34% used [0x00000000e6ab0000, 0x00000000e721ae80, 0x00000000e8000000)
  to   space 21824K,   0% used [0x00000000e5560000, 0x00000000e5560000, 0x00000000e6ab0000)
 concurrent mark-sweep generation total 393216K, used 73173K [0x00000000e8000000, 0x0000000100000000, 0x0000000100000000)
 Metaspace       used 38803K, capacity 39946K, committed 40232K, reserved 1085440K
  class space    used 4602K, capacity 4875K, committed 4912K, reserved 1048576K
}
2018-08-08T21:41:08.906+0800: 32.076: Total time for which application threads were stopped: 0.0058739 seconds, Stopping threads took: 0.0000325 seconds
{Heap before GC invocations=35 (full 1):
 par new generation   total 109248K, used 95019K [0x00000000e0000000, 0x00000000e8000000, 0x00000000e8000000)
  eden space 87424K, 100% used [0x00000000e0000000, 0x00000000e5560000, 0x00000000e5560000)
  from space 21824K,  34% used [0x00000000e6ab0000, 0x00000000e721ae80, 0x00000000e8000000)
  to   space 21824K,   0% used [0x00000000e5560000, 0x00000000e5560000, 0x00000000e6ab0000)
 concurrent mark-sweep generation total 393216K, used 73173K [0x00000000e8000000, 0x0000000100000000, 0x0000000100000000)
 Metaspace       used 38803K, capacity 39946K, committed 40232K, reserved 1085440K
  class space    used 4602K, capacity 4875K, committed 4912K, reserved 1048576K
2018-08-08T21:41:09.047+0800: 32.220: [GC (Allocation Failure) 2018-08-08T21:41:09.047+0800: 32.220: [ParNew
Desired survivor size 20112992 bytes, new threshold 8 (max 8)
- age   1:     567216 bytes,     567216 total
- age   2:     286680 bytes,     853896 total
- age   3:    1494032 bytes,    2347928 total
- age   4:    1496272 bytes,    3844200 total
- age   5:     413784 bytes,    4257984 total
- age   6:     884000 bytes,    5141984 total
- age   7:     919976 bytes,    6061960 total
- age   8:     248704 bytes,    6310664 total
: 95019K->8346K(109248K), 0.0059913 secs] 168193K->81894K(502464K), 0.0060774 secs] [Times: user=0.00 sys=0.00, real=0.00 secs] 
Heap after GC invocations=36 (full 1):
 par new generation   total 109248K, used 8346K [0x00000000e0000000, 0x00000000e8000000, 0x00000000e8000000)
  eden space 87424K,   0% used [0x00000000e0000000, 0x00000000e0000000, 0x00000000e5560000)
  from space 21824K,  38% used [0x00000000e5560000, 0x00000000e5d869a8, 0x00000000e6ab0000)
  to   space 21824K,   0% used [0x00000000e6ab0000, 0x00000000e6ab0000, 0x00000000e8000000)
 concurrent mark-sweep generation total 393216K, used 73548K [0x00000000e8000000, 0x0000000100000000, 0x0000000100000000)
 Metaspace       used 38803K, capacity 39946K, committed 40232K, reserved 1085440K
  class space    used 4602K, capacity 4875K, committed 4912K, reserved 1048576K
}
2018-08-08T21:41:09.047+0800: 32.226: Total time for which application threads were stopped: 0.0063426 seconds, Stopping threads took: 0.0000354 seconds
{Heap before GC invocations=36 (full 1):
 par new generation   total 109248K, used 95770K [0x00000000e0000000, 0x00000000e8000000, 0x00000000e8000000)
  eden space 87424K, 100% used [0x00000000e0000000, 0x00000000e5560000, 0x00000000e5560000)
  from space 21824K,  38% used [0x00000000e5560000, 0x00000000e5d869a8, 0x00000000e6ab0000)
  to   space 21824K,   0% used [0x00000000e6ab0000, 0x00000000e6ab0000, 0x00000000e8000000)
 concurrent mark-sweep generation total 393216K, used 73548K [0x00000000e8000000, 0x0000000100000000, 0x0000000100000000)
 Metaspace       used 38803K, capacity 39946K, committed 40232K, reserved 1085440K
  class space    used 4602K, capacity 4875K, committed 4912K, reserved 1048576K
2018-08-08T21:41:09.247+0800: 32.411: [GC (Allocation Failure) 2018-08-08T21:41:09.247+0800: 32.411: [ParNew
Desired survivor size 20112992 bytes, new threshold 8 (max 8)
- age   1:    1782912 bytes,    1782912 total
- age   2:     487968 bytes,    2270880 total
- age   3:     286680 bytes,    2557560 total
- age   4:    1455344 bytes,    4012904 total
- age   5:     339096 bytes,    4352000 total
- age   6:     413784 bytes,    4765784 total
- age   7:     884000 bytes,    5649784 total
- age   8:     919976 bytes,    6569760 total
: 95770K->8061K(109248K), 0.0151260 secs] 169318K->81854K(502464K), 0.0152685 secs] [Times: user=0.05 sys=0.00, real=0.02 secs] 
Heap after GC invocations=37 (full 1):
 par new generation   total 109248K, used 8061K [0x00000000e0000000, 0x00000000e8000000, 0x00000000e8000000)
  eden space 87424K,   0% used [0x00000000e0000000, 0x00000000e0000000, 0x00000000e5560000)
  from space 21824K,  36% used [0x00000000e6ab0000, 0x00000000e728f770, 0x00000000e8000000)
  to   space 21824K,   0% used [0x00000000e5560000, 0x00000000e5560000, 0x00000000e6ab0000)
 concurrent mark-sweep generation total 393216K, used 73792K [0x00000000e8000000, 0x0000000100000000, 0x0000000100000000)
 Metaspace       used 38803K, capacity 39946K, committed 40232K, reserved 1085440K
  class space    used 4602K, capacity 4875K, committed 4912K, reserved 1048576K
}
2018-08-08T21:41:09.262+0800: 32.427: Total time for which application threads were stopped: 0.0157030 seconds, Stopping threads took: 0.0000604 seconds
{Heap before GC invocations=37 (full 1):
 par new generation   total 109248K, used 95485K [0x00000000e0000000, 0x00000000e8000000, 0x00000000e8000000)
  eden space 87424K, 100% used [0x00000000e0000000, 0x00000000e5560000, 0x00000000e5560000)
  from space 21824K,  36% used [0x00000000e6ab0000, 0x00000000e728f770, 0x00000000e8000000)
  to   space 21824K,   0% used [0x00000000e5560000, 0x00000000e5560000, 0x00000000e6ab0000)
 concurrent mark-sweep generation total 393216K, used 73792K [0x00000000e8000000, 0x0000000100000000, 0x0000000100000000)
 Metaspace       used 38803K, capacity 39946K, committed 40232K, reserved 1085440K
  class space    used 4602K, capacity 4875K, committed 4912K, reserved 1048576K
2018-08-08T21:41:09.423+0800: 32.587: [GC (Allocation Failure) 2018-08-08T21:41:09.423+0800: 32.587: [ParNew
Desired survivor size 20112992 bytes, new threshold 8 (max 8)
- age   1:     339984 bytes,     339984 total
- age   2:    1698392 bytes,    2038376 total
- age   3:     487968 bytes,    2526344 total
- age   4:     286680 bytes,    2813024 total
- age   5:    1455344 bytes,    4268368 total
- age   6:     339096 bytes,    4607464 total
- age   7:     413784 bytes,    5021248 total
- age   8:     884000 bytes,    5905248 total
: 95485K->7005K(109248K), 0.0060238 secs] 169278K->81696K(502464K), 0.0061185 secs] [Times: user=0.03 sys=0.00, real=0.01 secs] 
Heap after GC invocations=38 (full 1):
 par new generation   total 109248K, used 7005K [0x00000000e0000000, 0x00000000e8000000, 0x00000000e8000000)
  eden space 87424K,   0% used [0x00000000e0000000, 0x00000000e0000000, 0x00000000e5560000)
  from space 21824K,  32% used [0x00000000e5560000, 0x00000000e5c37580, 0x00000000e6ab0000)
  to   space 21824K,   0% used [0x00000000e6ab0000, 0x00000000e6ab0000, 0x00000000e8000000)
 concurrent mark-sweep generation total 393216K, used 74691K [0x00000000e8000000, 0x0000000100000000, 0x0000000100000000)
 Metaspace       used 38803K, capacity 39946K, committed 40232K, reserved 1085440K
  class space    used 4602K, capacity 4875K, committed 4912K, reserved 1048576K
}
2018-08-08T21:41:09.429+0800: 32.593: Total time for which application threads were stopped: 0.0064138 seconds, Stopping threads took: 0.0000331 seconds
{Heap before GC invocations=38 (full 1):
 par new generation   total 109248K, used 94429K [0x00000000e0000000, 0x00000000e8000000, 0x00000000e8000000)
  eden space 87424K, 100% used [0x00000000e0000000, 0x00000000e5560000, 0x00000000e5560000)
  from space 21824K,  32% used [0x00000000e5560000, 0x00000000e5c37580, 0x00000000e6ab0000)
  to   space 21824K,   0% used [0x00000000e6ab0000, 0x00000000e6ab0000, 0x00000000e8000000)
 concurrent mark-sweep generation total 393216K, used 74691K [0x00000000e8000000, 0x0000000100000000, 0x0000000100000000)
 Metaspace       used 38804K, capacity 39946K, committed 40232K, reserved 1085440K
  class space    used 4602K, capacity 4875K, committed 4912K, reserved 1048576K
2018-08-08T21:41:09.581+0800: 32.746: [GC (Allocation Failure) 2018-08-08T21:41:09.581+0800: 32.746: [ParNew
Desired survivor size 20112992 bytes, new threshold 8 (max 8)
- age   1:    1806632 bytes,    1806632 total
- age   2:     307712 bytes,    2114344 total
- age   3:    1698392 bytes,    3812736 total
- age   4:     471344 bytes,    4284080 total
- age   5:     286680 bytes,    4570760 total
- age   6:     298168 bytes,    4868928 total
- age   7:     339096 bytes,    5208024 total
- age   8:     413784 bytes,    5621808 total
: 94429K->6540K(109248K), 0.0058123 secs] 169120K->82095K(502464K), 0.0059081 secs] [Times: user=0.05 sys=0.00, real=0.01 secs] 
Heap after GC invocations=39 (full 1):
 par new generation   total 109248K, used 6540K [0x00000000e0000000, 0x00000000e8000000, 0x00000000e8000000)
  eden space 87424K,   0% used [0x00000000e0000000, 0x00000000e0000000, 0x00000000e5560000)
  from space 21824K,  29% used [0x00000000e6ab0000, 0x00000000e7113180, 0x00000000e8000000)
  to   space 21824K,   0% used [0x00000000e5560000, 0x00000000e5560000, 0x00000000e6ab0000)
 concurrent mark-sweep generation total 393216K, used 75555K [0x00000000e8000000, 0x0000000100000000, 0x0000000100000000)
 Metaspace       used 38804K, capacity 39946K, committed 40232K, reserved 1085440K
  class space    used 4602K, capacity 4875K, committed 4912K, reserved 1048576K
}
2018-08-08T21:41:09.587+0800: 32.752: Total time for which application threads were stopped: 0.0061669 seconds, Stopping threads took: 0.0000399 seconds
{Heap before GC invocations=39 (full 1):
 par new generation   total 109248K, used 93964K [0x00000000e0000000, 0x00000000e8000000, 0x00000000e8000000)
  eden space 87424K, 100% used [0x00000000e0000000, 0x00000000e5560000, 0x00000000e5560000)
  from space 21824K,  29% used [0x00000000e6ab0000, 0x00000000e7113180, 0x00000000e8000000)
  to   space 21824K,   0% used [0x00000000e5560000, 0x00000000e5560000, 0x00000000e6ab0000)
 concurrent mark-sweep generation total 393216K, used 75555K [0x00000000e8000000, 0x0000000100000000, 0x0000000100000000)
 Metaspace       used 38804K, capacity 39946K, committed 40232K, reserved 1085440K
  class space    used 4602K, capacity 4875K, committed 4912K, reserved 1048576K
2018-08-08T21:41:09.763+0800: 32.928: [GC (Allocation Failure) 2018-08-08T21:41:09.763+0800: 32.928: [ParNew
Desired survivor size 20112992 bytes, new threshold 8 (max 8)
- age   1:     426464 bytes,     426464 total
- age   2:    1763288 bytes,    2189752 total
- age   3:     307712 bytes,    2497464 total
- age   4:    1698392 bytes,    4195856 total
- age   5:     462160 bytes,    4658016 total
- age   6:     286680 bytes,    4944696 total
- age   7:     298168 bytes,    5242864 total
- age   8:     339096 bytes,    5581960 total
: 93964K->7276K(109248K), 0.0071915 secs] 169519K->83237K(502464K), 0.0073061 secs] [Times: user=0.02 sys=0.00, real=0.01 secs] 
Heap after GC invocations=40 (full 1):
 par new generation   total 109248K, used 7276K [0x00000000e0000000, 0x00000000e8000000, 0x00000000e8000000)
  eden space 87424K,   0% used [0x00000000e0000000, 0x00000000e0000000, 0x00000000e5560000)
  from space 21824K,  33% used [0x00000000e5560000, 0x00000000e5c7b2a0, 0x00000000e6ab0000)
  to   space 21824K,   0% used [0x00000000e6ab0000, 0x00000000e6ab0000, 0x00000000e8000000)
 concurrent mark-sweep generation total 393216K, used 75960K [0x00000000e8000000, 0x0000000100000000, 0x0000000100000000)
 Metaspace       used 38804K, capacity 39946K, committed 40232K, reserved 1085440K
  class space    used 4602K, capacity 4875K, committed 4912K, reserved 1048576K
}
2018-08-08T21:41:09.771+0800: 32.935: Total time for which application threads were stopped: 0.0076095 seconds, Stopping threads took: 0.0000314 seconds
{Heap before GC invocations=40 (full 1):
 par new generation   total 109248K, used 94700K [0x00000000e0000000, 0x00000000e8000000, 0x00000000e8000000)
  eden space 87424K, 100% used [0x00000000e0000000, 0x00000000e5560000, 0x00000000e5560000)
  from space 21824K,  33% used [0x00000000e5560000, 0x00000000e5c7b2a0, 0x00000000e6ab0000)
  to   space 21824K,   0% used [0x00000000e6ab0000, 0x00000000e6ab0000, 0x00000000e8000000)
 concurrent mark-sweep generation total 393216K, used 75960K [0x00000000e8000000, 0x0000000100000000, 0x0000000100000000)
 Metaspace       used 38806K, capacity 39946K, committed 40232K, reserved 1085440K
  class space    used 4602K, capacity 4875K, committed 4912K, reserved 1048576K
2018-08-08T21:41:09.930+0800: 33.094: [GC (Allocation Failure) 2018-08-08T21:41:09.930+0800: 33.094: [ParNew
Desired survivor size 20112992 bytes, new threshold 8 (max 8)
- age   1:    2088328 bytes,    2088328 total
- age   2:     301184 bytes,    2389512 total
- age   3:    1763288 bytes,    4152800 total
- age   4:     307712 bytes,    4460512 total
- age   5:     353040 bytes,    4813552 total
- age   6:     338688 bytes,    5152240 total
- age   7:     286680 bytes,    5438920 total
- age   8:     298168 bytes,    5737088 total
: 94700K->6569K(109248K), 0.0056076 secs] 170661K->82862K(502464K), 0.0057439 secs] [Times: user=0.00 sys=0.00, real=0.00 secs] 
Heap after GC invocations=41 (full 1):
 par new generation   total 109248K, used 6569K [0x00000000e0000000, 0x00000000e8000000, 0x00000000e8000000)
  eden space 87424K,   0% used [0x00000000e0000000, 0x00000000e0000000, 0x00000000e5560000)
  from space 21824K,  30% used [0x00000000e6ab0000, 0x00000000e711a620, 0x00000000e8000000)
  to   space 21824K,   0% used [0x00000000e5560000, 0x00000000e5560000, 0x00000000e6ab0000)
 concurrent mark-sweep generation total 393216K, used 76292K [0x00000000e8000000, 0x0000000100000000, 0x0000000100000000)
 Metaspace       used 38806K, capacity 39946K, committed 40232K, reserved 1085440K
  class space    used 4602K, capacity 4875K, committed 4912K, reserved 1048576K
}
2018-08-08T21:41:09.935+0800: 33.100: Total time for which application threads were stopped: 0.0060204 seconds, Stopping threads took: 0.0000359 seconds
{Heap before GC invocations=41 (full 1):
 par new generation   total 109248K, used 93993K [0x00000000e0000000, 0x00000000e8000000, 0x00000000e8000000)
  eden space 87424K, 100% used [0x00000000e0000000, 0x00000000e5560000, 0x00000000e5560000)
  from space 21824K,  30% used [0x00000000e6ab0000, 0x00000000e711a620, 0x00000000e8000000)
  to   space 21824K,   0% used [0x00000000e5560000, 0x00000000e5560000, 0x00000000e6ab0000)
 concurrent mark-sweep generation total 393216K, used 76292K [0x00000000e8000000, 0x0000000100000000, 0x0000000100000000)
 Metaspace       used 38807K, capacity 39946K, committed 40232K, reserved 1085440K
  class space    used 4602K, capacity 4875K, committed 4912K, reserved 1048576K
2018-08-08T21:41:10.069+0800: 33.236: [GC (Allocation Failure) 2018-08-08T21:41:10.069+0800: 33.236: [ParNew
Desired survivor size 20112992 bytes, new threshold 8 (max 8)
- age   1:     407272 bytes,     407272 total
- age   2:    2002032 bytes,    2409304 total
- age   3:     301184 bytes,    2710488 total
- age   4:    1763288 bytes,    4473776 total
- age   5:     307712 bytes,    4781488 total
- age   6:     353040 bytes,    5134528 total
- age   7:     337872 bytes,    5472400 total
- age   8:     286680 bytes,    5759080 total
: 93993K->7414K(109248K), 0.0054160 secs] 170286K->83999K(502464K), 0.0055055 secs] [Times: user=0.00 sys=0.00, real=0.00 secs] 
Heap after GC invocations=42 (full 1):
 par new generation   total 109248K, used 7414K [0x00000000e0000000, 0x00000000e8000000, 0x00000000e8000000)
  eden space 87424K,   0% used [0x00000000e0000000, 0x00000000e0000000, 0x00000000e5560000)
  from space 21824K,  33% used [0x00000000e5560000, 0x00000000e5c9d8e8, 0x00000000e6ab0000)
  to   space 21824K,   0% used [0x00000000e6ab0000, 0x00000000e6ab0000, 0x00000000e8000000)
 concurrent mark-sweep generation total 393216K, used 76585K [0x00000000e8000000, 0x0000000100000000, 0x0000000100000000)
 Metaspace       used 38807K, capacity 39946K, committed 40232K, reserved 1085440K
  class space    used 4602K, capacity 4875K, committed 4912K, reserved 1048576K
}
2018-08-08T21:41:10.069+0800: 33.241: Total time for which application threads were stopped: 0.0057541 seconds, Stopping threads took: 0.0000302 seconds
{Heap before GC invocations=42 (full 1):
 par new generation   total 109248K, used 94838K [0x00000000e0000000, 0x00000000e8000000, 0x00000000e8000000)
  eden space 87424K, 100% used [0x00000000e0000000, 0x00000000e5560000, 0x00000000e5560000)
  from space 21824K,  33% used [0x00000000e5560000, 0x00000000e5c9d8e8, 0x00000000e6ab0000)
  to   space 21824K,   0% used [0x00000000e6ab0000, 0x00000000e6ab0000, 0x00000000e8000000)
 concurrent mark-sweep generation total 393216K, used 76585K [0x00000000e8000000, 0x0000000100000000, 0x0000000100000000)
 Metaspace       used 38809K, capacity 39946K, committed 40232K, reserved 1085440K
  class space    used 4602K, capacity 4875K, committed 4912K, reserved 1048576K
2018-08-08T21:41:10.195+0800: 33.372: [GC (Allocation Failure) 2018-08-08T21:41:10.195+0800: 33.373: [ParNew
Desired survivor size 20112992 bytes, new threshold 8 (max 8)
- age   1:    1896736 bytes,    1896736 total
- age   2:     367312 bytes,    2264048 total
- age   3:    2002032 bytes,    4266080 total
- age   4:     291832 bytes,    4557912 total
- age   5:     442760 bytes,    5000672 total
- age   6:     307712 bytes,    5308384 total
- age   7:     353040 bytes,    5661424 total
- age   8:     337872 bytes,    5999296 total
: 94838K->6780K(109248K), 0.0057644 secs] 171423K->83646K(502464K), 0.0058585 secs] [Times: user=0.05 sys=0.00, real=0.02 secs] 
Heap after GC invocations=43 (full 1):
 par new generation   total 109248K, used 6780K [0x00000000e0000000, 0x00000000e8000000, 0x00000000e8000000)
  eden space 87424K,   0% used [0x00000000e0000000, 0x00000000e0000000, 0x00000000e5560000)
  from space 21824K,  31% used [0x00000000e6ab0000, 0x00000000e714f300, 0x00000000e8000000)
  to   space 21824K,   0% used [0x00000000e5560000, 0x00000000e5560000, 0x00000000e6ab0000)
 concurrent mark-sweep generation total 393216K, used 76866K [0x00000000e8000000, 0x0000000100000000, 0x0000000100000000)
 Metaspace       used 38809K, capacity 39946K, committed 40232K, reserved 1085440K
  class space    used 4602K, capacity 4875K, committed 4912K, reserved 1048576K
}
2018-08-08T21:41:10.211+0800: 33.378: Total time for which application threads were stopped: 0.0061242 seconds, Stopping threads took: 0.0000365 seconds
{Heap before GC invocations=43 (full 1):
 par new generation   total 109248K, used 94204K [0x00000000e0000000, 0x00000000e8000000, 0x00000000e8000000)
  eden space 87424K, 100% used [0x00000000e0000000, 0x00000000e5560000, 0x00000000e5560000)
  from space 21824K,  31% used [0x00000000e6ab0000, 0x00000000e714f300, 0x00000000e8000000)
  to   space 21824K,   0% used [0x00000000e5560000, 0x00000000e5560000, 0x00000000e6ab0000)
 concurrent mark-sweep generation total 393216K, used 76866K [0x00000000e8000000, 0x0000000100000000, 0x0000000100000000)
 Metaspace       used 38809K, capacity 39946K, committed 40232K, reserved 1085440K
  class space    used 4602K, capacity 4875K, committed 4912K, reserved 1048576K
2018-08-08T21:41:10.348+0800: 33.520: [GC (Allocation Failure) 2018-08-08T21:41:10.348+0800: 33.520: [ParNew
Desired survivor size 20112992 bytes, new threshold 8 (max 8)
- age   1:     362568 bytes,     362568 total
- age   2:    1862216 bytes,    2224784 total
- age   3:     367312 bytes,    2592096 total
- age   4:    2002032 bytes,    4594128 total
- age   5:     290848 bytes,    4884976 total
- age   6:     442760 bytes,    5327736 total
- age   7:     307712 bytes,    5635448 total
- age   8:     353040 bytes,    5988488 total
: 94204K->7678K(109248K), 0.0054360 secs] 171070K->84876K(502464K), 0.0055386 secs] [Times: user=0.00 sys=0.00, real=0.00 secs] 
Heap after GC invocations=44 (full 1):
 par new generation   total 109248K, used 7678K [0x00000000e0000000, 0x00000000e8000000, 0x00000000e8000000)
  eden space 87424K,   0% used [0x00000000e0000000, 0x00000000e0000000, 0x00000000e5560000)
  from space 21824K,  35% used [0x00000000e5560000, 0x00000000e5cdfb20, 0x00000000e6ab0000)
  to   space 21824K,   0% used [0x00000000e6ab0000, 0x00000000e6ab0000, 0x00000000e8000000)
 concurrent mark-sweep generation total 393216K, used 77197K [0x00000000e8000000, 0x0000000100000000, 0x0000000100000000)
 Metaspace       used 38809K, capacity 39946K, committed 40232K, reserved 1085440K
  class space    used 4602K, capacity 4875K, committed 4912K, reserved 1048576K
}
2018-08-08T21:41:10.348+0800: 33.526: Total time for which application threads were stopped: 0.0058072 seconds, Stopping threads took: 0.0000359 seconds
{Heap before GC invocations=44 (full 1):
 par new generation   total 109248K, used 95102K [0x00000000e0000000, 0x00000000e8000000, 0x00000000e8000000)
  eden space 87424K, 100% used [0x00000000e0000000, 0x00000000e5560000, 0x00000000e5560000)
  from space 21824K,  35% used [0x00000000e5560000, 0x00000000e5cdfb20, 0x00000000e6ab0000)
  to   space 21824K,   0% used [0x00000000e6ab0000, 0x00000000e6ab0000, 0x00000000e8000000)
 concurrent mark-sweep generation total 393216K, used 77197K [0x00000000e8000000, 0x0000000100000000, 0x0000000100000000)
 Metaspace       used 38810K, capacity 39946K, committed 40232K, reserved 1085440K
  class space    used 4602K, capacity 4875K, committed 4912K, reserved 1048576K
2018-08-08T21:41:10.490+0800: 33.659: [GC (Allocation Failure) 2018-08-08T21:41:10.490+0800: 33.659: [ParNew
Desired survivor size 20112992 bytes, new threshold 8 (max 8)
- age   1:    2264536 bytes,    2264536 total
- age   2:     320912 bytes,    2585448 total
- age   3:    1862240 bytes,    4447688 total
- age   4:     367312 bytes,    4815000 total
- age   5:     349632 bytes,    5164632 total
- age   6:     290848 bytes,    5455480 total
- age   7:     442760 bytes,    5898240 total
- age   8:     307712 bytes,    6205952 total
: 95102K->7083K(109248K), 0.0057319 secs] 172300K->84626K(502464K), 0.0058288 secs] [Times: user=0.00 sys=0.00, real=0.00 secs] 
Heap after GC invocations=45 (full 1):
 par new generation   total 109248K, used 7083K [0x00000000e0000000, 0x00000000e8000000, 0x00000000e8000000)
  eden space 87424K,   0% used [0x00000000e0000000, 0x00000000e0000000, 0x00000000e5560000)
  from space 21824K,  32% used [0x00000000e6ab0000, 0x00000000e719ae30, 0x00000000e8000000)
  to   space 21824K,   0% used [0x00000000e5560000, 0x00000000e5560000, 0x00000000e6ab0000)
 concurrent mark-sweep generation total 393216K, used 77543K [0x00000000e8000000, 0x0000000100000000, 0x0000000100000000)
 Metaspace       used 38810K, capacity 39946K, committed 40232K, reserved 1085440K
  class space    used 4602K, capacity 4875K, committed 4912K, reserved 1048576K
}
2018-08-08T21:41:10.490+0800: 33.665: Total time for which application threads were stopped: 0.0060866 seconds, Stopping threads took: 0.0000348 seconds
{Heap before GC invocations=45 (full 1):
 par new generation   total 109248K, used 94507K [0x00000000e0000000, 0x00000000e8000000, 0x00000000e8000000)
  eden space 87424K, 100% used [0x00000000e0000000, 0x00000000e5560000, 0x00000000e5560000)
  from space 21824K,  32% used [0x00000000e6ab0000, 0x00000000e719ae30, 0x00000000e8000000)
  to   space 21824K,   0% used [0x00000000e5560000, 0x00000000e5560000, 0x00000000e6ab0000)
 concurrent mark-sweep generation total 393216K, used 77543K [0x00000000e8000000, 0x0000000100000000, 0x0000000100000000)
 Metaspace       used 38810K, capacity 39946K, committed 40232K, reserved 1085440K
  class space    used 4602K, capacity 4875K, committed 4912K, reserved 1048576K
2018-08-08T21:41:10.647+0800: 33.814: [GC (Allocation Failure) 2018-08-08T21:41:10.647+0800: 33.814: [ParNew
Desired survivor size 20112992 bytes, new threshold 8 (max 8)
- age   1:     410840 bytes,     410840 total
- age   2:    2202928 bytes,    2613768 total
- age   3:     320912 bytes,    2934680 total
- age   4:    1862216 bytes,    4796896 total
- age   5:     367312 bytes,    5164208 total
- age   6:     349632 bytes,    5513840 total
- age   7:     290848 bytes,    5804688 total
- age   8:     442760 bytes,    6247448 total
: 94507K->7000K(109248K), 0.0067046 secs] 172050K->84844K(502464K), 0.0067901 secs] [Times: user=0.00 sys=0.00, real=0.00 secs] 
Heap after GC invocations=46 (full 1):
 par new generation   total 109248K, used 7000K [0x00000000e0000000, 0x00000000e8000000, 0x00000000e8000000)
  eden space 87424K,   0% used [0x00000000e0000000, 0x00000000e0000000, 0x00000000e5560000)
  from space 21824K,  32% used [0x00000000e5560000, 0x00000000e5c360a0, 0x00000000e6ab0000)
  to   space 21824K,   0% used [0x00000000e6ab0000, 0x00000000e6ab0000, 0x00000000e8000000)
 concurrent mark-sweep generation total 393216K, used 77844K [0x00000000e8000000, 0x0000000100000000, 0x0000000100000000)
 Metaspace       used 38810K, capacity 39946K, committed 40232K, reserved 1085440K
  class space    used 4602K, capacity 4875K, committed 4912K, reserved 1048576K
}
2018-08-08T21:41:10.647+0800: 33.821: Total time for which application threads were stopped: 0.0070382 seconds, Stopping threads took: 0.0000285 seconds
{Heap before GC invocations=46 (full 1):
 par new generation   total 109248K, used 94424K [0x00000000e0000000, 0x00000000e8000000, 0x00000000e8000000)
  eden space 87424K, 100% used [0x00000000e0000000, 0x00000000e5560000, 0x00000000e5560000)
  from space 21824K,  32% used [0x00000000e5560000, 0x00000000e5c360a0, 0x00000000e6ab0000)
  to   space 21824K,   0% used [0x00000000e6ab0000, 0x00000000e6ab0000, 0x00000000e8000000)
 concurrent mark-sweep generation total 393216K, used 77844K [0x00000000e8000000, 0x0000000100000000, 0x0000000100000000)
 Metaspace       used 38810K, capacity 39946K, committed 40232K, reserved 1085440K
  class space    used 4602K, capacity 4875K, committed 4912K, reserved 1048576K
2018-08-08T21:41:10.774+0800: 33.945: [GC (Allocation Failure) 2018-08-08T21:41:10.774+0800: 33.945: [ParNew
Desired survivor size 20112992 bytes, new threshold 8 (max 8)
- age   1:    2096584 bytes,    2096584 total
- age   2:     333712 bytes,    2430296 total
- age   3:    2202928 bytes,    4633224 total
- age   4:     320912 bytes,    4954136 total
- age   5:     376616 bytes,    5330752 total
- age   6:     366336 bytes,    5697088 total
- age   7:     349632 bytes,    6046720 total
- age   8:     290848 bytes,    6337568 total
: 94424K->8294K(109248K), 0.0059332 secs] 172268K->86572K(502464K), 0.0060312 secs] [Times: user=0.00 sys=0.00, real=0.00 secs] 
Heap after GC invocations=47 (full 1):
 par new generation   total 109248K, used 8294K [0x00000000e0000000, 0x00000000e8000000, 0x00000000e8000000)
  eden space 87424K,   0% used [0x00000000e0000000, 0x00000000e0000000, 0x00000000e5560000)
  from space 21824K,  38% used [0x00000000e6ab0000, 0x00000000e72c99d8, 0x00000000e8000000)
  to   space 21824K,   0% used [0x00000000e5560000, 0x00000000e5560000, 0x00000000e6ab0000)
 concurrent mark-sweep generation total 393216K, used 78278K [0x00000000e8000000, 0x0000000100000000, 0x0000000100000000)
 Metaspace       used 38810K, capacity 39946K, committed 40232K, reserved 1085440K
  class space    used 4602K, capacity 4875K, committed 4912K, reserved 1048576K
}
2018-08-08T21:41:10.774+0800: 33.951: Total time for which application threads were stopped: 0.0062907 seconds, Stopping threads took: 0.0000354 seconds
{Heap before GC invocations=47 (full 1):
 par new generation   total 109248K, used 95718K [0x00000000e0000000, 0x00000000e8000000, 0x00000000e8000000)
  eden space 87424K, 100% used [0x00000000e0000000, 0x00000000e5560000, 0x00000000e5560000)
  from space 21824K,  38% used [0x00000000e6ab0000, 0x00000000e72c99d8, 0x00000000e8000000)
  to   space 21824K,   0% used [0x00000000e5560000, 0x00000000e5560000, 0x00000000e6ab0000)
 concurrent mark-sweep generation total 393216K, used 78278K [0x00000000e8000000, 0x0000000100000000, 0x0000000100000000)
 Metaspace       used 38810K, capacity 39946K, committed 40232K, reserved 1085440K
  class space    used 4602K, capacity 4875K, committed 4912K, reserved 1048576K
2018-08-08T21:41:10.931+0800: 34.109: [GC (Allocation Failure) 2018-08-08T21:41:10.931+0800: 34.109: [ParNew
Desired survivor size 20112992 bytes, new threshold 8 (max 8)
- age   1:     504256 bytes,     504256 total
- age   2:    1993008 bytes,    2497264 total
- age   3:     333712 bytes,    2830976 total
- age   4:    2202928 bytes,    5033904 total
- age   5:     319800 bytes,    5353704 total
- age   6:     366096 bytes,    5719800 total
- age   7:     366336 bytes,    6086136 total
- age   8:     349632 bytes,    6435768 total
: 95718K->7693K(109248K), 0.0057376 secs] 173996K->86257K(502464K), 0.0058374 secs] [Times: user=0.05 sys=0.02, real=0.02 secs] 
Heap after GC invocations=48 (full 1):
 par new generation   total 109248K, used 7693K [0x00000000e0000000, 0x00000000e8000000, 0x00000000e8000000)
  eden space 87424K,   0% used [0x00000000e0000000, 0x00000000e0000000, 0x00000000e5560000)
  from space 21824K,  35% used [0x00000000e5560000, 0x00000000e5ce3778, 0x00000000e6ab0000)
  to   space 21824K,   0% used [0x00000000e6ab0000, 0x00000000e6ab0000, 0x00000000e8000000)
 concurrent mark-sweep generation total 393216K, used 78563K [0x00000000e8000000, 0x0000000100000000, 0x0000000100000000)
 Metaspace       used 38810K, capacity 39946K, committed 40232K, reserved 1085440K
  class space    used 4602K, capacity 4875K, committed 4912K, reserved 1048576K
}
2018-08-08T21:41:10.946+0800: 34.115: Total time for which application threads were stopped: 0.0061031 seconds, Stopping threads took: 0.0000348 seconds
{Heap before GC invocations=48 (full 1):
 par new generation   total 109248K, used 95117K [0x00000000e0000000, 0x00000000e8000000, 0x00000000e8000000)
  eden space 87424K, 100% used [0x00000000e0000000, 0x00000000e5560000, 0x00000000e5560000)
  from space 21824K,  35% used [0x00000000e5560000, 0x00000000e5ce3778, 0x00000000e6ab0000)
  to   space 21824K,   0% used [0x00000000e6ab0000, 0x00000000e6ab0000, 0x00000000e8000000)
 concurrent mark-sweep generation total 393216K, used 78563K [0x00000000e8000000, 0x0000000100000000, 0x0000000100000000)
 Metaspace       used 38810K, capacity 39946K, committed 40232K, reserved 1085440K
  class space    used 4602K, capacity 4875K, committed 4912K, reserved 1048576K
2018-08-08T21:41:11.088+0800: 34.253: [GC (Allocation Failure) 2018-08-08T21:41:11.088+0800: 34.253: [ParNew
Desired survivor size 20112992 bytes, new threshold 8 (max 8)
- age   1:     425416 bytes,     425416 total
- age   2:     437264 bytes,     862680 total
- age   3:    1993008 bytes,    2855688 total
- age   4:     333712 bytes,    3189400 total
- age   5:    2147840 bytes,    5337240 total
- age   6:     319800 bytes,    5657040 total
- age   7:     366096 bytes,    6023136 total
- age   8:     366336 bytes,    6389472 total
: 95117K->7380K(109248K), 0.0057040 secs] 173681K->86286K(502464K), 0.0058077 secs] [Times: user=0.00 sys=0.00, real=0.00 secs] 
Heap after GC invocations=49 (full 1):
 par new generation   total 109248K, used 7380K [0x00000000e0000000, 0x00000000e8000000, 0x00000000e8000000)
  eden space 87424K,   0% used [0x00000000e0000000, 0x00000000e0000000, 0x00000000e5560000)
  from space 21824K,  33% used [0x00000000e6ab0000, 0x00000000e71e5288, 0x00000000e8000000)
  to   space 21824K,   0% used [0x00000000e5560000, 0x00000000e5560000, 0x00000000e6ab0000)
 concurrent mark-sweep generation total 393216K, used 78905K [0x00000000e8000000, 0x0000000100000000, 0x0000000100000000)
 Metaspace       used 38810K, capacity 39946K, committed 40232K, reserved 1085440K
  class space    used 4602K, capacity 4875K, committed 4912K, reserved 1048576K
}
2018-08-08T21:41:11.088+0800: 34.258: Total time for which application threads were stopped: 0.0060717 seconds, Stopping threads took: 0.0000325 seconds
{Heap before GC invocations=49 (full 1):
 par new generation   total 109248K, used 94804K [0x00000000e0000000, 0x00000000e8000000, 0x00000000e8000000)
  eden space 87424K, 100% used [0x00000000e0000000, 0x00000000e5560000, 0x00000000e5560000)
  from space 21824K,  33% used [0x00000000e6ab0000, 0x00000000e71e5288, 0x00000000e8000000)
  to   space 21824K,   0% used [0x00000000e5560000, 0x00000000e5560000, 0x00000000e6ab0000)
 concurrent mark-sweep generation total 393216K, used 78905K [0x00000000e8000000, 0x0000000100000000, 0x0000000100000000)
 Metaspace       used 38810K, capacity 39946K, committed 40232K, reserved 1085440K
  class space    used 4602K, capacity 4875K, committed 4912K, reserved 1048576K
2018-08-08T21:41:11.284+0800: 34.448: [GC (Allocation Failure) 2018-08-08T21:41:11.284+0800: 34.448: [ParNew
Desired survivor size 20112992 bytes, new threshold 8 (max 8)
- age   1:     363328 bytes,     363328 total
- age   2:     392640 bytes,     755968 total
- age   3:     437264 bytes,    1193232 total
- age   4:    1993008 bytes,    3186240 total
- age   5:     333712 bytes,    3519952 total
- age   6:    2147840 bytes,    5667792 total
- age   7:     319800 bytes,    5987592 total
- age   8:     366096 bytes,    6353688 total
: 94804K->6621K(109248K), 0.0081044 secs] 173710K->85886K(502464K), 0.0082344 secs] [Times: user=0.00 sys=0.00, real=0.01 secs] 
Heap after GC invocations=50 (full 1):
 par new generation   total 109248K, used 6621K [0x00000000e0000000, 0x00000000e8000000, 0x00000000e8000000)
  eden space 87424K,   0% used [0x00000000e0000000, 0x00000000e0000000, 0x00000000e5560000)
  from space 21824K,  30% used [0x00000000e5560000, 0x00000000e5bd7628, 0x00000000e6ab0000)
  to   space 21824K,   0% used [0x00000000e6ab0000, 0x00000000e6ab0000, 0x00000000e8000000)
 concurrent mark-sweep generation total 393216K, used 79264K [0x00000000e8000000, 0x0000000100000000, 0x0000000100000000)
 Metaspace       used 38810K, capacity 39946K, committed 40232K, reserved 1085440K
  class space    used 4602K, capacity 4875K, committed 4912K, reserved 1048576K
}
2018-08-08T21:41:11.292+0800: 34.456: Total time for which application threads were stopped: 0.0085987 seconds, Stopping threads took: 0.0000399 seconds
{Heap before GC invocations=50 (full 1):
 par new generation   total 109248K, used 94045K [0x00000000e0000000, 0x00000000e8000000, 0x00000000e8000000)
  eden space 87424K, 100% used [0x00000000e0000000, 0x00000000e5560000, 0x00000000e5560000)
  from space 21824K,  30% used [0x00000000e5560000, 0x00000000e5bd7628, 0x00000000e6ab0000)
  to   space 21824K,   0% used [0x00000000e6ab0000, 0x00000000e6ab0000, 0x00000000e8000000)
 concurrent mark-sweep generation total 393216K, used 79264K [0x00000000e8000000, 0x0000000100000000, 0x0000000100000000)
 Metaspace       used 38810K, capacity 39946K, committed 40232K, reserved 1085440K
  class space    used 4602K, capacity 4875K, committed 4912K, reserved 1048576K
2018-08-08T21:41:11.438+0800: 34.612: [GC (Allocation Failure) 2018-08-08T21:41:11.438+0800: 34.612: [ParNew
Desired survivor size 20112992 bytes, new threshold 8 (max 8)
- age   1:    2225176 bytes,    2225176 total
- age   2:     353240 bytes,    2578416 total
- age   3:     440480 bytes,    3018896 total
- age   4:     487184 bytes,    3506080 total
- age   5:    2026288 bytes,    5532368 total
- age   6:     378432 bytes,    5910800 total
- age   7:     531416 bytes,    6442216 total
- age   8:     319800 bytes,    6762016 total
: 94045K->6771K(109248K), 0.0085360 secs] 173310K->86395K(502464K), 0.0086210 secs] [Times: user=0.02 sys=0.00, real=0.02 secs] 
Heap after GC invocations=51 (full 1):
 par new generation   total 109248K, used 6771K [0x00000000e0000000, 0x00000000e8000000, 0x00000000e8000000)
  eden space 87424K,   0% used [0x00000000e0000000, 0x00000000e0000000, 0x00000000e5560000)
  from space 21824K,  31% used [0x00000000e6ab0000, 0x00000000e714cfa0, 0x00000000e8000000)
  to   space 21824K,   0% used [0x00000000e5560000, 0x00000000e5560000, 0x00000000e6ab0000)
 concurrent mark-sweep generation total 393216K, used 79623K [0x00000000e8000000, 0x0000000100000000, 0x0000000100000000)
 Metaspace       used 38810K, capacity 39946K, committed 40232K, reserved 1085440K
  class space    used 4602K, capacity 4875K, committed 4912K, reserved 1048576K
}
2018-08-08T21:41:11.453+0800: 34.621: Total time for which application threads were stopped: 0.0088775 seconds, Stopping threads took: 0.0000411 seconds
{Heap before GC invocations=51 (full 1):
 par new generation   total 109248K, used 94195K [0x00000000e0000000, 0x00000000e8000000, 0x00000000e8000000)
  eden space 87424K, 100% used [0x00000000e0000000, 0x00000000e5560000, 0x00000000e5560000)
  from space 21824K,  31% used [0x00000000e6ab0000, 0x00000000e714cfa0, 0x00000000e8000000)
  to   space 21824K,   0% used [0x00000000e5560000, 0x00000000e5560000, 0x00000000e6ab0000)
 concurrent mark-sweep generation total 393216K, used 79623K [0x00000000e8000000, 0x0000000100000000, 0x0000000100000000)
 Metaspace       used 38810K, capacity 39946K, committed 40232K, reserved 1085440K
  class space    used 4602K, capacity 4875K, committed 4912K, reserved 1048576K
2018-08-08T21:41:11.579+0800: 34.747: [GC (Allocation Failure) 2018-08-08T21:41:11.579+0800: 34.747: [ParNew
Desired survivor size 20112992 bytes, new threshold 8 (max 8)
- age   1:     426312 bytes,     426312 total
- age   2:    2158864 bytes,    2585176 total
- age   3:     353240 bytes,    2938416 total
- age   4:     438400 bytes,    3376816 total
- age   5:     474304 bytes,    3851120 total
- age   6:    2002608 bytes,    5853728 total
- age   7:     375312 bytes,    6229040 total
- age   8:     502296 bytes,    6731336 total
: 94195K->8415K(109248K), 0.0062975 secs] 173819K->88352K(502464K), 0.0064064 secs] [Times: user=0.00 sys=0.00, real=0.00 secs] 
Heap after GC invocations=52 (full 1):
 par new generation   total 109248K, used 8415K [0x00000000e0000000, 0x00000000e8000000, 0x00000000e8000000)
  eden space 87424K,   0% used [0x00000000e0000000, 0x00000000e0000000, 0x00000000e5560000)
  from space 21824K,  38% used [0x00000000e5560000, 0x00000000e5d97ef8, 0x00000000e6ab0000)
  to   space 21824K,   0% used [0x00000000e6ab0000, 0x00000000e6ab0000, 0x00000000e8000000)
 concurrent mark-sweep generation total 393216K, used 79936K [0x00000000e8000000, 0x0000000100000000, 0x0000000100000000)
 Metaspace       used 38810K, capacity 39946K, committed 40232K, reserved 1085440K
  class space    used 4602K, capacity 4875K, committed 4912K, reserved 1048576K
}
2018-08-08T21:41:11.579+0800: 34.754: Total time for which application threads were stopped: 0.0067018 seconds, Stopping threads took: 0.0000365 seconds
{Heap before GC invocations=52 (full 1):
 par new generation   total 109248K, used 95839K [0x00000000e0000000, 0x00000000e8000000, 0x00000000e8000000)
  eden space 87424K, 100% used [0x00000000e0000000, 0x00000000e5560000, 0x00000000e5560000)
  from space 21824K,  38% used [0x00000000e5560000, 0x00000000e5d97ef8, 0x00000000e6ab0000)
  to   space 21824K,   0% used [0x00000000e6ab0000, 0x00000000e6ab0000, 0x00000000e8000000)
 concurrent mark-sweep generation total 393216K, used 79936K [0x00000000e8000000, 0x0000000100000000, 0x0000000100000000)
 Metaspace       used 38815K, capacity 39946K, committed 40232K, reserved 1085440K
  class space    used 4602K, capacity 4875K, committed 4912K, reserved 1048576K
2018-08-08T21:41:11.726+0800: 34.891: [GC (Allocation Failure) 2018-08-08T21:41:11.726+0800: 34.891: [ParNew
Desired survivor size 20112992 bytes, new threshold 8 (max 8)
- age   1:     613384 bytes,     613384 total
- age   2:     367304 bytes,     980688 total
- age   3:    2158864 bytes,    3139552 total
- age   4:     304360 bytes,    3443912 total
- age   5:     392640 bytes,    3836552 total
- age   6:     424168 bytes,    4260720 total
- age   7:    1969328 bytes,    6230048 total
- age   8:     333712 bytes,    6563760 total
: 95839K->8813K(109248K), 0.0052627 secs] 175776K->89087K(502464K), 0.0053476 secs] [Times: user=0.00 sys=0.00, real=0.00 secs] 
Heap after GC invocations=53 (full 1):
 par new generation   total 109248K, used 8813K [0x00000000e0000000, 0x00000000e8000000, 0x00000000e8000000)
  eden space 87424K,   0% used [0x00000000e0000000, 0x00000000e0000000, 0x00000000e5560000)
  from space 21824K,  40% used [0x00000000e6ab0000, 0x00000000e734b798, 0x00000000e8000000)
  to   space 21824K,   0% used [0x00000000e5560000, 0x00000000e5560000, 0x00000000e6ab0000)
 concurrent mark-sweep generation total 393216K, used 80273K [0x00000000e8000000, 0x0000000100000000, 0x0000000100000000)
 Metaspace       used 38815K, capacity 39946K, committed 40232K, reserved 1085440K
  class space    used 4602K, capacity 4875K, committed 4912K, reserved 1048576K
}
2018-08-08T21:41:11.732+0800: 34.896: Total time for which application threads were stopped: 0.0056224 seconds, Stopping threads took: 0.0000359 seconds
{Heap before GC invocations=53 (full 1):
 par new generation   total 109248K, used 96237K [0x00000000e0000000, 0x00000000e8000000, 0x00000000e8000000)
  eden space 87424K, 100% used [0x00000000e0000000, 0x00000000e5560000, 0x00000000e5560000)
  from space 21824K,  40% used [0x00000000e6ab0000, 0x00000000e734b798, 0x00000000e8000000)
  to   space 21824K,   0% used [0x00000000e5560000, 0x00000000e5560000, 0x00000000e6ab0000)
 concurrent mark-sweep generation total 393216K, used 80273K [0x00000000e8000000, 0x0000000100000000, 0x0000000100000000)
 Metaspace       used 38816K, capacity 39946K, committed 40232K, reserved 1085440K
  class space    used 4602K, capacity 4875K, committed 4912K, reserved 1048576K
2018-08-08T21:41:11.869+0800: 35.033: [GC (Allocation Failure) 2018-08-08T21:41:11.869+0800: 35.033: [ParNew
Desired survivor size 20112992 bytes, new threshold 8 (max 8)
- age   1:    2305680 bytes,    2305680 total
- age   2:     581744 bytes,    2887424 total
- age   3:     334520 bytes,    3221944 total
- age   4:    2158864 bytes,    5380808 total
- age   5:     304360 bytes,    5685168 total
- age   6:     330672 bytes,    6015840 total
- age   7:     424168 bytes,    6440008 total
- age   8:     320568 bytes,    6760576 total
: 96237K->7431K(109248K), 0.0057758 secs] 176511K->88032K(502464K), 0.0058756 secs] [Times: user=0.00 sys=0.00, real=0.01 secs] 
Heap after GC invocations=54 (full 1):
 par new generation   total 109248K, used 7431K [0x00000000e0000000, 0x00000000e8000000, 0x00000000e8000000)
  eden space 87424K,   0% used [0x00000000e0000000, 0x00000000e0000000, 0x00000000e5560000)
  from space 21824K,  34% used [0x00000000e5560000, 0x00000000e5ca1e90, 0x00000000e6ab0000)
  to   space 21824K,   0% used [0x00000000e6ab0000, 0x00000000e6ab0000, 0x00000000e8000000)
 concurrent mark-sweep generation total 393216K, used 80600K [0x00000000e8000000, 0x0000000100000000, 0x0000000100000000)
 Metaspace       used 38816K, capacity 39946K, committed 40232K, reserved 1085440K
  class space    used 4602K, capacity 4875K, committed 4912K, reserved 1048576K
}
2018-08-08T21:41:11.875+0800: 35.039: Total time for which application threads were stopped: 0.0061441 seconds, Stopping threads took: 0.0000399 seconds
{Heap before GC invocations=54 (full 1):
 par new generation   total 109248K, used 94855K [0x00000000e0000000, 0x00000000e8000000, 0x00000000e8000000)
  eden space 87424K, 100% used [0x00000000e0000000, 0x00000000e5560000, 0x00000000e5560000)
  from space 21824K,  34% used [0x00000000e5560000, 0x00000000e5ca1e90, 0x00000000e6ab0000)
  to   space 21824K,   0% used [0x00000000e6ab0000, 0x00000000e6ab0000, 0x00000000e8000000)
 concurrent mark-sweep generation total 393216K, used 80600K [0x00000000e8000000, 0x0000000100000000, 0x0000000100000000)
 Metaspace       used 38816K, capacity 39946K, committed 40232K, reserved 1085440K
  class space    used 4602K, capacity 4875K, committed 4912K, reserved 1048576K
2018-08-08T21:41:12.012+0800: 35.177: [GC (Allocation Failure) 2018-08-08T21:41:12.012+0800: 35.177: [ParNew
Desired survivor size 20112992 bytes, new threshold 8 (max 8)
- age   1:     463008 bytes,     463008 total
- age   2:    2266872 bytes,    2729880 total
- age   3:     581744 bytes,    3311624 total
- age   4:     334296 bytes,    3645920 total
- age   5:    2158864 bytes,    5804784 total
- age   6:     348040 bytes,    6152824 total
- age   7:     377472 bytes,    6530296 total
- age   8:     475128 bytes,    7005424 total
: 94855K->8259K(109248K), 0.0058967 secs] 175456K->89174K(502464K), 0.0059987 secs] [Times: user=0.05 sys=0.00, real=0.01 secs] 
Heap after GC invocations=55 (full 1):
 par new generation   total 109248K, used 8259K [0x00000000e0000000, 0x00000000e8000000, 0x00000000e8000000)
  eden space 87424K,   0% used [0x00000000e0000000, 0x00000000e0000000, 0x00000000e5560000)
  from space 21824K,  37% used [0x00000000e6ab0000, 0x00000000e72c0e20, 0x00000000e8000000)
  to   space 21824K,   0% used [0x00000000e5560000, 0x00000000e5560000, 0x00000000e6ab0000)
 concurrent mark-sweep generation total 393216K, used 80914K [0x00000000e8000000, 0x0000000100000000, 0x0000000100000000)
 Metaspace       used 38816K, capacity 39946K, committed 40232K, reserved 1085440K
  class space    used 4602K, capacity 4875K, committed 4912K, reserved 1048576K
}
2018-08-08T21:41:12.018+0800: 35.183: Total time for which application threads were stopped: 0.0062605 seconds, Stopping threads took: 0.0000331 seconds
{Heap before GC invocations=55 (full 1):
 par new generation   total 109248K, used 95683K [0x00000000e0000000, 0x00000000e8000000, 0x00000000e8000000)
  eden space 87424K, 100% used [0x00000000e0000000, 0x00000000e5560000, 0x00000000e5560000)
  from space 21824K,  37% used [0x00000000e6ab0000, 0x00000000e72c0e20, 0x00000000e8000000)
  to   space 21824K,   0% used [0x00000000e5560000, 0x00000000e5560000, 0x00000000e6ab0000)
 concurrent mark-sweep generation total 393216K, used 80914K [0x00000000e8000000, 0x0000000100000000, 0x0000000100000000)
 Metaspace       used 38816K, capacity 39946K, committed 40232K, reserved 1085440K
  class space    used 4602K, capacity 4875K, committed 4912K, reserved 1048576K
2018-08-08T21:41:12.199+0800: 35.364: [GC (Allocation Failure) 2018-08-08T21:41:12.199+0800: 35.364: [ParNew
Desired survivor size 20112992 bytes, new threshold 8 (max 8)
- age   1:     410512 bytes,     410512 total
- age   2:     325088 bytes,     735600 total
- age   3:    2266872 bytes,    3002472 total
- age   4:     581744 bytes,    3584216 total
- age   5:     367080 bytes,    3951296 total
- age   6:    2158864 bytes,    6110160 total
- age   7:     304360 bytes,    6414520 total
- age   8:     330672 bytes,    6745192 total
: 95683K->8218K(109248K), 0.0056361 secs] 176598K->89549K(502464K), 0.0057234 secs] [Times: user=0.05 sys=0.00, real=0.01 secs] 
Heap after GC invocations=56 (full 1):
 par new generation   total 109248K, used 8218K [0x00000000e0000000, 0x00000000e8000000, 0x00000000e8000000)
  eden space 87424K,   0% used [0x00000000e0000000, 0x00000000e0000000, 0x00000000e5560000)
  from space 21824K,  37% used [0x00000000e5560000, 0x00000000e5d66b50, 0x00000000e6ab0000)
  to   space 21824K,   0% used [0x00000000e6ab0000, 0x00000000e6ab0000, 0x00000000e8000000)
 concurrent mark-sweep generation total 393216K, used 81330K [0x00000000e8000000, 0x0000000100000000, 0x0000000100000000)
 Metaspace       used 38816K, capacity 39946K, committed 40232K, reserved 1085440K
  class space    used 4602K, capacity 4875K, committed 4912K, reserved 1048576K
}
2018-08-08T21:41:12.205+0800: 35.369: Total time for which application threads were stopped: 0.0059805 seconds, Stopping threads took: 0.0000331 seconds
{Heap before GC invocations=56 (full 1):
 par new generation   total 109248K, used 95642K [0x00000000e0000000, 0x00000000e8000000, 0x00000000e8000000)
  eden space 87424K, 100% used [0x00000000e0000000, 0x00000000e5560000, 0x00000000e5560000)
  from space 21824K,  37% used [0x00000000e5560000, 0x00000000e5d66b50, 0x00000000e6ab0000)
  to   space 21824K,   0% used [0x00000000e6ab0000, 0x00000000e6ab0000, 0x00000000e8000000)
 concurrent mark-sweep generation total 393216K, used 81330K [0x00000000e8000000, 0x0000000100000000, 0x0000000100000000)
 Metaspace       used 38816K, capacity 39946K, committed 40232K, reserved 1085440K
  class space    used 4602K, capacity 4875K, committed 4912K, reserved 1048576K
2018-08-08T21:41:12.339+0800: 35.517: [GC (Allocation Failure) 2018-08-08T21:41:12.339+0800: 35.517: [ParNew
Desired survivor size 20112992 bytes, new threshold 8 (max 8)
- age   1:    3505328 bytes,    3505328 total
- age   2:     368232 bytes,    3873560 total
- age   3:     325088 bytes,    4198648 total
- age   4:    2266872 bytes,    6465520 total
- age   5:     581744 bytes,    7047264 total
- age   6:     340440 bytes,    7387704 total
- age   7:     305328 bytes,    7693032 total
- age   8:     304360 bytes,    7997392 total
: 95642K->8646K(109248K), 0.0068352 secs] 176973K->90300K(502464K), 0.0069378 secs] [Times: user=0.06 sys=0.00, real=0.02 secs] 
Heap after GC invocations=57 (full 1):
 par new generation   total 109248K, used 8646K [0x00000000e0000000, 0x00000000e8000000, 0x00000000e8000000)
  eden space 87424K,   0% used [0x00000000e0000000, 0x00000000e0000000, 0x00000000e5560000)
  from space 21824K,  39% used [0x00000000e6ab0000, 0x00000000e7321a18, 0x00000000e8000000)
  to   space 21824K,   0% used [0x00000000e5560000, 0x00000000e5560000, 0x00000000e6ab0000)
 concurrent mark-sweep generation total 393216K, used 81654K [0x00000000e8000000, 0x0000000100000000, 0x0000000100000000)
 Metaspace       used 38816K, capacity 39946K, committed 40232K, reserved 1085440K
  class space    used 4602K, capacity 4875K, committed 4912K, reserved 1048576K
}
2018-08-08T21:41:12.354+0800: 35.524: Total time for which application threads were stopped: 0.0071932 seconds, Stopping threads took: 0.0000359 seconds
{Heap before GC invocations=57 (full 1):
 par new generation   total 109248K, used 96070K [0x00000000e0000000, 0x00000000e8000000, 0x00000000e8000000)
  eden space 87424K, 100% used [0x00000000e0000000, 0x00000000e5560000, 0x00000000e5560000)
  from space 21824K,  39% used [0x00000000e6ab0000, 0x00000000e7321a18, 0x00000000e8000000)
  to   space 21824K,   0% used [0x00000000e5560000, 0x00000000e5560000, 0x00000000e6ab0000)
 concurrent mark-sweep generation total 393216K, used 81654K [0x00000000e8000000, 0x0000000100000000, 0x0000000100000000)
 Metaspace       used 38816K, capacity 39946K, committed 40232K, reserved 1085440K
  class space    used 4602K, capacity 4875K, committed 4912K, reserved 1048576K
2018-08-08T21:41:12.507+0800: 35.672: [GC (Allocation Failure) 2018-08-08T21:41:12.507+0800: 35.672: [ParNew
Desired survivor size 20112992 bytes, new threshold 8 (max 8)
- age   1:     354656 bytes,     354656 total
- age   2:    3474192 bytes,    3828848 total
- age   3:     368232 bytes,    4197080 total
- age   4:     325088 bytes,    4522168 total
- age   5:    2266872 bytes,    6789040 total
- age   6:     581744 bytes,    7370784 total
- age   7:     294336 bytes,    7665120 total
- age   8:     305328 bytes,    7970448 total
: 96070K->9329K(109248K), 0.0053066 secs] 177724K->91282K(502464K), 0.0054120 secs] [Times: user=0.00 sys=0.00, real=0.01 secs] 
Heap after GC invocations=58 (full 1):
 par new generation   total 109248K, used 9329K [0x00000000e0000000, 0x00000000e8000000, 0x00000000e8000000)
  eden space 87424K,   0% used [0x00000000e0000000, 0x00000000e0000000, 0x00000000e5560000)
  from space 21824K,  42% used [0x00000000e5560000, 0x00000000e5e7c6c8, 0x00000000e6ab0000)
  to   space 21824K,   0% used [0x00000000e6ab0000, 0x00000000e6ab0000, 0x00000000e8000000)
 concurrent mark-sweep generation total 393216K, used 81952K [0x00000000e8000000, 0x0000000100000000, 0x0000000100000000)
 Metaspace       used 38816K, capacity 39946K, committed 40232K, reserved 1085440K
  class space    used 4602K, capacity 4875K, committed 4912K, reserved 1048576K
}
2018-08-08T21:41:12.513+0800: 35.677: Total time for which application threads were stopped: 0.0058191 seconds, Stopping threads took: 0.0000639 seconds
{Heap before GC invocations=58 (full 1):
 par new generation   total 109248K, used 96753K [0x00000000e0000000, 0x00000000e8000000, 0x00000000e8000000)
  eden space 87424K, 100% used [0x00000000e0000000, 0x00000000e5560000, 0x00000000e5560000)
  from space 21824K,  42% used [0x00000000e5560000, 0x00000000e5e7c6c8, 0x00000000e6ab0000)
  to   space 21824K,   0% used [0x00000000e6ab0000, 0x00000000e6ab0000, 0x00000000e8000000)
 concurrent mark-sweep generation total 393216K, used 81952K [0x00000000e8000000, 0x0000000100000000, 0x0000000100000000)
 Metaspace       used 38816K, capacity 39946K, committed 40232K, reserved 1085440K
  class space    used 4602K, capacity 4875K, committed 4912K, reserved 1048576K
2018-08-08T21:41:12.666+0800: 35.834: [GC (Allocation Failure) 2018-08-08T21:41:12.666+0800: 35.834: [ParNew
Desired survivor size 20112992 bytes, new threshold 8 (max 8)
- age   1:    1671560 bytes,    1671560 total
- age   2:     313256 bytes,    1984816 total
- age   3:    3474192 bytes,    5459008 total
- age   4:     368232 bytes,    5827240 total
- age   5:     325088 bytes,    6152328 total
- age   6:    2197184 bytes,    8349512 total
- age   7:     404552 bytes,    8754064 total
- age   8:     294336 bytes,    9048400 total
: 96753K->9951K(109248K), 0.0050739 secs] 178706K->92203K(502464K), 0.0051680 secs] [Times: user=0.00 sys=0.00, real=0.00 secs] 
Heap after GC invocations=59 (full 1):
 par new generation   total 109248K, used 9951K [0x00000000e0000000, 0x00000000e8000000, 0x00000000e8000000)
  eden space 87424K,   0% used [0x00000000e0000000, 0x00000000e0000000, 0x00000000e5560000)
  from space 21824K,  45% used [0x00000000e6ab0000, 0x00000000e7467db0, 0x00000000e8000000)
  to   space 21824K,   0% used [0x00000000e5560000, 0x00000000e5560000, 0x00000000e6ab0000)
 concurrent mark-sweep generation total 393216K, used 82251K [0x00000000e8000000, 0x0000000100000000, 0x0000000100000000)
 Metaspace       used 38816K, capacity 39946K, committed 40232K, reserved 1085440K
  class space    used 4602K, capacity 4875K, committed 4912K, reserved 1048576K
}
2018-08-08T21:41:12.666+0800: 35.839: Total time for which application threads were stopped: 0.0054172 seconds, Stopping threads took: 0.0000291 seconds
{Heap before GC invocations=59 (full 1):
 par new generation   total 109248K, used 97375K [0x00000000e0000000, 0x00000000e8000000, 0x00000000e8000000)
  eden space 87424K, 100% used [0x00000000e0000000, 0x00000000e5560000, 0x00000000e5560000)
  from space 21824K,  45% used [0x00000000e6ab0000, 0x00000000e7467db0, 0x00000000e8000000)
  to   space 21824K,   0% used [0x00000000e5560000, 0x00000000e5560000, 0x00000000e6ab0000)
 concurrent mark-sweep generation total 393216K, used 82251K [0x00000000e8000000, 0x0000000100000000, 0x0000000100000000)
 Metaspace       used 38817K, capacity 39946K, committed 40232K, reserved 1085440K
  class space    used 4602K, capacity 4875K, committed 4912K, reserved 1048576K
2018-08-08T21:41:12.827+0800: 35.991: [GC (Allocation Failure) 2018-08-08T21:41:12.827+0800: 35.991: [ParNew
Desired survivor size 20112992 bytes, new threshold 8 (max 8)
- age   1:    2498856 bytes,    2498856 total
- age   2:    1628336 bytes,    4127192 total
- age   3:     313256 bytes,    4440448 total
- age   4:    3474192 bytes,    7914640 total
- age   5:     368232 bytes,    8282872 total
- age   6:     325088 bytes,    8607960 total
- age   7:     342352 bytes,    8950312 total
- age   8:     404552 bytes,    9354864 total
: 97375K->10943K(109248K), 0.0060797 secs] 179627K->93483K(502464K), 0.0061664 secs] [Times: user=0.05 sys=0.00, real=0.01 secs] 
Heap after GC invocations=60 (full 1):
 par new generation   total 109248K, used 10943K [0x00000000e0000000, 0x00000000e8000000, 0x00000000e8000000)
  eden space 87424K,   0% used [0x00000000e0000000, 0x00000000e0000000, 0x00000000e5560000)
  from space 21824K,  50% used [0x00000000e5560000, 0x00000000e600fcf8, 0x00000000e6ab0000)
  to   space 21824K,   0% used [0x00000000e6ab0000, 0x00000000e6ab0000, 0x00000000e8000000)
 concurrent mark-sweep generation total 393216K, used 82540K [0x00000000e8000000, 0x0000000100000000, 0x0000000100000000)
 Metaspace       used 38817K, capacity 39946K, committed 40232K, reserved 1085440K
  class space    used 4602K, capacity 4875K, committed 4912K, reserved 1048576K
}
2018-08-08T21:41:12.833+0800: 35.997: Total time for which application threads were stopped: 0.0064714 seconds, Stopping threads took: 0.0000570 seconds
{Heap before GC invocations=60 (full 1):
 par new generation   total 109248K, used 98367K [0x00000000e0000000, 0x00000000e8000000, 0x00000000e8000000)
  eden space 87424K, 100% used [0x00000000e0000000, 0x00000000e5560000, 0x00000000e5560000)
  from space 21824K,  50% used [0x00000000e5560000, 0x00000000e600fcf8, 0x00000000e6ab0000)
  to   space 21824K,   0% used [0x00000000e6ab0000, 0x00000000e6ab0000, 0x00000000e8000000)
 concurrent mark-sweep generation total 393216K, used 82540K [0x00000000e8000000, 0x0000000100000000, 0x0000000100000000)
 Metaspace       used 38817K, capacity 39946K, committed 40232K, reserved 1085440K
  class space    used 4602K, capacity 4875K, committed 4912K, reserved 1048576K
2018-08-08T21:41:12.953+0800: 36.132: [GC (Allocation Failure) 2018-08-08T21:41:12.953+0800: 36.132: [ParNew
Desired survivor size 20112992 bytes, new threshold 8 (max 8)
- age   1:     435664 bytes,     435664 total
- age   2:    2461216 bytes,    2896880 total
- age   3:    1628336 bytes,    4525216 total
- age   4:     313256 bytes,    4838472 total
- age   5:    3474192 bytes,    8312664 total
- age   6:     368232 bytes,    8680896 total
- age   7:     357872 bytes,    9038768 total
- age   8:     342352 bytes,    9381120 total
: 98367K->9486K(109248K), 0.0075678 secs] 180907K->92423K(502464K), 0.0076676 secs] [Times: user=0.05 sys=0.00, real=0.02 secs] 
Heap after GC invocations=61 (full 1):
 par new generation   total 109248K, used 9486K [0x00000000e0000000, 0x00000000e8000000, 0x00000000e8000000)
  eden space 87424K,   0% used [0x00000000e0000000, 0x00000000e0000000, 0x00000000e5560000)
  from space 21824K,  43% used [0x00000000e6ab0000, 0x00000000e73f3ae0, 0x00000000e8000000)
  to   space 21824K,   0% used [0x00000000e5560000, 0x00000000e5560000, 0x00000000e6ab0000)
 concurrent mark-sweep generation total 393216K, used 82936K [0x00000000e8000000, 0x0000000100000000, 0x0000000100000000)
 Metaspace       used 38817K, capacity 39946K, committed 40232K, reserved 1085440K
  class space    used 4602K, capacity 4875K, committed 4912K, reserved 1048576K
}
2018-08-08T21:41:12.969+0800: 36.139: Total time for which application threads were stopped: 0.0079231 seconds, Stopping threads took: 0.0000365 seconds
{Heap before GC invocations=61 (full 1):
 par new generation   total 109248K, used 96910K [0x00000000e0000000, 0x00000000e8000000, 0x00000000e8000000)
  eden space 87424K, 100% used [0x00000000e0000000, 0x00000000e5560000, 0x00000000e5560000)
  from space 21824K,  43% used [0x00000000e6ab0000, 0x00000000e73f3ae0, 0x00000000e8000000)
  to   space 21824K,   0% used [0x00000000e5560000, 0x00000000e5560000, 0x00000000e6ab0000)
 concurrent mark-sweep generation total 393216K, used 82936K [0x00000000e8000000, 0x0000000100000000, 0x0000000100000000)
 Metaspace       used 38820K, capacity 39946K, committed 40232K, reserved 1085440K
  class space    used 4602K, capacity 4875K, committed 4912K, reserved 1048576K
2018-08-08T21:41:13.144+0800: 36.309: [GC (Allocation Failure) 2018-08-08T21:41:13.144+0800: 36.309: [ParNew
Desired survivor size 20112992 bytes, new threshold 8 (max 8)
- age   1:     362704 bytes,     362704 total
- age   2:     326272 bytes,     688976 total
- age   3:    2461216 bytes,    3150192 total
- age   4:    1628336 bytes,    4778528 total
- age   5:     313256 bytes,    5091784 total
- age   6:    3474192 bytes,    8565976 total
- age   7:     368232 bytes,    8934208 total
- age   8:     325088 bytes,    9259296 total
: 96910K->10820K(109248K), 0.0065569 secs] 179847K->94092K(502464K), 0.0066579 secs] [Times: user=0.00 sys=0.00, real=0.01 secs] 
Heap after GC invocations=62 (full 1):
 par new generation   total 109248K, used 10820K [0x00000000e0000000, 0x00000000e8000000, 0x00000000e8000000)
  eden space 87424K,   0% used [0x00000000e0000000, 0x00000000e0000000, 0x00000000e5560000)
  from space 21824K,  49% used [0x00000000e5560000, 0x00000000e5ff1008, 0x00000000e6ab0000)
  to   space 21824K,   0% used [0x00000000e6ab0000, 0x00000000e6ab0000, 0x00000000e8000000)
 concurrent mark-sweep generation total 393216K, used 83272K [0x00000000e8000000, 0x0000000100000000, 0x0000000100000000)
 Metaspace       used 38820K, capacity 39946K, committed 40232K, reserved 1085440K
  class space    used 4602K, capacity 4875K, committed 4912K, reserved 1048576K
}
2018-08-08T21:41:13.151+0800: 36.315: Total time for which application threads were stopped: 0.0069327 seconds, Stopping threads took: 0.0000319 seconds
{Heap before GC invocations=62 (full 1):
 par new generation   total 109248K, used 98244K [0x00000000e0000000, 0x00000000e8000000, 0x00000000e8000000)
  eden space 87424K, 100% used [0x00000000e0000000, 0x00000000e5560000, 0x00000000e5560000)
  from space 21824K,  49% used [0x00000000e5560000, 0x00000000e5ff1008, 0x00000000e6ab0000)
  to   space 21824K,   0% used [0x00000000e6ab0000, 0x00000000e6ab0000, 0x00000000e8000000)
 concurrent mark-sweep generation total 393216K, used 83272K [0x00000000e8000000, 0x0000000100000000, 0x0000000100000000)
 Metaspace       used 38833K, capacity 39946K, committed 40232K, reserved 1085440K
  class space    used 4602K, capacity 4875K, committed 4912K, reserved 1048576K
2018-08-08T21:41:13.359+0800: 36.523: [GC (Allocation Failure) 2018-08-08T21:41:13.359+0800: 36.523: [ParNew
Desired survivor size 20112992 bytes, new threshold 8 (max 8)
- age   1:     330416 bytes,     330416 total
- age   2:     304016 bytes,     634432 total
- age   3:     326272 bytes,     960704 total
- age   4:    2461216 bytes,    3421920 total
- age   5:    1628336 bytes,    5050256 total
- age   6:     313256 bytes,    5363512 total
- age   7:    3444224 bytes,    8807736 total
- age   8:     368232 bytes,    9175968 total
: 98244K->10627K(109248K), 0.0061983 secs] 181516K->94218K(502464K), 0.0062855 secs] [Times: user=0.00 sys=0.00, real=0.01 secs] 
Heap after GC invocations=63 (full 1):
 par new generation   total 109248K, used 10627K [0x00000000e0000000, 0x00000000e8000000, 0x00000000e8000000)
  eden space 87424K,   0% used [0x00000000e0000000, 0x00000000e0000000, 0x00000000e5560000)
  from space 21824K,  48% used [0x00000000e6ab0000, 0x00000000e7510dc8, 0x00000000e8000000)
  to   space 21824K,   0% used [0x00000000e5560000, 0x00000000e5560000, 0x00000000e6ab0000)
 concurrent mark-sweep generation total 393216K, used 83590K [0x00000000e8000000, 0x0000000100000000, 0x0000000100000000)
 Metaspace       used 38833K, capacity 39946K, committed 40232K, reserved 1085440K
  class space    used 4602K, capacity 4875K, committed 4912K, reserved 1048576K
}
2018-08-08T21:41:13.365+0800: 36.530: Total time for which application threads were stopped: 0.0065621 seconds, Stopping threads took: 0.0000331 seconds
2018-08-08T21:41:13.881+0800: 37.046: Total time for which application threads were stopped: 0.0006825 seconds, Stopping threads took: 0.0000325 seconds
2018-08-08T21:41:14.881+0800: 38.045: Total time for which application threads were stopped: 0.0002788 seconds, Stopping threads took: 0.0000411 seconds
{Heap before GC invocations=63 (full 1):
 par new generation   total 109248K, used 98051K [0x00000000e0000000, 0x00000000e8000000, 0x00000000e8000000)
  eden space 87424K, 100% used [0x00000000e0000000, 0x00000000e5560000, 0x00000000e5560000)
  from space 21824K,  48% used [0x00000000e6ab0000, 0x00000000e7510dc8, 0x00000000e8000000)
  to   space 21824K,   0% used [0x00000000e5560000, 0x00000000e5560000, 0x00000000e6ab0000)
 concurrent mark-sweep generation total 393216K, used 83590K [0x00000000e8000000, 0x0000000100000000, 0x0000000100000000)
 Metaspace       used 39485K, capacity 40586K, committed 40872K, reserved 1085440K
  class space    used 4662K, capacity 4939K, committed 5040K, reserved 1048576K
2018-08-08T21:41:14.928+0800: 38.093: [GC (Allocation Failure) 2018-08-08T21:41:14.928+0800: 38.093: [ParNew
Desired survivor size 20112992 bytes, new threshold 8 (max 8)
- age   1:     737264 bytes,     737264 total
- age   2:     292360 bytes,    1029624 total
- age   3:     302000 bytes,    1331624 total
- age   4:     324400 bytes,    1656024 total
- age   5:    2458864 bytes,    4114888 total
- age   6:    1625648 bytes,    5740536 total
- age   7:     295824 bytes,    6036360 total
- age   8:    3441872 bytes,    9478232 total
: 98051K->10576K(109248K), 0.0059377 secs] 181642K->94525K(502464K), 0.0060694 secs] [Times: user=0.06 sys=0.00, real=0.01 secs] 
Heap after GC invocations=64 (full 1):
 par new generation   total 109248K, used 10576K [0x00000000e0000000, 0x00000000e8000000, 0x00000000e8000000)
  eden space 87424K,   0% used [0x00000000e0000000, 0x00000000e0000000, 0x00000000e5560000)
  from space 21824K,  48% used [0x00000000e5560000, 0x00000000e5fb42b0, 0x00000000e6ab0000)
  to   space 21824K,   0% used [0x00000000e6ab0000, 0x00000000e6ab0000, 0x00000000e8000000)
 concurrent mark-sweep generation total 393216K, used 83948K [0x00000000e8000000, 0x0000000100000000, 0x0000000100000000)
 Metaspace       used 39485K, capacity 40586K, committed 40872K, reserved 1085440K
  class space    used 4662K, capacity 4939K, committed 5040K, reserved 1048576K
}
2018-08-08T21:41:14.934+0800: 38.099: Total time for which application threads were stopped: 0.0063905 seconds, Stopping threads took: 0.0000388 seconds
{Heap before GC invocations=64 (full 1):
 par new generation   total 109248K, used 98000K [0x00000000e0000000, 0x00000000e8000000, 0x00000000e8000000)
  eden space 87424K, 100% used [0x00000000e0000000, 0x00000000e5560000, 0x00000000e5560000)
  from space 21824K,  48% used [0x00000000e5560000, 0x00000000e5fb42b0, 0x00000000e6ab0000)
  to   space 21824K,   0% used [0x00000000e6ab0000, 0x00000000e6ab0000, 0x00000000e8000000)
 concurrent mark-sweep generation total 393216K, used 83948K [0x00000000e8000000, 0x0000000100000000, 0x0000000100000000)
 Metaspace       used 39492K, capacity 40650K, committed 40872K, reserved 1085440K
  class space    used 4662K, capacity 4939K, committed 5040K, reserved 1048576K
2018-08-08T21:41:15.539+0800: 38.709: [GC (Allocation Failure) 2018-08-08T21:41:15.539+0800: 38.709: [ParNew
Desired survivor size 20112992 bytes, new threshold 8 (max 8)
- age   1:      73728 bytes,      73728 total
- age   2:     248904 bytes,     322632 total
- age   3:     292360 bytes,     614992 total
- age   4:     302000 bytes,     916992 total
- age   5:     324400 bytes,    1241392 total
- age   6:    2458864 bytes,    3700256 total
- age   7:    1625648 bytes,    5325904 total
- age   8:     295824 bytes,    5621728 total
: 98000K->6841K(109248K), 0.0061989 secs] 181949K->94152K(502464K), 0.0063351 secs] [Times: user=0.00 sys=0.00, real=0.00 secs] 
Heap after GC invocations=65 (full 1):
 par new generation   total 109248K, used 6841K [0x00000000e0000000, 0x00000000e8000000, 0x00000000e8000000)
  eden space 87424K,   0% used [0x00000000e0000000, 0x00000000e0000000, 0x00000000e5560000)
  from space 21824K,  31% used [0x00000000e6ab0000, 0x00000000e715e510, 0x00000000e8000000)
  to   space 21824K,   0% used [0x00000000e5560000, 0x00000000e5560000, 0x00000000e6ab0000)
 concurrent mark-sweep generation total 393216K, used 87310K [0x00000000e8000000, 0x0000000100000000, 0x0000000100000000)
 Metaspace       used 39492K, capacity 40650K, committed 40872K, reserved 1085440K
  class space    used 4662K, capacity 4939K, committed 5040K, reserved 1048576K
}
2018-08-08T21:41:15.539+0800: 38.716: Total time for which application threads were stopped: 0.0067690 seconds, Stopping threads took: 0.0000553 seconds
2018-08-08T21:41:16.539+0800: 39.702: Total time for which application threads were stopped: 0.0001596 seconds, Stopping threads took: 0.0000741 seconds
2018-08-08T21:41:16.681+0800: 39.850: Total time for which application threads were stopped: 0.0005873 seconds, Stopping threads took: 0.0000342 seconds
2018-08-08T21:41:16.697+0800: 39.870: Total time for which application threads were stopped: 0.0005856 seconds, Stopping threads took: 0.0000257 seconds
2018-08-08T21:41:16.759+0800: 39.935: Total time for which application threads were stopped: 0.0006591 seconds, Stopping threads took: 0.0000274 seconds
2018-08-08T21:41:16.759+0800: 39.938: Total time for which application threads were stopped: 0.0001095 seconds, Stopping threads took: 0.0000302 seconds
2018-08-08T21:41:17.765+0800: 40.928: Total time for which application threads were stopped: 0.0001095 seconds, Stopping threads took: 0.0000302 seconds
2018-08-08T21:41:30.035+0800: 53.209: Total time for which application threads were stopped: 0.0002406 seconds, Stopping threads took: 0.0001557 seconds
2018-08-08T21:41:30.066+0800: 53.239: Total time for which application threads were stopped: 0.0001157 seconds, Stopping threads took: 0.0000336 seconds
2018-08-08T21:41:30.113+0800: 53.277: Total time for which application threads were stopped: 0.0009334 seconds, Stopping threads took: 0.0000342 seconds
2018-08-08T21:41:31.140+0800: 54.304: Total time for which application threads were stopped: 0.0001311 seconds, Stopping threads took: 0.0000268 seconds
2018-08-08T21:41:31.587+0800: 54.751: [GC (CMS Initial Mark) [1 CMS-initial-mark: 87310K(393216K)] 119923K(502464K), 0.0048219 secs] [Times: user=0.00 sys=0.00, real=0.00 secs] 
2018-08-08T21:41:31.587+0800: 54.756: Total time for which application threads were stopped: 0.0049821 seconds, Stopping threads took: 0.0000262 seconds
2018-08-08T21:41:31.587+0800: 54.756: [CMS-concurrent-mark-start]
2018-08-08T21:41:31.634+0800: 54.811: [CMS-concurrent-mark: 0.056/0.056 secs] [Times: user=0.16 sys=0.00, real=0.05 secs] 
2018-08-08T21:41:31.634+0800: 54.811: [CMS-concurrent-preclean-start]
2018-08-08T21:41:31.650+0800: 54.814: [CMS-concurrent-preclean: 0.002/0.002 secs] [Times: user=0.02 sys=0.00, real=0.02 secs] 
2018-08-08T21:41:31.650+0800: 54.814: [CMS-concurrent-abortable-preclean-start]
 CMS: abort preclean due to time 2018-08-08T21:41:37.750+0800: 60.917: [CMS-concurrent-abortable-preclean: 0.214/6.103 secs] [Times: user=0.05 sys=0.00, real=6.10 secs] 
2018-08-08T21:41:37.750+0800: 60.917: [GC (CMS Final Remark) [YG occupancy: 32612 K (109248 K)]{Heap before GC invocations=65 (full 2):
 par new generation   total 109248K, used 32612K [0x00000000e0000000, 0x00000000e8000000, 0x00000000e8000000)
  eden space 87424K,  29% used [0x00000000e0000000, 0x00000000e192ae18, 0x00000000e5560000)
  from space 21824K,  31% used [0x00000000e6ab0000, 0x00000000e715e510, 0x00000000e8000000)
  to   space 21824K,   0% used [0x00000000e5560000, 0x00000000e5560000, 0x00000000e6ab0000)
 concurrent mark-sweep generation total 393216K, used 87310K [0x00000000e8000000, 0x0000000100000000, 0x0000000100000000)
 Metaspace       used 40509K, capacity 41628K, committed 41788K, reserved 1085440K
  class space    used 4799K, capacity 5070K, committed 5116K, reserved 1048576K
2018-08-08T21:41:37.750+0800: 60.917: [GC (CMS Final Remark) 2018-08-08T21:41:37.750+0800: 60.917: [ParNew
Desired survivor size 20112992 bytes, new threshold 8 (max 8)
- age   1:    1215368 bytes,    1215368 total
- age   2:       2896 bytes,    1218264 total
- age   3:     187312 bytes,    1405576 total
- age   4:     289792 bytes,    1695368 total
- age   5:     300032 bytes,    1995400 total
- age   6:     322528 bytes,    2317928 total
- age   7:    2456560 bytes,    4774488 total
- age   8:    1623104 bytes,    6397592 total
: 32612K->7357K(109248K), 0.0067491 secs] 119923K->94954K(502464K), 0.0068192 secs] [Times: user=0.00 sys=0.00, real=0.00 secs] 
Heap after GC invocations=66 (full 2):
 par new generation   total 109248K, used 7357K [0x00000000e0000000, 0x00000000e8000000, 0x00000000e8000000)
  eden space 87424K,   0% used [0x00000000e0000000, 0x00000000e0000000, 0x00000000e5560000)
  from space 21824K,  33% used [0x00000000e5560000, 0x00000000e5c8f410, 0x00000000e6ab0000)
  to   space 21824K,   0% used [0x00000000e6ab0000, 0x00000000e6ab0000, 0x00000000e8000000)
 concurrent mark-sweep generation total 393216K, used 87597K [0x00000000e8000000, 0x0000000100000000, 0x0000000100000000)
 Metaspace       used 40509K, capacity 41628K, committed 41788K, reserved 1085440K
  class space    used 4799K, capacity 5070K, committed 5116K, reserved 1048576K
}
2018-08-08T21:41:37.750+0800: 60.924: [Rescan (parallel) , 0.0017265 secs]2018-08-08T21:41:37.750+0800: 60.926: [weak refs processing, 0.0014636 secs]2018-08-08T21:41:37.750+0800: 60.927: [class unloading, 0.0101855 secs]2018-08-08T21:41:37.766+0800: 60.938: [scrub symbol table, 0.0083381 secs]2018-08-08T21:41:37.782+0800: 60.946: [scrub string table, 0.0006523 secs][1 CMS-remark: 87597K(393216K)] 94954K(502464K), 0.0307389 secs] [Times: user=0.03 sys=0.00, real=0.03 secs] 
2018-08-08T21:41:37.782+0800: 60.948: Total time for which application threads were stopped: 0.0308746 seconds, Stopping threads took: 0.0000251 seconds
2018-08-08T21:41:37.782+0800: 60.948: [CMS-concurrent-sweep-start]
2018-08-08T21:41:37.782+0800: 60.949: Total time for which application threads were stopped: 0.0001346 seconds, Stopping threads took: 0.0000764 seconds
2018-08-08T21:41:37.782+0800: 60.949: Total time for which application threads were stopped: 0.0000411 seconds, Stopping threads took: 0.0000148 seconds
2018-08-08T21:41:37.797+0800: 60.967: Total time for which application threads were stopped: 0.0001175 seconds, Stopping threads took: 0.0000525 seconds
2018-08-08T21:41:37.797+0800: 60.967: Total time for which application threads were stopped: 0.0000582 seconds, Stopping threads took: 0.0000160 seconds
2018-08-08T21:41:37.797+0800: 60.967: Total time for which application threads were stopped: 0.0000958 seconds, Stopping threads took: 0.0000513 seconds
2018-08-08T21:41:37.797+0800: 60.968: Total time for which application threads were stopped: 0.0000525 seconds, Stopping threads took: 0.0000120 seconds
2018-08-08T21:41:37.813+0800: 60.979: [CMS-concurrent-sweep: 0.030/0.030 secs] [Times: user=0.05 sys=0.00, real=0.03 secs] 
2018-08-08T21:41:37.813+0800: 60.979: [CMS-concurrent-reset-start]
2018-08-08T21:41:37.813+0800: 60.979: [CMS-concurrent-reset: 0.001/0.001 secs] [Times: user=0.00 sys=0.00, real=0.00 secs] 
2018-08-08T21:42:23.219+0800: 106.381: Total time for which application threads were stopped: 0.0002115 seconds, Stopping threads took: 0.0000907 seconds
2018-08-08T21:50:39.912+0800: 603.064: Total time for which application threads were stopped: 0.0001243 seconds, Stopping threads took: 0.0000354 seconds
2018-08-08T22:41:32.156+0800: 3655.240: Total time for which application threads were stopped: 0.0001904 seconds, Stopping threads took: 0.0000639 seconds
2018-08-08T22:50:23.236+0800: 4186.309: Total time for which application threads were stopped: 0.0001197 seconds, Stopping threads took: 0.0000393 seconds
2018-08-08T23:27:24.110+0800: 6407.134: Total time for which application threads were stopped: 0.0001232 seconds, Stopping threads took: 0.0000308 seconds
2018-08-09T00:26:33.146+0800: 9956.092: Total time for which application threads were stopped: 0.0000946 seconds, Stopping threads took: 0.0000257 seconds
2018-08-09T00:50:41.157+0800: 11404.071: Total time for which application threads were stopped: 0.0001129 seconds, Stopping threads took: 0.0000257 seconds
2018-08-09T01:20:40.998+0800: 13203.872: Total time for which application threads were stopped: 0.0001095 seconds, Stopping threads took: 0.0000296 seconds
2018-08-09T01:30:41.287+0800: 13804.148: Total time for which application threads were stopped: 0.0001072 seconds, Stopping threads took: 0.0000291 seconds
2018-08-09T03:10:41.120+0800: 19803.850: Total time for which application threads were stopped: 0.0001534 seconds, Stopping threads took: 0.0000365 seconds
2018-08-09T04:57:50.008+0800: 26232.597: Total time for which application threads were stopped: 0.0472083 seconds, Stopping threads took: 0.0000279 seconds
2018-08-09T06:33:19.513+0800: 31961.975: Total time for which application threads were stopped: 0.0001323 seconds, Stopping threads took: 0.0000365 seconds
2018-08-09T09:14:27.367+0800: 41629.111: Total time for which application threads were stopped: 0.0003615 seconds, Stopping threads took: 0.0001431 seconds
2018-08-09T09:32:57.892+0800: 42739.126: Total time for which application threads were stopped: 0.0686466 seconds, Stopping threads took: 0.0685445 seconds
2018-08-09T09:32:59.120+0800: 42740.353: Total time for which application threads were stopped: 0.2276917 seconds, Stopping threads took: 0.2275857 seconds
2018-08-09T09:33:00.127+0800: 42741.360: Total time for which application threads were stopped: 0.0080816 seconds, Stopping threads took: 0.0079909 seconds
2018-08-09T09:33:01.277+0800: 42742.512: Total time for which application threads were stopped: 0.1518821 seconds, Stopping threads took: 0.1517669 seconds
2018-08-09T09:33:02.277+0800: 42743.510: Total time for which application threads were stopped: 0.0001420 seconds, Stopping threads took: 0.0000382 seconds
2018-08-09T09:33:04.285+0800: 42745.519: Total time for which application threads were stopped: 0.0086842 seconds, Stopping threads took: 0.0085702 seconds
2018-08-09T09:33:05.285+0800: 42746.517: Total time for which application threads were stopped: 0.0001232 seconds, Stopping threads took: 0.0000462 seconds
2018-08-09T09:33:08.305+0800: 42749.538: Total time for which application threads were stopped: 0.0202780 seconds, Stopping threads took: 0.0201794 seconds
2018-08-09T09:33:09.368+0800: 42750.601: Total time for which application threads were stopped: 0.0638002 seconds, Stopping threads took: 0.0282479 seconds
2018-08-09T09:33:10.543+0800: 42751.775: Total time for which application threads were stopped: 0.1755395 seconds, Stopping threads took: 0.0000593 seconds
2018-08-09T09:33:11.788+0800: 42753.022: Total time for which application threads were stopped: 0.2474178 seconds, Stopping threads took: 0.0000564 seconds
2018-08-09T09:33:12.700+0800: 42753.933: Total time for which application threads were stopped: 0.2625746 seconds, Stopping threads took: 0.0543040 seconds
2018-08-09T09:33:12.750+0800: 42753.982: Total time for which application threads were stopped: 0.0485835 seconds, Stopping threads took: 0.0484119 seconds
2018-08-09T09:33:12.853+0800: 42754.087: Total time for which application threads were stopped: 0.1039993 seconds, Stopping threads took: 0.0517388 seconds
2018-08-09T09:33:13.050+0800: 42754.283: Total time for which application threads were stopped: 0.0553269 seconds, Stopping threads took: 0.0551997 seconds
2018-08-09T09:33:13.278+0800: 42754.511: Total time for which application threads were stopped: 0.2269539 seconds, Stopping threads took: 0.0160223 seconds
2018-08-09T09:33:13.473+0800: 42754.707: Total time for which application threads were stopped: 0.1811152 seconds, Stopping threads took: 0.1017135 seconds
2018-08-09T09:33:13.490+0800: 42754.722: Total time for which application threads were stopped: 0.0155303 seconds, Stopping threads took: 0.0153900 seconds
2018-08-09T09:33:13.513+0800: 42754.745: Total time for which application threads were stopped: 0.0223717 seconds, Stopping threads took: 0.0221978 seconds
2018-08-09T09:33:13.520+0800: 42754.752: Total time for which application threads were stopped: 0.0072161 seconds, Stopping threads took: 0.0070456 seconds
2018-08-09T09:33:13.590+0800: 42754.823: Total time for which application threads were stopped: 0.0699050 seconds, Stopping threads took: 0.0697693 seconds
2018-08-09T09:33:13.625+0800: 42754.857: Total time for which application threads were stopped: 0.0346925 seconds, Stopping threads took: 0.0345442 seconds
2018-08-09T09:33:13.658+0800: 42754.890: Total time for which application threads were stopped: 0.0323537 seconds, Stopping threads took: 0.0322191 seconds
2018-08-09T09:33:13.765+0800: 42754.998: Total time for which application threads were stopped: 0.0843815 seconds, Stopping threads took: 0.0468302 seconds
2018-08-09T09:33:13.793+0800: 42755.026: Total time for which application threads were stopped: 0.0277530 seconds, Stopping threads took: 0.0000958 seconds
2018-08-09T09:33:13.793+0800: 42755.026: Total time for which application threads were stopped: 0.0001061 seconds, Stopping threads took: 0.0000325 seconds
2018-08-09T09:33:14.857+0800: 42756.091: Total time for which application threads were stopped: 0.0644998 seconds, Stopping threads took: 0.0201498 seconds
2018-08-09T09:33:15.397+0800: 42756.630: Total time for which application threads were stopped: 0.1604090 seconds, Stopping threads took: 0.1602892 seconds
2018-08-09T09:33:15.462+0800: 42756.695: Total time for which application threads were stopped: 0.0078723 seconds, Stopping threads took: 0.0077526 seconds
2018-08-09T09:33:15.557+0800: 42756.790: Total time for which application threads were stopped: 0.0037523 seconds, Stopping threads took: 0.0036331 seconds
2018-08-09T09:33:16.558+0800: 42757.790: Total time for which application threads were stopped: 0.0001368 seconds, Stopping threads took: 0.0000354 seconds
2018-08-09T09:33:17.630+0800: 42758.837: Total time for which application threads were stopped: 0.0461164 seconds, Stopping threads took: 0.0459373 seconds
2018-08-09T09:33:18.632+0800: 42759.838: Total time for which application threads were stopped: 0.0001956 seconds, Stopping threads took: 0.0000485 seconds
2018-08-09T09:33:21.631+0800: 42762.850: Total time for which application threads were stopped: 0.0001864 seconds, Stopping threads took: 0.0000479 seconds
2018-08-09T09:33:24.629+0800: 42765.861: Total time for which application threads were stopped: 0.0001728 seconds, Stopping threads took: 0.0000764 seconds
2018-08-09T09:33:25.657+0800: 42766.863: Total time for which application threads were stopped: 0.0001328 seconds, Stopping threads took: 0.0000325 seconds
2018-08-09T09:33:27.632+0800: 42768.865: Total time for which application threads were stopped: 0.0015075 seconds, Stopping threads took: 0.0014100 seconds
2018-08-09T09:33:27.712+0800: 42768.928: Total time for which application threads were stopped: 0.0001214 seconds, Stopping threads took: 0.0000382 seconds
2018-08-09T09:33:27.846+0800: 42769.072: Total time for which application threads were stopped: 0.0001545 seconds, Stopping threads took: 0.0000405 seconds
2018-08-09T09:33:27.945+0800: 42769.157: Total time for which application threads were stopped: 0.0001448 seconds, Stopping threads took: 0.0000376 seconds
2018-08-09T09:33:28.921+0800: 42770.152: Total time for which application threads were stopped: 0.0001083 seconds, Stopping threads took: 0.0000274 seconds
2018-08-09T09:33:42.187+0800: 42783.418: Total time for which application threads were stopped: 0.0001819 seconds, Stopping threads took: 0.0000325 seconds
2018-08-09T09:33:43.218+0800: 42784.449: Total time for which application threads were stopped: 0.0303187 seconds, Stopping threads took: 0.0301511 seconds
2018-08-09T09:33:44.219+0800: 42785.450: Total time for which application threads were stopped: 0.0001978 seconds, Stopping threads took: 0.0000587 seconds
2018-08-09T09:33:45.249+0800: 42786.480: Total time for which application threads were stopped: 0.0301596 seconds, Stopping threads took: 0.0300017 seconds
2018-08-09T09:33:46.249+0800: 42787.480: Total time for which application threads were stopped: 0.0001152 seconds, Stopping threads took: 0.0000296 seconds
2018-08-09T09:34:15.281+0800: 42816.510: Total time for which application threads were stopped: 0.0001505 seconds, Stopping threads took: 0.0000525 seconds
2018-08-09T09:34:22.290+0800: 42823.519: Total time for which application threads were stopped: 0.0001739 seconds, Stopping threads took: 0.0000445 seconds
2018-08-09T10:08:22.246+0800: 44863.213: Total time for which application threads were stopped: 0.0001500 seconds, Stopping threads took: 0.0000690 seconds
2018-08-09T10:09:16.253+0800: 44917.216: Total time for which application threads were stopped: 0.0001260 seconds, Stopping threads took: 0.0000496 seconds
2018-08-09T10:25:15.992+0800: 45876.875: Total time for which application threads were stopped: 0.0001112 seconds, Stopping threads took: 0.0000336 seconds
2018-08-09T10:30:43.177+0800: 46204.073: Total time for which application threads were stopped: 0.0060683 seconds, Stopping threads took: 0.0059600 seconds
2018-08-09T11:05:16.836+0800: 48277.684: Total time for which application threads were stopped: 0.0001403 seconds, Stopping threads took: 0.0000405 seconds
2018-08-09T13:25:27.158+0800: 56686.878: Total time for which application threads were stopped: 0.0399899 seconds, Stopping threads took: 0.0000599 seconds
2018-08-09T13:25:28.158+0800: 56687.869: Total time for which application threads were stopped: 0.0001026 seconds, Stopping threads took: 0.0000257 seconds
2018-08-09T14:30:31.584+0800: 60591.237: Total time for which application threads were stopped: 0.2707480 seconds, Stopping threads took: 0.0691158 seconds
2018-08-09T14:30:34.892+0800: 60594.491: Total time for which application threads were stopped: 0.2336238 seconds, Stopping threads took: 0.1930654 seconds
2018-08-09T14:30:37.984+0800: 60597.583: Total time for which application threads were stopped: 0.0925925 seconds, Stopping threads took: 0.0140005 seconds
2018-08-09T14:30:45.002+0800: 60604.599: Total time for which application threads were stopped: 0.0170372 seconds, Stopping threads took: 0.0006397 seconds
2018-08-09T14:30:46.074+0800: 60605.672: Total time for which application threads were stopped: 0.0727250 seconds, Stopping threads took: 0.0299920 seconds
2018-08-09T14:30:47.121+0800: 60606.719: Total time for which application threads were stopped: 0.0475566 seconds, Stopping threads took: 0.0141191 seconds
2018-08-09T14:30:48.131+0800: 60607.729: Total time for which application threads were stopped: 0.0101541 seconds, Stopping threads took: 0.0100555 seconds
2018-08-09T14:30:49.139+0800: 60608.737: Total time for which application threads were stopped: 0.0081306 seconds, Stopping threads took: 0.0080154 seconds
2018-08-09T14:30:50.142+0800: 60609.740: Total time for which application threads were stopped: 0.0031359 seconds, Stopping threads took: 0.0030498 seconds
2018-08-09T14:30:55.143+0800: 60614.740: Total time for which application threads were stopped: 0.0001443 seconds, Stopping threads took: 0.0000707 seconds
2018-08-09T14:42:01.914+0800: 61281.475: Total time for which application threads were stopped: 0.2717966 seconds, Stopping threads took: 0.1895218 seconds
2018-08-09T14:42:03.740+0800: 61283.301: Total time for which application threads were stopped: 0.4896506 seconds, Stopping threads took: 0.2508970 seconds
2018-08-09T14:54:49.367+0800: 62048.903: Total time for which application threads were stopped: 0.0001482 seconds, Stopping threads took: 0.0000679 seconds
2018-08-09T14:55:45.779+0800: 62105.314: Total time for which application threads were stopped: 0.0227058 seconds, Stopping threads took: 0.0050141 seconds
2018-08-09T14:55:47.781+0800: 62107.315: Total time for which application threads were stopped: 0.0001232 seconds, Stopping threads took: 0.0000336 seconds
2018-08-09T15:09:45.059+0800: 62944.564: Total time for which application threads were stopped: 0.0025629 seconds, Stopping threads took: 0.0024819 seconds
2018-08-09T15:09:46.073+0800: 62945.589: Total time for which application threads were stopped: 0.0135136 seconds, Stopping threads took: 0.0134263 seconds
2018-08-09T16:25:54.078+0800: 67513.456: Total time for which application threads were stopped: 0.0545247 seconds, Stopping threads took: 0.0544192 seconds
2018-08-09T16:25:56.078+0800: 67515.456: Total time for which application threads were stopped: 0.0001545 seconds, Stopping threads took: 0.0000701 seconds
2018-08-09T16:32:15.135+0800: 67894.488: Total time for which application threads were stopped: 0.0059548 seconds, Stopping threads took: 0.0058613 seconds
2018-08-09T16:32:16.136+0800: 67895.488: Total time for which application threads were stopped: 0.0001414 seconds, Stopping threads took: 0.0000576 seconds
2018-08-09T16:33:00.140+0800: 67939.490: Total time for which application threads were stopped: 0.0001636 seconds, Stopping threads took: 0.0000576 seconds
2018-08-09T16:34:41.195+0800: 68040.538: Total time for which application threads were stopped: 0.0450553 seconds, Stopping threads took: 0.0190117 seconds
2018-08-09T16:34:42.195+0800: 68041.538: Total time for which application threads were stopped: 0.0000952 seconds, Stopping threads took: 0.0000268 seconds
2018-08-09T16:54:30.247+0800: 69229.603: Total time for which application threads were stopped: 0.0001870 seconds, Stopping threads took: 0.0000753 seconds
2018-08-09T16:58:45.480+0800: 69484.820: Total time for which application threads were stopped: 0.2082256 seconds, Stopping threads took: 0.2080774 seconds
2018-08-09T16:59:33.485+0800: 69532.822: Total time for which application threads were stopped: 0.0001659 seconds, Stopping threads took: 0.0000758 seconds
2018-08-09T17:00:10.534+0800: 69569.869: Total time for which application threads were stopped: 0.0456751 seconds, Stopping threads took: 0.0455810 seconds
2018-08-09T17:00:11.534+0800: 69570.868: Total time for which application threads were stopped: 0.0001500 seconds, Stopping threads took: 0.0000690 seconds
2018-08-09T17:02:12.546+0800: 69691.872: Total time for which application threads were stopped: 0.0001192 seconds, Stopping threads took: 0.0000462 seconds
2018-08-09T17:09:22.664+0800: 70121.961: Total time for which application threads were stopped: 0.0727256 seconds, Stopping threads took: 0.0000798 seconds
2018-08-09T17:09:23.701+0800: 70122.998: Total time for which application threads were stopped: 0.0371060 seconds, Stopping threads took: 0.0070108 seconds
2018-08-09T17:09:24.724+0800: 70124.020: Total time for which application threads were stopped: 0.0228073 seconds, Stopping threads took: 0.0059919 seconds
2018-08-09T17:09:25.734+0800: 70125.030: Total time for which application threads were stopped: 0.0101416 seconds, Stopping threads took: 0.0100298 seconds
2018-08-09T17:09:26.150+0800: 70125.446: Total time for which application threads were stopped: 0.0448215 seconds, Stopping threads took: 0.0000251 seconds
2018-08-09T17:09:26.232+0800: 70125.528: Total time for which application threads were stopped: 0.0006049 seconds, Stopping threads took: 0.0000325 seconds
2018-08-09T17:09:27.234+0800: 70126.530: Total time for which application threads were stopped: 0.0020977 seconds, Stopping threads took: 0.0019677 seconds
2018-08-09T17:09:28.256+0800: 70127.564: Total time for which application threads were stopped: 0.0341035 seconds, Stopping threads took: 0.0219914 seconds
2018-08-09T17:09:29.274+0800: 70128.569: Total time for which application threads were stopped: 0.0051372 seconds, Stopping threads took: 0.0049935 seconds
2018-08-09T17:09:30.279+0800: 70129.574: Total time for which application threads were stopped: 0.0055557 seconds, Stopping threads took: 0.0054474 seconds
2018-08-09T17:09:31.279+0800: 70130.574: Total time for which application threads were stopped: 0.0001465 seconds, Stopping threads took: 0.0000530 seconds
2018-08-09T17:10:10.155+0800: 70169.444: Total time for which application threads were stopped: 0.0210381 seconds, Stopping threads took: 0.0209315 seconds
2018-08-09T17:10:10.155+0800: 70169.444: Total time for which application threads were stopped: 0.0000912 seconds, Stopping threads took: 0.0000302 seconds
2018-08-09T17:10:11.155+0800: 70170.443: Total time for which application threads were stopped: 0.0001357 seconds, Stopping threads took: 0.0000479 seconds
2018-08-09T17:12:45.186+0800: 70324.449: Total time for which application threads were stopped: 0.0001614 seconds, Stopping threads took: 0.0000576 seconds
2018-08-09T17:13:22.992+0800: 70362.249: Total time for which application threads were stopped: 0.0002942 seconds, Stopping threads took: 0.0000274 seconds
2018-08-09T17:13:23.992+0800: 70363.249: Total time for which application threads were stopped: 0.0001557 seconds, Stopping threads took: 0.0000673 seconds
2018-08-09T17:15:15.008+0800: 70474.254: Total time for which application threads were stopped: 0.0001545 seconds, Stopping threads took: 0.0000764 seconds
2018-08-09T17:20:27.216+0800: 70786.441: Total time for which application threads were stopped: 0.1554821 seconds, Stopping threads took: 0.0810147 seconds
2018-08-09T17:20:59.261+0800: 70818.485: Total time for which application threads were stopped: 0.0427136 seconds, Stopping threads took: 0.0029894 seconds
2018-08-09T17:21:00.267+0800: 70819.490: Total time for which application threads were stopped: 0.0061390 seconds, Stopping threads took: 0.0020133 seconds
2018-08-09T17:21:01.267+0800: 70820.490: Total time for which application threads were stopped: 0.0000946 seconds, Stopping threads took: 0.0000245 seconds
2018-08-09T17:24:28.357+0800: 71027.567: Total time for which application threads were stopped: 0.0006506 seconds, Stopping threads took: 0.0000268 seconds
2018-08-09T17:24:29.357+0800: 71028.567: Total time for which application threads were stopped: 0.0001243 seconds, Stopping threads took: 0.0000507 seconds
2018-08-09T17:24:40.358+0800: 71039.567: Total time for which application threads were stopped: 0.0001671 seconds, Stopping threads took: 0.0000741 seconds
2018-08-09T17:24:41.358+0800: 71040.567: Total time for which application threads were stopped: 0.0001408 seconds, Stopping threads took: 0.0000519 seconds
2018-08-09T17:24:49.261+0800: 71048.470: Total time for which application threads were stopped: 0.0006226 seconds, Stopping threads took: 0.0000279 seconds
2018-08-09T17:24:50.261+0800: 71049.469: Total time for which application threads were stopped: 0.0001614 seconds, Stopping threads took: 0.0000724 seconds
2018-08-09T17:24:58.712+0800: 71057.920: Total time for which application threads were stopped: 0.0006215 seconds, Stopping threads took: 0.0000251 seconds
2018-08-09T17:24:59.712+0800: 71058.920: Total time for which application threads were stopped: 0.0001557 seconds, Stopping threads took: 0.0000696 seconds
2018-08-09T17:25:00.726+0800: 71059.934: Total time for which application threads were stopped: 0.0142040 seconds, Stopping threads took: 0.0140518 seconds
2018-08-09T17:25:01.726+0800: 71060.934: Total time for which application threads were stopped: 0.0001186 seconds, Stopping threads took: 0.0000462 seconds
2018-08-09T17:25:15.577+0800: 71074.785: Total time for which application threads were stopped: 0.0006107 seconds, Stopping threads took: 0.0000319 seconds
2018-08-09T17:25:15.598+0800: 71074.805: Total time for which application threads were stopped: 0.0006369 seconds, Stopping threads took: 0.0000342 seconds
2018-08-09T17:25:16.599+0800: 71075.805: Total time for which application threads were stopped: 0.0001232 seconds, Stopping threads took: 0.0000371 seconds
2018-08-09T17:25:52.823+0800: 71112.028: Total time for which application threads were stopped: 0.2215174 seconds, Stopping threads took: 0.2214102 seconds
2018-08-09T17:30:30.875+0800: 71390.061: Total time for which application threads were stopped: 0.0001346 seconds, Stopping threads took: 0.0000650 seconds
2018-08-09T17:33:52.895+0800: 71592.068: Total time for which application threads were stopped: 0.0001232 seconds, Stopping threads took: 0.0000319 seconds
2018-08-09T17:34:59.904+0800: 71659.073: Total time for which application threads were stopped: 0.0026627 seconds, Stopping threads took: 0.0025874 seconds
2018-08-09T17:35:00.904+0800: 71660.073: Total time for which application threads were stopped: 0.0001169 seconds, Stopping threads took: 0.0000348 seconds
2018-08-09T17:39:41.944+0800: 71941.100: Total time for which application threads were stopped: 0.0001289 seconds, Stopping threads took: 0.0000308 seconds
2018-08-09T17:40:12.161+0800: 71971.286: Total time for which application threads were stopped: 0.0001106 seconds, Stopping threads took: 0.0000274 seconds
2018-08-09T17:40:52.484+0800: 72011.607: Total time for which application threads were stopped: 0.0001682 seconds, Stopping threads took: 0.0000342 seconds
{Heap before GC invocations=66 (full 2):
 par new generation   total 109248K, used 94781K [0x00000000e0000000, 0x00000000e8000000, 0x00000000e8000000)
  eden space 87424K, 100% used [0x00000000e0000000, 0x00000000e5560000, 0x00000000e5560000)
  from space 21824K,  33% used [0x00000000e5560000, 0x00000000e5c8f410, 0x00000000e6ab0000)
  to   space 21824K,   0% used [0x00000000e6ab0000, 0x00000000e6ab0000, 0x00000000e8000000)
 concurrent mark-sweep generation total 393216K, used 66945K [0x00000000e8000000, 0x0000000100000000, 0x0000000100000000)
 Metaspace       used 41871K, capacity 43020K, committed 43380K, reserved 1087488K
  class space    used 4925K, capacity 5208K, committed 5244K, reserved 1048576K
2018-08-09T17:41:29.533+0800: 72048.673: [GC (Allocation Failure) 2018-08-09T17:41:29.613+0800: 72048.764: [ParNew
Desired survivor size 20112992 bytes, new threshold 8 (max 8)
- age   1:    5265528 bytes,    5265528 total
- age   2:     227256 bytes,    5492784 total
- age   3:       2896 bytes,    5495680 total
- age   4:     156856 bytes,    5652536 total
- age   5:     246152 bytes,    5898688 total
- age   6:     286864 bytes,    6185552 total
- age   7:     313504 bytes,    6499056 total
- age   8:    2444320 bytes,    8943376 total
: 94781K->10427K(109248K), 10.4562136 secs] 161726K->78945K(502464K), 10.5469605 secs] [Times: user=0.30 sys=0.06, real=10.54 secs] 
Heap after GC invocations=67 (full 2):
 par new generation   total 109248K, used 10427K [0x00000000e0000000, 0x00000000e8000000, 0x00000000e8000000)
  eden space 87424K,   0% used [0x00000000e0000000, 0x00000000e0000000, 0x00000000e5560000)
  from space 21824K,  47% used [0x00000000e6ab0000, 0x00000000e74dedc0, 0x00000000e8000000)
  to   space 21824K,   0% used [0x00000000e5560000, 0x00000000e5560000, 0x00000000e6ab0000)
 concurrent mark-sweep generation total 393216K, used 68518K [0x00000000e8000000, 0x0000000100000000, 0x0000000100000000)
 Metaspace       used 41871K, capacity 43020K, committed 43380K, reserved 1087488K
  class space    used 4925K, capacity 5208K, committed 5244K, reserved 1048576K
}
2018-08-09T17:41:40.070+0800: 72059.220: Total time for which application threads were stopped: 10.6143043 seconds, Stopping threads took: 0.0000331 seconds
2018-08-09T17:41:41.085+0800: 72060.221: Total time for which application threads were stopped: 0.0002212 seconds, Stopping threads took: 0.0000621 seconds
2018-08-09T17:41:59.171+0800: 72078.292: Total time for which application threads were stopped: 0.0001408 seconds, Stopping threads took: 0.0000331 seconds
2018-08-09T17:44:24.171+0800: 72223.318: Total time for which application threads were stopped: 0.0001083 seconds, Stopping threads took: 0.0000262 seconds
2018-08-09T17:46:32.675+0800: 72351.863: Total time for which application threads were stopped: 0.0004122 seconds, Stopping threads took: 0.0003204 seconds
2018-08-09T17:49:01.085+0800: 72500.313: Total time for which application threads were stopped: 0.0002862 seconds, Stopping threads took: 0.0000342 seconds
2018-08-09T17:49:02.144+0800: 72501.365: Total time for which application threads were stopped: 0.0478389 seconds, Stopping threads took: 0.0000262 seconds
2018-08-09T17:51:09.012+0800: 72628.273: Total time for which application threads were stopped: 0.0001431 seconds, Stopping threads took: 0.0000308 seconds
2018-08-09T17:51:10.011+0800: 72629.273: Total time for which application threads were stopped: 0.0001614 seconds, Stopping threads took: 0.0000314 seconds
2018-08-09T17:52:47.639+0800: 72726.881: Total time for which application threads were stopped: 0.0002258 seconds, Stopping threads took: 0.0000679 seconds
2018-08-09T17:53:11.793+0800: 72751.036: Total time for which application threads were stopped: 0.0001214 seconds, Stopping threads took: 0.0000296 seconds
2018-08-09T17:56:54.229+0800: 72973.506: Total time for which application threads were stopped: 0.0002720 seconds, Stopping threads took: 0.0000536 seconds
2018-08-09T18:12:02.815+0800: 73882.055: Total time for which application threads were stopped: 0.0001106 seconds, Stopping threads took: 0.0000274 seconds
2018-08-09T18:18:35.278+0800: 74274.528: Total time for which application threads were stopped: 0.0002150 seconds, Stopping threads took: 0.0000952 seconds
2018-08-09T18:19:24.575+0800: 74323.813: Total time for which application threads were stopped: 0.0198949 seconds, Stopping threads took: 0.0157845 seconds
2018-08-09T18:22:11.727+0800: 74490.958: Total time for which application threads were stopped: 0.0000998 seconds, Stopping threads took: 0.0000262 seconds
2018-08-09T18:23:33.163+0800: 74572.424: Total time for which application threads were stopped: 0.0433482 seconds, Stopping threads took: 0.0157406 seconds
2018-08-09T18:23:34.190+0800: 74573.436: Total time for which application threads were stopped: 0.0001078 seconds, Stopping threads took: 0.0000291 seconds
2018-08-09T18:36:41.180+0800: 75360.402: Total time for which application threads were stopped: 0.0002788 seconds, Stopping threads took: 0.0001061 seconds
2018-08-09T18:37:22.441+0800: 75401.691: Total time for which application threads were stopped: 0.0001448 seconds, Stopping threads took: 0.0000542 seconds
2018-08-09T18:37:37.553+0800: 75416.788: Total time for which application threads were stopped: 0.0001032 seconds, Stopping threads took: 0.0000274 seconds
2018-08-09T18:39:24.118+0800: 75523.366: Total time for which application threads were stopped: 0.0001762 seconds, Stopping threads took: 0.0000684 seconds
2018-08-09T18:45:03.175+0800: 75862.388: Total time for which application threads were stopped: 0.0158096 seconds, Stopping threads took: 0.0156831 seconds
2018-08-09T18:45:22.289+0800: 75881.531: Total time for which application threads were stopped: 0.0001374 seconds, Stopping threads took: 0.0000308 seconds
2018-08-09T18:45:27.351+0800: 75886.564: Total time for which application threads were stopped: 0.0001249 seconds, Stopping threads took: 0.0000285 seconds
2018-08-09T18:47:14.963+0800: 75994.175: Total time for which application threads were stopped: 0.0001933 seconds, Stopping threads took: 0.0000787 seconds
2018-08-09T18:48:52.864+0800: 76092.078: Total time for which application threads were stopped: 0.0001237 seconds, Stopping threads took: 0.0000262 seconds
2018-08-09T18:49:01.929+0800: 76101.151: Total time for which application threads were stopped: 0.0001990 seconds, Stopping threads took: 0.0000285 seconds
2018-08-09T18:49:10.941+0800: 76110.183: Total time for which application threads were stopped: 0.0001140 seconds, Stopping threads took: 0.0000296 seconds
2018-08-09T18:50:22.070+0800: 76181.312: Total time for which application threads were stopped: 0.0001043 seconds, Stopping threads took: 0.0000285 seconds
2018-08-09T18:50:37.124+0800: 76196.367: Total time for which application threads were stopped: 0.0001135 seconds, Stopping threads took: 0.0000279 seconds
2018-08-09T18:50:59.301+0800: 76218.514: Total time for which application threads were stopped: 0.0001106 seconds, Stopping threads took: 0.0000279 seconds
2018-08-09T18:51:35.578+0800: 76254.781: Total time for which application threads were stopped: 0.0001095 seconds, Stopping threads took: 0.0000285 seconds
2018-08-09T18:52:16.873+0800: 76296.061: Total time for which application threads were stopped: 0.0001112 seconds, Stopping threads took: 0.0000291 seconds
2018-08-09T19:02:50.453+0800: 76929.498: Total time for which application threads were stopped: 0.0001596 seconds, Stopping threads took: 0.0000354 seconds
2018-08-09T19:03:06.660+0800: 76945.704: Total time for which application threads were stopped: 0.0001437 seconds, Stopping threads took: 0.0000348 seconds
2018-08-09T19:03:31.906+0800: 76970.957: Total time for which application threads were stopped: 0.0233724 seconds, Stopping threads took: 0.0231882 seconds
2018-08-09T19:03:32.916+0800: 76971.958: Total time for which application threads were stopped: 0.0001146 seconds, Stopping threads took: 0.0000268 seconds
2018-08-09T19:05:45.595+0800: 77104.628: Total time for which application threads were stopped: 0.0001112 seconds, Stopping threads took: 0.0000291 seconds
2018-08-09T19:06:07.795+0800: 77126.827: Total time for which application threads were stopped: 0.0001619 seconds, Stopping threads took: 0.0000365 seconds
2018-08-09T19:06:59.502+0800: 77178.534: Total time for which application threads were stopped: 0.0206162 seconds, Stopping threads took: 0.0205164 seconds
2018-08-09T19:07:00.510+0800: 77179.539: Total time for which application threads were stopped: 0.0001197 seconds, Stopping threads took: 0.0000291 seconds
2018-08-09T19:08:12.114+0800: 77251.155: Total time for which application threads were stopped: 0.0001853 seconds, Stopping threads took: 0.0000445 seconds
2018-08-09T19:12:42.119+0800: 77521.132: Total time for which application threads were stopped: 0.0155838 seconds, Stopping threads took: 0.0154521 seconds
2018-08-09T19:12:43.130+0800: 77522.142: Total time for which application threads were stopped: 0.0001733 seconds, Stopping threads took: 0.0000861 seconds
2018-08-09T19:13:50.555+0800: 77589.565: Total time for which application threads were stopped: 0.0158712 seconds, Stopping threads took: 0.0157560 seconds
2018-08-09T19:14:30.787+0800: 77629.795: Total time for which application threads were stopped: 0.0001705 seconds, Stopping threads took: 0.0000388 seconds
2018-08-09T19:14:59.173+0800: 77658.194: Total time for which application threads were stopped: 0.0003278 seconds, Stopping threads took: 0.0000348 seconds
2018-08-09T19:15:00.191+0800: 77659.227: Total time for which application threads were stopped: 0.0001591 seconds, Stopping threads took: 0.0000730 seconds
2018-08-09T19:15:17.326+0800: 77676.332: Total time for which application threads were stopped: 0.0001961 seconds, Stopping threads took: 0.0000502 seconds
2018-08-09T19:15:39.440+0800: 77698.475: Total time for which application threads were stopped: 0.0001271 seconds, Stopping threads took: 0.0000319 seconds
2018-08-09T19:17:46.412+0800: 77825.415: Total time for which application threads were stopped: 0.0008307 seconds, Stopping threads took: 0.0007338 seconds
{Heap before GC invocations=67 (full 2):
 par new generation   total 109248K, used 97851K [0x00000000e0000000, 0x00000000e8000000, 0x00000000e8000000)
  eden space 87424K, 100% used [0x00000000e0000000, 0x00000000e5560000, 0x00000000e5560000)
  from space 21824K,  47% used [0x00000000e6ab0000, 0x00000000e74dedc0, 0x00000000e8000000)
  to   space 21824K,   0% used [0x00000000e5560000, 0x00000000e5560000, 0x00000000e6ab0000)
 concurrent mark-sweep generation total 393216K, used 68518K [0x00000000e8000000, 0x0000000100000000, 0x0000000100000000)
 Metaspace       used 42286K, capacity 43404K, committed 43636K, reserved 1087488K
  class space    used 4938K, capacity 5208K, committed 5244K, reserved 1048576K
2018-08-09T19:17:50.958+0800: 77829.973: [GC (Allocation Failure) 2018-08-09T19:17:50.958+0800: 77829.973: [ParNew
Desired survivor size 20112992 bytes, new threshold 8 (max 8)
- age   1:    3589024 bytes,    3589024 total
- age   2:    3240432 bytes,    6829456 total
- age   3:     194816 bytes,    7024272 total
- age   4:       2896 bytes,    7027168 total
- age   5:     156048 bytes,    7183216 total
- age   6:     246152 bytes,    7429368 total
- age   7:     286864 bytes,    7716232 total
- age   8:     313504 bytes,    8029736 total
: 97851K->11486K(109248K), 0.9523995 secs] 166369K->82391K(502464K), 0.9524896 secs] [Times: user=0.28 sys=0.00, real=0.96 secs] 
Heap after GC invocations=68 (full 2):
 par new generation   total 109248K, used 11486K [0x00000000e0000000, 0x00000000e8000000, 0x00000000e8000000)
  eden space 87424K,   0% used [0x00000000e0000000, 0x00000000e0000000, 0x00000000e5560000)
  from space 21824K,  52% used [0x00000000e5560000, 0x00000000e6097b30, 0x00000000e6ab0000)
  to   space 21824K,   0% used [0x00000000e6ab0000, 0x00000000e6ab0000, 0x00000000e8000000)
 concurrent mark-sweep generation total 393216K, used 70905K [0x00000000e8000000, 0x0000000100000000, 0x0000000100000000)
 Metaspace       used 42286K, capacity 43404K, committed 43636K, reserved 1087488K
  class space    used 4938K, capacity 5208K, committed 5244K, reserved 1048576K
}
2018-08-09T19:17:51.916+0800: 77830.925: Total time for which application threads were stopped: 0.9720720 seconds, Stopping threads took: 0.0100201 seconds
2018-08-09T19:17:51.964+0800: 77830.979: Total time for which application threads were stopped: 0.0001579 seconds, Stopping threads took: 0.0000314 seconds
2018-08-09T19:17:52.979+0800: 77831.981: Total time for which application threads were stopped: 0.0001653 seconds, Stopping threads took: 0.0000388 seconds
2018-08-09T19:18:54.439+0800: 77893.447: Total time for which application threads were stopped: 0.0241210 seconds, Stopping threads took: 0.0156808 seconds
2018-08-09T19:18:55.442+0800: 77894.441: Total time for which application threads were stopped: 0.0001916 seconds, Stopping threads took: 0.0000496 seconds
2018-08-09T19:18:56.427+0800: 77895.456: Total time for which application threads were stopped: 0.0001659 seconds, Stopping threads took: 0.0000872 seconds
2018-08-09T19:19:17.639+0800: 77916.644: Total time for which application threads were stopped: 0.0128641 seconds, Stopping threads took: 0.0127296 seconds
2018-08-09T19:20:02.986+0800: 77961.984: Total time for which application threads were stopped: 0.0001916 seconds, Stopping threads took: 0.0000661 seconds
2018-08-09T19:20:42.227+0800: 78001.223: Total time for which application threads were stopped: 0.0001408 seconds, Stopping threads took: 0.0000359 seconds
2018-08-09T19:21:17.397+0800: 78036.421: Total time for which application threads were stopped: 0.0001066 seconds, Stopping threads took: 0.0000274 seconds
2018-08-09T19:21:31.484+0800: 78050.479: Total time for which application threads were stopped: 0.0177841 seconds, Stopping threads took: 0.0176325 seconds
2018-08-09T19:21:32.456+0800: 78051.480: Total time for which application threads were stopped: 0.0001363 seconds, Stopping threads took: 0.0000371 seconds
2018-08-09T19:21:50.511+0800: 78069.535: Total time for which application threads were stopped: 0.0003239 seconds, Stopping threads took: 0.0001528 seconds
2018-08-09T19:22:05.566+0800: 78084.590: Total time for which application threads were stopped: 0.0003569 seconds, Stopping threads took: 0.0001009 seconds
2018-08-09T19:22:30.759+0800: 78109.752: Total time for which application threads were stopped: 0.0001180 seconds, Stopping threads took: 0.0000279 seconds
2018-08-09T19:23:37.137+0800: 78176.128: Total time for which application threads were stopped: 0.0001095 seconds, Stopping threads took: 0.0000262 seconds
2018-08-09T19:24:04.669+0800: 78203.660: Total time for which application threads were stopped: 0.0001785 seconds, Stopping threads took: 0.0000393 seconds
2018-08-09T19:24:46.836+0800: 78245.853: Total time for which application threads were stopped: 0.0001653 seconds, Stopping threads took: 0.0000832 seconds
2018-08-09T19:25:27.909+0800: 78286.924: Total time for which application threads were stopped: 0.0001311 seconds, Stopping threads took: 0.0000428 seconds
2018-08-09T19:26:32.200+0800: 78351.212: Total time for which application threads were stopped: 0.0001300 seconds, Stopping threads took: 0.0000291 seconds
2018-08-09T19:26:33.230+0800: 78352.212: Total time for which application threads were stopped: 0.0001095 seconds, Stopping threads took: 0.0000285 seconds
2018-08-09T19:26:49.465+0800: 78368.477: Total time for which application threads were stopped: 0.0258811 seconds, Stopping threads took: 0.0255647 seconds
2018-08-09T19:26:57.506+0800: 78376.516: Total time for which application threads were stopped: 0.0001482 seconds, Stopping threads took: 0.0000285 seconds
2018-08-09T19:26:59.507+0800: 78378.518: Total time for which application threads were stopped: 0.0001431 seconds, Stopping threads took: 0.0000570 seconds
2018-08-09T19:27:05.531+0800: 78384.542: Total time for which application threads were stopped: 0.0001357 seconds, Stopping threads took: 0.0000587 seconds
2018-08-09T19:27:27.701+0800: 78406.681: Total time for which application threads were stopped: 0.0001762 seconds, Stopping threads took: 0.0000661 seconds
2018-08-09T19:28:14.845+0800: 78453.852: Total time for which application threads were stopped: 0.0001294 seconds, Stopping threads took: 0.0000291 seconds
2018-08-09T19:28:19.852+0800: 78458.859: Total time for which application threads were stopped: 0.0001705 seconds, Stopping threads took: 0.0000445 seconds
2018-08-09T19:29:14.143+0800: 78513.118: Total time for which application threads were stopped: 0.0001779 seconds, Stopping threads took: 0.0000302 seconds
2018-08-09T19:29:23.147+0800: 78522.151: Total time for which application threads were stopped: 0.0001425 seconds, Stopping threads took: 0.0000661 seconds
2018-08-09T19:29:28.193+0800: 78527.167: Total time for which application threads were stopped: 0.0001739 seconds, Stopping threads took: 0.0000718 seconds
2018-08-09T19:30:05.339+0800: 78564.312: Total time for which application threads were stopped: 0.0002001 seconds, Stopping threads took: 0.0000935 seconds
2018-08-09T19:30:30.432+0800: 78589.434: Total time for which application threads were stopped: 0.0001471 seconds, Stopping threads took: 0.0000582 seconds
2018-08-09T19:30:40.523+0800: 78599.495: Total time for which application threads were stopped: 0.0001346 seconds, Stopping threads took: 0.0000342 seconds
2018-08-09T19:32:02.693+0800: 78681.675: Total time for which application threads were stopped: 0.0001328 seconds, Stopping threads took: 0.0000279 seconds
2018-08-09T19:32:02.693+0800: 78681.675: Total time for which application threads were stopped: 0.0000730 seconds, Stopping threads took: 0.0000143 seconds
2018-08-09T19:32:02.693+0800: 78681.676: Total time for which application threads were stopped: 0.0000741 seconds, Stopping threads took: 0.0000177 seconds
2018-08-09T19:32:02.693+0800: 78681.676: Total time for which application threads were stopped: 0.0000536 seconds, Stopping threads took: 0.0000125 seconds
2018-08-09T19:32:02.693+0800: 78681.676: Total time for which application threads were stopped: 0.0000559 seconds, Stopping threads took: 0.0000131 seconds
2018-08-09T19:32:25.779+0800: 78704.776: Total time for which application threads were stopped: 0.0001386 seconds, Stopping threads took: 0.0000513 seconds
2018-08-09T19:32:54.936+0800: 78733.902: Total time for which application threads were stopped: 0.0002132 seconds, Stopping threads took: 0.0000479 seconds
2018-08-09T19:33:25.292+0800: 78764.277: Total time for which application threads were stopped: 0.0002480 seconds, Stopping threads took: 0.0000285 seconds
2018-08-09T19:33:26.306+0800: 78765.286: Total time for which application threads were stopped: 0.0001220 seconds, Stopping threads took: 0.0000279 seconds
2018-08-09T19:33:32.345+0800: 78771.310: Total time for which application threads were stopped: 0.0002292 seconds, Stopping threads took: 0.0001408 seconds
2018-08-09T19:34:02.477+0800: 78801.441: Total time for which application threads were stopped: 0.0001083 seconds, Stopping threads took: 0.0000268 seconds
2018-08-09T19:34:13.508+0800: 78812.501: Total time for which application threads were stopped: 0.0002104 seconds, Stopping threads took: 0.0001106 seconds
2018-08-09T19:34:18.563+0800: 78817.526: Total time for which application threads were stopped: 0.0001414 seconds, Stopping threads took: 0.0000570 seconds
2018-08-09T19:34:24.536+0800: 78823.528: Total time for which application threads were stopped: 0.0001391 seconds, Stopping threads took: 0.0000336 seconds
2018-08-09T19:34:27.580+0800: 78826.542: Total time for which application threads were stopped: 0.0001038 seconds, Stopping threads took: 0.0000279 seconds
2018-08-09T19:34:58.251+0800: 78857.222: Total time for which application threads were stopped: 0.0001887 seconds, Stopping threads took: 0.0000405 seconds
2018-08-09T19:34:58.251+0800: 78857.222: Total time for which application threads were stopped: 0.0001363 seconds, Stopping threads took: 0.0000245 seconds
2018-08-09T19:34:58.251+0800: 78857.223: Total time for which application threads were stopped: 0.0001197 seconds, Stopping threads took: 0.0000314 seconds
2018-08-09T19:35:58.501+0800: 78917.489: Total time for which application threads were stopped: 0.0001414 seconds, Stopping threads took: 0.0000576 seconds
2018-08-09T19:36:30.721+0800: 78949.679: Total time for which application threads were stopped: 0.0001311 seconds, Stopping threads took: 0.0000296 seconds
2018-08-09T19:37:58.180+0800: 79037.135: Total time for which application threads were stopped: 0.0001927 seconds, Stopping threads took: 0.0001175 seconds
2018-08-09T19:38:53.484+0800: 79092.466: Total time for which application threads were stopped: 0.0001551 seconds, Stopping threads took: 0.0000718 seconds
2018-08-09T19:40:34.056+0800: 79193.033: Total time for which application threads were stopped: 0.0001431 seconds, Stopping threads took: 0.0000319 seconds
2018-08-09T19:41:00.188+0800: 79219.135: Total time for which application threads were stopped: 0.0002971 seconds, Stopping threads took: 0.0000296 seconds
2018-08-09T19:41:01.173+0800: 79220.150: Total time for which application threads were stopped: 0.0001266 seconds, Stopping threads took: 0.0000308 seconds
2018-08-09T19:41:59.406+0800: 79278.380: Total time for which application threads were stopped: 0.0001494 seconds, Stopping threads took: 0.0000736 seconds
2018-08-09T19:42:31.560+0800: 79310.533: Total time for which application threads were stopped: 0.0001386 seconds, Stopping threads took: 0.0000599 seconds
2018-08-09T19:42:48.140+0800: 79327.094: Total time for which application threads were stopped: 0.0002201 seconds, Stopping threads took: 0.0000285 seconds
2018-08-09T19:42:49.154+0800: 79328.097: Total time for which application threads were stopped: 0.0001140 seconds, Stopping threads took: 0.0000279 seconds
{Heap before GC invocations=68 (full 2):
 par new generation   total 109248K, used 98910K [0x00000000e0000000, 0x00000000e8000000, 0x00000000e8000000)
  eden space 87424K, 100% used [0x00000000e0000000, 0x00000000e5560000, 0x00000000e5560000)
  from space 21824K,  52% used [0x00000000e5560000, 0x00000000e6097b30, 0x00000000e6ab0000)
  to   space 21824K,   0% used [0x00000000e6ab0000, 0x00000000e6ab0000, 0x00000000e8000000)
 concurrent mark-sweep generation total 393216K, used 70905K [0x00000000e8000000, 0x0000000100000000, 0x0000000100000000)
 Metaspace       used 42584K, capacity 43678K, committed 43892K, reserved 1087488K
  class space    used 4947K, capacity 5211K, committed 5244K, reserved 1048576K
2018-08-09T19:43:00.659+0800: 79339.617: [GC (Allocation Failure) 2018-08-09T19:43:00.659+0800: 79339.617: [ParNew
Desired survivor size 20112992 bytes, new threshold 8 (max 8)
- age   1:    3049336 bytes,    3049336 total
- age   2:    3165008 bytes,    6214344 total
- age   3:    1155016 bytes,    7369360 total
- age   4:     194816 bytes,    7564176 total
- age   5:       2896 bytes,    7567072 total
- age   6:     156024 bytes,    7723096 total
- age   7:     246152 bytes,    7969248 total
- age   8:     286864 bytes,    8256112 total
: 98910K->10338K(109248K), 0.2409202 secs] 169815K->81549K(502464K), 0.2410234 secs] [Times: user=0.08 sys=0.00, real=0.24 secs] 
Heap after GC invocations=69 (full 2):
 par new generation   total 109248K, used 10338K [0x00000000e0000000, 0x00000000e8000000, 0x00000000e8000000)
  eden space 87424K,   0% used [0x00000000e0000000, 0x00000000e0000000, 0x00000000e5560000)
  from space 21824K,  47% used [0x00000000e6ab0000, 0x00000000e74c89c8, 0x00000000e8000000)
  to   space 21824K,   0% used [0x00000000e5560000, 0x00000000e5560000, 0x00000000e6ab0000)
 concurrent mark-sweep generation total 393216K, used 71211K [0x00000000e8000000, 0x0000000100000000, 0x0000000100000000)
 Metaspace       used 42584K, capacity 43678K, committed 43892K, reserved 1087488K
  class space    used 4947K, capacity 5211K, committed 5244K, reserved 1048576K
}
2018-08-09T19:43:00.900+0800: 79339.858: Total time for which application threads were stopped: 0.2412868 seconds, Stopping threads took: 0.0000359 seconds
2018-08-09T19:43:48.143+0800: 79387.084: Total time for which application threads were stopped: 0.0001859 seconds, Stopping threads took: 0.0000359 seconds
2018-08-09T20:05:47.247+0800: 80706.134: Total time for which application threads were stopped: 0.0001140 seconds, Stopping threads took: 0.0000308 seconds
2018-08-09T20:06:31.794+0800: 80750.693: Total time for which application threads were stopped: 0.0002925 seconds, Stopping threads took: 0.0000661 seconds
2018-08-09T20:06:52.985+0800: 80771.868: Total time for which application threads were stopped: 0.0001140 seconds, Stopping threads took: 0.0000279 seconds
2018-08-09T20:08:46.907+0800: 80885.785: Total time for which application threads were stopped: 0.0001773 seconds, Stopping threads took: 0.0000661 seconds
2018-08-09T20:09:25.090+0800: 80923.981: Total time for which application threads were stopped: 0.0002765 seconds, Stopping threads took: 0.0001796 seconds
2018-08-09T20:09:26.379+0800: 80925.258: Total time for which application threads were stopped: 0.0001323 seconds, Stopping threads took: 0.0000285 seconds
2018-08-09T20:09:27.386+0800: 80926.262: Total time for which application threads were stopped: 0.0001140 seconds, Stopping threads took: 0.0000285 seconds
2018-08-09T20:10:19.726+0800: 80978.600: Total time for which application threads were stopped: 0.0001260 seconds, Stopping threads took: 0.0000262 seconds
2018-08-09T20:11:34.213+0800: 81053.099: Total time for which application threads were stopped: 0.0001163 seconds, Stopping threads took: 0.0000302 seconds
2018-08-09T20:11:46.252+0800: 81065.129: Total time for which application threads were stopped: 0.0007298 seconds, Stopping threads took: 0.0000359 seconds
2018-08-09T20:11:47.262+0800: 81066.133: Total time for which application threads were stopped: 0.0001454 seconds, Stopping threads took: 0.0000582 seconds
2018-08-09T20:11:59.339+0800: 81078.210: Total time for which application threads were stopped: 0.0001209 seconds, Stopping threads took: 0.0000314 seconds
2018-08-09T20:12:08.388+0800: 81087.258: Total time for which application threads were stopped: 0.0001437 seconds, Stopping threads took: 0.0000371 seconds
2018-08-09T20:27:48.298+0800: 82027.141: Total time for which application threads were stopped: 0.0158843 seconds, Stopping threads took: 0.0157253 seconds
2018-08-09T20:27:49.311+0800: 82028.154: Total time for which application threads were stopped: 0.0001807 seconds, Stopping threads took: 0.0000411 seconds
{Heap before GC invocations=69 (full 2):
 par new generation   total 109248K, used 97762K [0x00000000e0000000, 0x00000000e8000000, 0x00000000e8000000)
  eden space 87424K, 100% used [0x00000000e0000000, 0x00000000e5560000, 0x00000000e5560000)
  from space 21824K,  47% used [0x00000000e6ab0000, 0x00000000e74c89c8, 0x00000000e8000000)
  to   space 21824K,   0% used [0x00000000e5560000, 0x00000000e5560000, 0x00000000e6ab0000)
 concurrent mark-sweep generation total 393216K, used 71211K [0x00000000e8000000, 0x0000000100000000, 0x0000000100000000)
 Metaspace       used 42727K, capacity 43806K, committed 44148K, reserved 1087488K
  class space    used 4951K, capacity 5211K, committed 5244K, reserved 1048576K
2018-08-09T20:29:25.585+0800: 82124.448: [GC (Allocation Failure) 2018-08-09T20:29:25.585+0800: 82124.448: [ParNew
Desired survivor size 20112992 bytes, new threshold 8 (max 8)
- age   1:    1900248 bytes,    1900248 total
- age   2:    2525568 bytes,    4425816 total
- age   3:    2572304 bytes,    6998120 total
- age   4:     456648 bytes,    7454768 total
- age   5:     194816 bytes,    7649584 total
- age   6:       2896 bytes,    7652480 total
- age   7:     156024 bytes,    7808504 total
- age   8:     246152 bytes,    8054656 total
: 97762K->9549K(109248K), 0.5389844 secs] 168973K->81041K(502464K), 0.5391133 secs] [Times: user=0.16 sys=0.02, real=0.56 secs] 
Heap after GC invocations=70 (full 2):
 par new generation   total 109248K, used 9549K [0x00000000e0000000, 0x00000000e8000000, 0x00000000e8000000)
  eden space 87424K,   0% used [0x00000000e0000000, 0x00000000e0000000, 0x00000000e5560000)
  from space 21824K,  43% used [0x00000000e5560000, 0x00000000e5eb3710, 0x00000000e6ab0000)
  to   space 21824K,   0% used [0x00000000e6ab0000, 0x00000000e6ab0000, 0x00000000e8000000)
 concurrent mark-sweep generation total 393216K, used 71491K [0x00000000e8000000, 0x0000000100000000, 0x0000000100000000)
 Metaspace       used 42727K, capacity 43806K, committed 44148K, reserved 1087488K
  class space    used 4951K, capacity 5211K, committed 5244K, reserved 1048576K
}
2018-08-09T20:29:26.146+0800: 82124.987: Total time for which application threads were stopped: 0.5723199 seconds, Stopping threads took: 0.0000479 seconds
2018-08-09T20:30:16.500+0800: 82175.343: Total time for which application threads were stopped: 0.0001659 seconds, Stopping threads took: 0.0000331 seconds
2018-08-09T20:30:44.652+0800: 82203.490: Total time for which application threads were stopped: 0.0002110 seconds, Stopping threads took: 0.0000416 seconds
{Heap before GC invocations=70 (full 2):
 par new generation   total 109248K, used 96973K [0x00000000e0000000, 0x00000000e8000000, 0x00000000e8000000)
  eden space 87424K, 100% used [0x00000000e0000000, 0x00000000e5560000, 0x00000000e5560000)
  from space 21824K,  43% used [0x00000000e5560000, 0x00000000e5eb3710, 0x00000000e6ab0000)
  to   space 21824K,   0% used [0x00000000e6ab0000, 0x00000000e6ab0000, 0x00000000e8000000)
 concurrent mark-sweep generation total 393216K, used 71491K [0x00000000e8000000, 0x0000000100000000, 0x0000000100000000)
 Metaspace       used 42775K, capacity 43902K, committed 44148K, reserved 1087488K
  class space    used 4953K, capacity 5243K, committed 5244K, reserved 1048576K
2018-08-09T20:31:35.655+0800: 82254.504: [GC (Allocation Failure) 2018-08-09T20:31:35.655+0800: 82254.504: [ParNew
Desired survivor size 20112992 bytes, new threshold 8 (max 8)
- age   1:     163240 bytes,     163240 total
- age   2:    1716336 bytes,    1879576 total
- age   3:    2525528 bytes,    4405104 total
- age   4:    2572304 bytes,    6977408 total
- age   5:     456600 bytes,    7434008 total
- age   6:     194816 bytes,    7628824 total
- age   7:       2896 bytes,    7631720 total
- age   8:     156024 bytes,    7787744 total
: 96973K->9353K(109248K), 0.2287956 secs] 168465K->81085K(502464K), 0.2288891 secs] [Times: user=0.06 sys=0.00, real=0.23 secs] 
Heap after GC invocations=71 (full 2):
 par new generation   total 109248K, used 9353K [0x00000000e0000000, 0x00000000e8000000, 0x00000000e8000000)
  eden space 87424K,   0% used [0x00000000e0000000, 0x00000000e0000000, 0x00000000e5560000)
  from space 21824K,  42% used [0x00000000e6ab0000, 0x00000000e73d26b0, 0x00000000e8000000)
  to   space 21824K,   0% used [0x00000000e5560000, 0x00000000e5560000, 0x00000000e6ab0000)
 concurrent mark-sweep generation total 393216K, used 71731K [0x00000000e8000000, 0x0000000100000000, 0x0000000100000000)
 Metaspace       used 42775K, capacity 43902K, committed 44148K, reserved 1087488K
  class space    used 4953K, capacity 5243K, committed 5244K, reserved 1048576K
}
2018-08-09T20:31:35.889+0800: 82254.733: Total time for which application threads were stopped: 0.2291770 seconds, Stopping threads took: 0.0000405 seconds
2018-08-09T20:31:36.892+0800: 82255.729: Total time for which application threads were stopped: 0.0001328 seconds, Stopping threads took: 0.0000331 seconds
2018-08-09T20:32:01.008+0800: 82279.844: Total time for which application threads were stopped: 0.0001089 seconds, Stopping threads took: 0.0000279 seconds
2018-08-09T20:33:30.272+0800: 82369.119: Total time for which application threads were stopped: 0.0003792 seconds, Stopping threads took: 0.0000376 seconds
2018-08-09T20:33:31.277+0800: 82370.111: Total time for which application threads were stopped: 0.0001180 seconds, Stopping threads took: 0.0000365 seconds
2018-08-09T20:35:14.967+0800: 82473.798: Total time for which application threads were stopped: 0.0001414 seconds, Stopping threads took: 0.0000376 seconds
2018-08-09T21:01:46.426+0800: 84065.211: Total time for which application threads were stopped: 0.0158074 seconds, Stopping threads took: 0.0156563 seconds
2018-08-09T21:01:47.440+0800: 84066.228: Total time for which application threads were stopped: 0.0035738 seconds, Stopping threads took: 0.0034683 seconds
2018-08-09T21:01:48.485+0800: 84067.280: Total time for which application threads were stopped: 0.0417694 seconds, Stopping threads took: 0.0159773 seconds
2018-08-09T21:01:49.546+0800: 84068.337: Total time for which application threads were stopped: 0.0534830 seconds, Stopping threads took: 0.0156888 seconds
2018-08-09T21:01:50.576+0800: 84069.363: Total time for which application threads were stopped: 0.0184467 seconds, Stopping threads took: 0.0156238 seconds
{Heap before GC invocations=71 (full 2):
 par new generation   total 109248K, used 96777K [0x00000000e0000000, 0x00000000e8000000, 0x00000000e8000000)
  eden space 87424K, 100% used [0x00000000e0000000, 0x00000000e5560000, 0x00000000e5560000)
  from space 21824K,  42% used [0x00000000e6ab0000, 0x00000000e73d26b0, 0x00000000e8000000)
  to   space 21824K,   0% used [0x00000000e5560000, 0x00000000e5560000, 0x00000000e6ab0000)
 concurrent mark-sweep generation total 393216K, used 71731K [0x00000000e8000000, 0x0000000100000000, 0x0000000100000000)
 Metaspace       used 43235K, capacity 44360K, committed 44788K, reserved 1089536K
  class space    used 5017K, capacity 5286K, committed 5372K, reserved 1048576K
2018-08-09T21:01:51.481+0800: 84070.269: [GC (Allocation Failure) 2018-08-09T21:01:51.481+0800: 84070.269: [ParNew
Desired survivor size 20112992 bytes, new threshold 8 (max 8)
- age   1:    1057504 bytes,    1057504 total
- age   2:      12344 bytes,    1069848 total
- age   3:    1690768 bytes,    2760616 total
- age   4:    2342424 bytes,    5103040 total
- age   5:    2542112 bytes,    7645152 total
- age   6:     456056 bytes,    8101208 total
- age   7:     194816 bytes,    8296024 total
- age   8:       2896 bytes,    8298920 total
: 96777K->9748K(109248K), 0.4809247 secs] 168509K->81634K(502464K), 0.4810319 secs] [Times: user=0.13 sys=0.03, real=0.48 secs] 
Heap after GC invocations=72 (full 2):
 par new generation   total 109248K, used 9748K [0x00000000e0000000, 0x00000000e8000000, 0x00000000e8000000)
  eden space 87424K,   0% used [0x00000000e0000000, 0x00000000e0000000, 0x00000000e5560000)
  from space 21824K,  44% used [0x00000000e5560000, 0x00000000e5ee52f8, 0x00000000e6ab0000)
  to   space 21824K,   0% used [0x00000000e6ab0000, 0x00000000e6ab0000, 0x00000000e8000000)
 concurrent mark-sweep generation total 393216K, used 71885K [0x00000000e8000000, 0x0000000100000000, 0x0000000100000000)
 Metaspace       used 43235K, capacity 44360K, committed 44788K, reserved 1089536K
  class space    used 5017K, capacity 5286K, committed 5372K, reserved 1048576K
}
2018-08-09T21:01:51.964+0800: 84070.750: Total time for which application threads were stopped: 0.4909568 seconds, Stopping threads took: 0.0000348 seconds
2018-08-09T21:01:52.900+0800: 84071.694: Total time for which application threads were stopped: 0.0001289 seconds, Stopping threads took: 0.0000239 seconds
2018-08-09T21:01:53.901+0800: 84072.685: Total time for which application threads were stopped: 0.0002041 seconds, Stopping threads took: 0.0000296 seconds
2018-08-09T21:02:11.558+0800: 84090.345: Total time for which application threads were stopped: 0.0799804 seconds, Stopping threads took: 0.0000302 seconds
2018-08-09T21:02:11.573+0800: 84090.365: Total time for which application threads were stopped: 0.0083438 seconds, Stopping threads took: 0.0000274 seconds
2018-08-09T21:02:11.729+0800: 84090.521: Total time for which application threads were stopped: 0.0252858 seconds, Stopping threads took: 0.0000257 seconds
2018-08-09T21:02:11.792+0800: 84090.586: Total time for which application threads were stopped: 0.0077081 seconds, Stopping threads took: 0.0000262 seconds
2018-08-09T21:02:11.963+0800: 84090.758: Total time for which application threads were stopped: 0.0001346 seconds, Stopping threads took: 0.0000331 seconds
2018-08-09T21:02:12.119+0800: 84090.908: Total time for which application threads were stopped: 0.0001374 seconds, Stopping threads took: 0.0000342 seconds
2018-08-09T21:02:12.369+0800: 84091.163: Total time for which application threads were stopped: 0.0002041 seconds, Stopping threads took: 0.0000895 seconds
2018-08-09T21:02:12.478+0800: 84091.275: Total time for which application threads were stopped: 0.0123573 seconds, Stopping threads took: 0.0000336 seconds
2018-08-09T21:02:12.588+0800: 84091.385: Total time for which application threads were stopped: 0.0001380 seconds, Stopping threads took: 0.0000365 seconds
2018-08-09T21:02:12.588+0800: 84091.385: Total time for which application threads were stopped: 0.0000724 seconds, Stopping threads took: 0.0000239 seconds
2018-08-09T21:02:12.604+0800: 84091.396: Total time for which application threads were stopped: 0.0001106 seconds, Stopping threads took: 0.0000314 seconds
2018-08-09T21:02:12.635+0800: 84091.430: Total time for which application threads were stopped: 0.0001192 seconds, Stopping threads took: 0.0000342 seconds
2018-08-09T21:02:12.651+0800: 84091.438: Total time for which application threads were stopped: 0.0001443 seconds, Stopping threads took: 0.0000274 seconds
2018-08-09T21:02:12.698+0800: 84091.482: Total time for which application threads were stopped: 0.0001346 seconds, Stopping threads took: 0.0000354 seconds
2018-08-09T21:02:13.103+0800: 84091.893: Total time for which application threads were stopped: 0.0117597 seconds, Stopping threads took: 0.0000325 seconds
2018-08-09T21:02:13.103+0800: 84091.893: Total time for which application threads were stopped: 0.0001460 seconds, Stopping threads took: 0.0000456 seconds
2018-08-09T21:02:13.259+0800: 84092.049: Total time for which application threads were stopped: 0.0001374 seconds, Stopping threads took: 0.0000257 seconds
2018-08-09T21:02:13.259+0800: 84092.055: Total time for which application threads were stopped: 0.0000627 seconds, Stopping threads took: 0.0000148 seconds
2018-08-09T21:02:13.805+0800: 84092.597: Total time for which application threads were stopped: 0.0001300 seconds, Stopping threads took: 0.0000348 seconds
2018-08-09T21:02:13.805+0800: 84092.597: Total time for which application threads were stopped: 0.0000713 seconds, Stopping threads took: 0.0000239 seconds
2018-08-09T21:02:13.868+0800: 84092.666: Total time for which application threads were stopped: 0.0001061 seconds, Stopping threads took: 0.0000245 seconds
2018-08-09T21:02:13.868+0800: 84092.667: Total time for which application threads were stopped: 0.0000610 seconds, Stopping threads took: 0.0000143 seconds
2018-08-09T21:02:14.024+0800: 84092.818: Total time for which application threads were stopped: 0.0001328 seconds, Stopping threads took: 0.0000325 seconds
2018-08-09T21:02:14.133+0800: 84092.928: Total time for which application threads were stopped: 0.0001294 seconds, Stopping threads took: 0.0000325 seconds
2018-08-09T21:02:14.148+0800: 84092.941: Total time for which application threads were stopped: 0.0129314 seconds, Stopping threads took: 0.0000239 seconds
2018-08-09T21:02:14.180+0800: 84092.964: Total time for which application threads were stopped: 0.0222383 seconds, Stopping threads took: 0.0221454 seconds
2018-08-09T21:02:14.195+0800: 84092.979: Total time for which application threads were stopped: 0.0149128 seconds, Stopping threads took: 0.0148010 seconds
2018-08-09T21:02:15.196+0800: 84093.979: Total time for which application threads were stopped: 0.0001192 seconds, Stopping threads took: 0.0000296 seconds
2018-08-09T21:02:56.586+0800: 84135.398: Total time for which application threads were stopped: 0.0061955 seconds, Stopping threads took: 0.0060563 seconds
2018-08-09T21:02:58.587+0800: 84137.399: Total time for which application threads were stopped: 0.0001921 seconds, Stopping threads took: 0.0000810 seconds
2018-08-09T21:02:58.956+0800: 84137.768: Total time for which application threads were stopped: 0.0572312 seconds, Stopping threads took: 0.0570784 seconds
2018-08-09T21:02:59.401+0800: 84138.212: Total time for which application threads were stopped: 0.0083758 seconds, Stopping threads took: 0.0074219 seconds
2018-08-09T21:02:59.889+0800: 84138.701: Total time for which application threads were stopped: 0.0007344 seconds, Stopping threads took: 0.0000245 seconds
2018-08-09T21:03:00.703+0800: 84139.515: Total time for which application threads were stopped: 0.0323388 seconds, Stopping threads took: 0.0321632 seconds
2018-08-09T21:03:00.703+0800: 84139.515: Total time for which application threads were stopped: 0.0000929 seconds, Stopping threads took: 0.0000239 seconds
2018-08-09T21:03:00.739+0800: 84139.551: Total time for which application threads were stopped: 0.0360803 seconds, Stopping threads took: 0.0359366 seconds
2018-08-09T21:03:00.752+0800: 84139.564: Total time for which application threads were stopped: 0.0062297 seconds, Stopping threads took: 0.0061208 seconds
2018-08-09T21:03:00.757+0800: 84139.569: Total time for which application threads were stopped: 0.0044228 seconds, Stopping threads took: 0.0043384 seconds
2018-08-09T21:03:00.761+0800: 84139.573: Total time for which application threads were stopped: 0.0027311 seconds, Stopping threads took: 0.0025241 seconds
2018-08-09T21:03:01.089+0800: 84139.901: Total time for which application threads were stopped: 0.0001118 seconds, Stopping threads took: 0.0000245 seconds
2018-08-09T21:03:01.089+0800: 84139.901: Total time for which application threads were stopped: 0.0000787 seconds, Stopping threads took: 0.0000262 seconds
2018-08-09T21:03:01.090+0800: 84139.902: Total time for which application threads were stopped: 0.0000587 seconds, Stopping threads took: 0.0000120 seconds
2018-08-09T21:03:01.090+0800: 84139.902: Total time for which application threads were stopped: 0.0000690 seconds, Stopping threads took: 0.0000245 seconds
2018-08-09T21:03:01.090+0800: 84139.902: Total time for which application threads were stopped: 0.0000684 seconds, Stopping threads took: 0.0000251 seconds
2018-08-09T21:03:01.090+0800: 84139.902: Total time for which application threads were stopped: 0.0000679 seconds, Stopping threads took: 0.0000245 seconds
2018-08-09T21:03:01.090+0800: 84139.902: Total time for which application threads were stopped: 0.0000536 seconds, Stopping threads took: 0.0000131 seconds
2018-08-09T21:03:01.090+0800: 84139.902: Total time for which application threads were stopped: 0.0001197 seconds, Stopping threads took: 0.0000530 seconds
2018-08-09T21:03:06.881+0800: 84145.692: Total time for which application threads were stopped: 0.0001175 seconds, Stopping threads took: 0.0000234 seconds
2018-08-09T21:03:06.941+0800: 84145.736: Total time for which application threads were stopped: 0.0001300 seconds, Stopping threads took: 0.0000348 seconds
2018-08-09T21:03:07.912+0800: 84146.723: Total time for which application threads were stopped: 0.0003797 seconds, Stopping threads took: 0.0001015 seconds
2018-08-09T21:03:56.574+0800: 84195.361: Total time for which application threads were stopped: 0.0069093 seconds, Stopping threads took: 0.0000268 seconds
2018-08-09T21:03:56.606+0800: 84195.397: Total time for which application threads were stopped: 0.0123316 seconds, Stopping threads took: 0.0122085 seconds
2018-08-09T21:03:56.606+0800: 84195.398: Total time for which application threads were stopped: 0.0001693 seconds, Stopping threads took: 0.0000621 seconds
2018-08-09T21:03:56.606+0800: 84195.399: Total time for which application threads were stopped: 0.0001602 seconds, Stopping threads took: 0.0000901 seconds
2018-08-09T21:03:57.167+0800: 84195.948: Total time for which application threads were stopped: 0.0001819 seconds, Stopping threads took: 0.0000348 seconds
2018-08-09T21:03:57.167+0800: 84195.949: Total time for which application threads were stopped: 0.0001642 seconds, Stopping threads took: 0.0000815 seconds
2018-08-09T21:03:57.167+0800: 84195.949: Total time for which application threads were stopped: 0.0000969 seconds, Stopping threads took: 0.0000314 seconds
2018-08-09T21:03:57.167+0800: 84195.950: Total time for which application threads were stopped: 0.0001534 seconds, Stopping threads took: 0.0000821 seconds
2018-08-09T21:03:57.167+0800: 84195.950: Total time for which application threads were stopped: 0.0000701 seconds, Stopping threads took: 0.0000120 seconds
2018-08-09T21:04:24.310+0800: 84223.095: Total time for which application threads were stopped: 0.0155514 seconds, Stopping threads took: 0.0153849 seconds
2018-08-09T21:04:24.310+0800: 84223.097: Total time for which application threads were stopped: 0.0001557 seconds, Stopping threads took: 0.0000445 seconds
2018-08-09T21:04:24.310+0800: 84223.097: Total time for which application threads were stopped: 0.0000781 seconds, Stopping threads took: 0.0000131 seconds
2018-08-09T21:04:24.310+0800: 84223.099: Total time for which application threads were stopped: 0.0001220 seconds, Stopping threads took: 0.0000239 seconds
2018-08-09T21:04:24.809+0800: 84223.604: Total time for which application threads were stopped: 0.0001403 seconds, Stopping threads took: 0.0000445 seconds
2018-08-09T21:04:24.825+0800: 84223.604: Total time for which application threads were stopped: 0.0001346 seconds, Stopping threads took: 0.0000257 seconds
2018-08-09T21:04:24.825+0800: 84223.604: Total time for which application threads were stopped: 0.0000758 seconds, Stopping threads took: 0.0000205 seconds
2018-08-09T21:04:24.825+0800: 84223.605: Total time for which application threads were stopped: 0.0001254 seconds, Stopping threads took: 0.0000456 seconds
2018-08-09T21:04:24.825+0800: 84223.605: Total time for which application threads were stopped: 0.0000747 seconds, Stopping threads took: 0.0000143 seconds
2018-08-09T21:04:24.825+0800: 84223.606: Total time for which application threads were stopped: 0.0000587 seconds, Stopping threads took: 0.0000097 seconds
2018-08-09T21:04:24.825+0800: 84223.606: Total time for which application threads were stopped: 0.0000485 seconds, Stopping threads took: 0.0000086 seconds
2018-08-09T21:04:24.825+0800: 84223.606: Total time for which application threads were stopped: 0.0000456 seconds, Stopping threads took: 0.0000080 seconds
2018-08-09T21:04:25.840+0800: 84224.619: Total time for which application threads were stopped: 0.0002258 seconds, Stopping threads took: 0.0000291 seconds
2018-08-09T21:06:26.917+0800: 84345.707: Total time for which application threads were stopped: 0.0001277 seconds, Stopping threads took: 0.0000245 seconds
2018-08-09T21:06:26.917+0800: 84345.709: Total time for which application threads were stopped: 0.0000935 seconds, Stopping threads took: 0.0000160 seconds
2018-08-09T21:06:26.917+0800: 84345.709: Total time for which application threads were stopped: 0.0000690 seconds, Stopping threads took: 0.0000125 seconds
2018-08-09T21:06:26.933+0800: 84345.711: Total time for which application threads were stopped: 0.0001317 seconds, Stopping threads took: 0.0000411 seconds
2018-08-09T21:06:28.134+0800: 84346.910: Total time for which application threads were stopped: 0.0110613 seconds, Stopping threads took: 0.0108554 seconds
2018-08-09T21:06:28.165+0800: 84346.952: Total time for which application threads were stopped: 0.0415305 seconds, Stopping threads took: 0.0414125 seconds
2018-08-09T21:06:28.165+0800: 84346.953: Total time for which application threads were stopped: 0.0001836 seconds, Stopping threads took: 0.0001003 seconds
2018-08-09T21:06:28.165+0800: 84346.953: Total time for which application threads were stopped: 0.0001078 seconds, Stopping threads took: 0.0000302 seconds
2018-08-09T21:06:28.165+0800: 84346.954: Total time for which application threads were stopped: 0.0000924 seconds, Stopping threads took: 0.0000296 seconds
2018-08-09T21:06:28.165+0800: 84346.954: Total time for which application threads were stopped: 0.0002127 seconds, Stopping threads took: 0.0001294 seconds
2018-08-09T21:06:28.165+0800: 84346.954: Total time for which application threads were stopped: 0.0001562 seconds, Stopping threads took: 0.0000981 seconds
2018-08-09T21:09:57.550+0800: 84556.328: Total time for which application threads were stopped: 0.0001454 seconds, Stopping threads took: 0.0000325 seconds
2018-08-09T21:09:57.565+0800: 84556.329: Total time for which application threads were stopped: 0.0001072 seconds, Stopping threads took: 0.0000217 seconds
2018-08-09T21:09:57.565+0800: 84556.330: Total time for which application threads were stopped: 0.0000730 seconds, Stopping threads took: 0.0000120 seconds
2018-08-09T21:09:57.565+0800: 84556.331: Total time for which application threads were stopped: 0.0000815 seconds, Stopping threads took: 0.0000177 seconds
2018-08-09T21:09:58.049+0800: 84556.819: Total time for which application threads were stopped: 0.0001249 seconds, Stopping threads took: 0.0000245 seconds
2018-08-09T21:09:58.065+0800: 84556.843: Total time for which application threads were stopped: 0.0001562 seconds, Stopping threads took: 0.0000564 seconds
2018-08-09T21:09:58.112+0800: 84556.879: Total time for which application threads were stopped: 0.0359024 seconds, Stopping threads took: 0.0000770 seconds
2018-08-09T21:09:58.112+0800: 84556.879: Total time for which application threads were stopped: 0.0001482 seconds, Stopping threads took: 0.0000576 seconds
2018-08-09T21:09:59.127+0800: 84557.890: Total time for which application threads were stopped: 0.0001095 seconds, Stopping threads took: 0.0000285 seconds
2018-08-09T21:10:05.128+0800: 84563.920: Total time for which application threads were stopped: 0.0001192 seconds, Stopping threads took: 0.0000291 seconds
2018-08-09T21:11:48.668+0800: 84667.422: Total time for which application threads were stopped: 0.0160485 seconds, Stopping threads took: 0.0157418 seconds
2018-08-09T21:11:48.668+0800: 84667.424: Total time for which application threads were stopped: 0.0001340 seconds, Stopping threads took: 0.0000314 seconds
2018-08-09T21:11:48.668+0800: 84667.424: Total time for which application threads were stopped: 0.0000747 seconds, Stopping threads took: 0.0000131 seconds
2018-08-09T21:11:48.668+0800: 84667.433: Total time for which application threads were stopped: 0.0075935 seconds, Stopping threads took: 0.0075046 seconds
2018-08-09T21:11:49.339+0800: 84668.106: Total time for which application